212.147.290.321 - - [24/Mar/2022:12:41:28 +0100] "GET /teaching/nswi177/get/ HTTP/1.1" 200 7229 "-" "Mozilla/5.0 (Windows NT 10.0; Win64; x64) AppleWebKit/537.36 (KHTML, like Gecko) Chrome/99.0.4844.82 Safari/537.36"
111.147.146.175 - - [24/Mar/2022:12:45:41 +0100] "GET /teaching/nswi177/labs/ HTTP/1.1" 200 9531 "-" "Mozilla/5.0 (Windows NT 6.3; Win64; x64) AppleWebKit/537.36 (KHTML, like Gecko) Chrome/99.0.4844.82 Safari/537.36"
111.147.146.175 - - [24/Mar/2022:12:45:45 +0100] "GET /teaching/nswi177/labs/06/ HTTP/1.1" 200 4784 "-" "Mozilla/5.0 (Windows NT 6.3; Win64; x64) AppleWebKit/537.36 (KHTML, like Gecko) Chrome/99.0.4844.82 Safari/537.36"
111.147.146.175 - - [24/Mar/2022:12:45:46 +0100] "GET /teaching/nswi177/labs/05/ HTTP/1.1" 200 17463 "-" "Mozilla/5.0 (Windows NT 6.3; Win64; x64) AppleWebKit/537.36 (KHTML, like Gecko) Chrome/99.0.4844.82 Safari/537.36"
95.162.240.154 - - [24/Mar/2022:12:51:56 +0100] "GET /teaching/nswi177/ HTTP/1.1" 200 10487 "-" "Mozilla/5.0 (Windows NT 10.0; Win64; x64) AppleWebKit/537.36 (KHTML, like Gecko) Chrome/99.0.4844.82 Safari/537.36"
95.162.240.154 - - [24/Mar/2022:12:52:05 +0100] "GET /teaching/nswi177/labs/ HTTP/1.1" 200 9531 "-" "Mozilla/5.0 (Windows NT 10.0; Win64; x64) AppleWebKit/537.36 (KHTML, like Gecko) Chrome/99.0.4844.82 Safari/537.36"
95.162.240.154 - - [24/Mar/2022:12:52:07 +0100] "GET /teaching/nswi177/labs/07/ HTTP/1.1" 200 9908 "-" "Mozilla/5.0 (Windows NT 10.0; Win64; x64) AppleWebKit/537.36 (KHTML, like Gecko) Chrome/99.0.4844.82 Safari/537.36"
54.222.278.208 - - [24/Mar/2022:13:03:46 +0100] "GET /teaching/nswi177/labs/ HTTP/1.1" 200 9531 "-" "Mozilla/5.0 (Macintosh; Intel Mac OS X 10_15_7) AppleWebKit/605.1.15 (KHTML, like Gecko) Version/15.1 Safari/605.1.15"
212.147.70.246 - - [24/Mar/2022:13:14:22 +0100] "GET /teaching/nswi177/ HTTP/1.1" 200 10487 "-" "Mozilla/5.0 (X11; Linux x86_64) AppleWebKit/537.36 (KHTML, like Gecko) Chrome/99.0.4844.74 Safari/537.36"
212.147.65.111 - - [24/Mar/2022:13:16:37 +0100] "GET /teaching/nswi177/ HTTP/1.1" 200 10535 "-" "Mozilla/5.0 (Windows NT 10.0; Win64; x64) AppleWebKit/537.36 (KHTML, like Gecko) Chrome/99.0.4844.74 Safari/537.36 Edg/99.0.1150.46"
212.147.65.111 - - [24/Mar/2022:13:16:40 +0100] "GET /teaching/nswi177/labs/ HTTP/1.1" 200 2126 "-" "Mozilla/5.0 (Windows NT 10.0; Win64; x64) AppleWebKit/537.36 (KHTML, like Gecko) Chrome/99.0.4844.74 Safari/537.36 Edg/99.0.1150.46"
212.147.65.111 - - [24/Mar/2022:13:16:42 +0100] "GET /teaching/nswi177/labs/05/ HTTP/1.1" 200 17463 "-" "Mozilla/5.0 (Windows NT 10.0; Win64; x64) AppleWebKit/537.36 (KHTML, like Gecko) Chrome/99.0.4844.74 Safari/537.36 Edg/99.0.1150.46"
212.147.291.238 - - [24/Mar/2022:13:18:36 +0100] "GET /teaching/nswi177/ HTTP/1.1" 200 10487 "-" "Mozilla/5.0 (X11; Linux x86_64; rv:98.0) Gecko/20100101 Firefox/98.0"
212.147.65.111 - - [24/Mar/2022:13:19:12 +0100] "GET /teaching/nswi177/labs/06/ HTTP/1.1" 200 12237 "-" "Mozilla/5.0 (Windows NT 10.0; Win64; x64) AppleWebKit/537.36 (KHTML, like Gecko) Chrome/99.0.4844.74 Safari/537.36 Edg/99.0.1150.46"
212.147.291.238 - - [24/Mar/2022:13:20:49 +0100] "GET /teaching/nswi177/labs/ HTTP/1.1" 200 9531 "-" "Mozilla/5.0 (X11; Linux x86_64; rv:98.0) Gecko/20100101 Firefox/98.0"
212.147.291.238 - - [24/Mar/2022:13:20:52 +0100] "GET /teaching/nswi177/labs/07/ HTTP/1.1" 200 9908 "-" "Mozilla/5.0 (X11; Linux x86_64; rv:98.0) Gecko/20100101 Firefox/98.0"
212.147.291.238 - - [24/Mar/2022:13:21:05 +0100] "GET /teaching/nswi177/labs/05/ HTTP/1.1" 200 24868 "-" "Mozilla/5.0 (X11; Linux x86_64; rv:98.0) Gecko/20100101 Firefox/98.0"
83.283.115.156 - - [24/Mar/2022:13:22:55 +0100] "GET /teaching/nswi177/202021/labs/11/ HTTP/1.1" 200 22339 "-" "Mozilla/5.0 (compatible; Googlebot/2.1; +http://www.google.com/bot.html)"
95.162.240.154 - - [24/Mar/2022:13:24:06 +0100] "GET /teaching/nswi177/ HTTP/1.1" 200 3082 "-" "Mozilla/5.0 (X11; Ubuntu; Linux x86_64; rv:98.0) Gecko/20100101 Firefox/98.0"
95.162.240.154 - - [24/Mar/2022:13:24:10 +0100] "GET /teaching/nswi177/labs/ HTTP/1.1" 200 2126 "-" "Mozilla/5.0 (X11; Ubuntu; Linux x86_64; rv:98.0) Gecko/20100101 Firefox/98.0"
95.162.240.154 - - [24/Mar/2022:13:24:16 +0100] "GET /teaching/nswi177/labs/05/ HTTP/1.1" 200 17975 "-" "Mozilla/5.0 (X11; Ubuntu; Linux x86_64; rv:98.0) Gecko/20100101 Firefox/98.0"
212.147.70.246 - - [24/Mar/2022:13:26:08 +0100] "GET /teaching/nswi177/labs/ HTTP/1.1" 200 9531 "-" "Mozilla/5.0 (X11; Linux x86_64) AppleWebKit/537.36 (KHTML, like Gecko) Chrome/99.0.4844.74 Safari/537.36"
212.147.70.246 - - [24/Mar/2022:13:26:10 +0100] "GET /teaching/nswi177/labs/06/ HTTP/1.1" 200 4784 "-" "Mozilla/5.0 (X11; Linux x86_64) AppleWebKit/537.36 (KHTML, like Gecko) Chrome/99.0.4844.74 Safari/537.36"
212.147.70.246 - - [24/Mar/2022:13:26:21 +0100] "GET /teaching/nswi177/labs/05/ HTTP/1.1" 200 17463 "-" "Mozilla/5.0 (X11; Linux x86_64) AppleWebKit/537.36 (KHTML, like Gecko) Chrome/99.0.4844.74 Safari/537.36"
95.162.240.154 - - [24/Mar/2022:13:26:23 +0100] "GET /teaching/nswi177/ HTTP/1.1" 200 10537 "-" "Mozilla/5.0 (X11; Fedora; Linux x86_64) AppleWebKit/605.1.15 (KHTML, like Gecko) Version/15.0 Safari/605.1.15 Midori/6"
95.162.240.154 - - [24/Mar/2022:13:26:26 +0100] "GET /teaching/nswi177/labs/ HTTP/1.1" 200 2126 "-" "Mozilla/5.0 (X11; Fedora; Linux x86_64) AppleWebKit/605.1.15 (KHTML, like Gecko) Version/15.0 Safari/605.1.15 Midori/6"
95.162.240.154 - - [24/Mar/2022:13:26:31 +0100] "GET /teaching/nswi177/labs/06/ HTTP/1.1" 200 5346 "-" "Mozilla/5.0 (X11; Fedora; Linux x86_64) AppleWebKit/605.1.15 (KHTML, like Gecko) Version/15.0 Safari/605.1.15 Midori/6"
95.142.146.154 - - [24/Mar/2022:13:36:44 +0100] "GET /teaching/nswi177/ HTTP/1.1" 200 10487 "-" "Mozilla/5.0 (Windows NT 10.0; Win64; x64) AppleWebKit/537.36 (KHTML, like Gecko) Chrome/99.0.4844.82 Safari/537.36"
95.142.146.154 - - [24/Mar/2022:13:36:46 +0100] "GET /teaching/nswi177/labs/ HTTP/1.1" 200 2126 "-" "Mozilla/5.0 (Windows NT 10.0; Win64; x64) AppleWebKit/537.36 (KHTML, like Gecko) Chrome/99.0.4844.82 Safari/537.36"
95.142.146.154 - - [24/Mar/2022:13:36:50 +0100] "GET /teaching/nswi177/labs/07/ HTTP/1.1" 200 9908 "-" "Mozilla/5.0 (Windows NT 10.0; Win64; x64) AppleWebKit/537.36 (KHTML, like Gecko) Chrome/99.0.4844.82 Safari/537.36"
95.142.146.154 - - [24/Mar/2022:13:37:08 +0100] "GET /teaching/nswi177/labs/06/ HTTP/1.1" 200 12189 "-" "Mozilla/5.0 (Windows NT 10.0; Win64; x64) AppleWebKit/537.36 (KHTML, like Gecko) Chrome/99.0.4844.82 Safari/537.36"
202.258.161.153 - - [24/Mar/2022:13:37:10 +0100] "GET /teaching/nswi177/labs/05/ HTTP/1.1" 200 24868 "-" "Mozilla/5.0 (X11; Ubuntu; Linux x86_64; rv:98.0) Gecko/20100101 Firefox/98.0"
95.162.240.129 - - [24/Mar/2022:13:41:49 +0100] "GET /teaching/nswi177/ HTTP/1.1" 200 10487 "-" "Mozilla/5.0 (Windows NT 10.0; Win64; x64) AppleWebKit/537.36 (KHTML, like Gecko) Chrome/99.0.4844.82 Safari/537.36"
95.162.240.129 - - [24/Mar/2022:13:42:00 +0100] "GET /teaching/nswi177/labs/ HTTP/1.1" 200 9531 "-" "Mozilla/5.0 (Windows NT 10.0; Win64; x64) AppleWebKit/537.36 (KHTML, like Gecko) Chrome/99.0.4844.82 Safari/537.36"
212.147.70.246 - - [24/Mar/2022:13:42:52 +0100] "GET /teaching/nswi177/ HTTP/1.1" 200 10487 "-" "Mozilla/5.0 (X11; Linux x86_64) AppleWebKit/537.36 (KHTML, like Gecko) Chrome/99.0.4844.74 Safari/537.36"
212.147.70.246 - - [24/Mar/2022:13:42:54 +0100] "GET /teaching/nswi177/labs/ HTTP/1.1" 200 2126 "-" "Mozilla/5.0 (X11; Linux x86_64) AppleWebKit/537.36 (KHTML, like Gecko) Chrome/99.0.4844.74 Safari/537.36"
95.162.240.129 - - [24/Mar/2022:13:42:54 +0100] "GET /teaching/nswi177/labs/07/ HTTP/1.1" 200 17313 "-" "Mozilla/5.0 (Windows NT 10.0; Win64; x64) AppleWebKit/537.36 (KHTML, like Gecko) Chrome/99.0.4844.82 Safari/537.36"
212.147.70.246 - - [24/Mar/2022:13:42:57 +0100] "GET /teaching/nswi177/labs/05/ HTTP/1.1" 200 17463 "-" "Mozilla/5.0 (X11; Linux x86_64) AppleWebKit/537.36 (KHTML, like Gecko) Chrome/99.0.4844.74 Safari/537.36"
212.147.70.246 - - [24/Mar/2022:13:43:00 +0100] "GET /teaching/nswi177/labs/06/ HTTP/1.1" 200 4784 "-" "Mozilla/5.0 (X11; Linux x86_64) AppleWebKit/537.36 (KHTML, like Gecko) Chrome/99.0.4844.74 Safari/537.36"
95.162.240.129 - - [24/Mar/2022:13:43:22 +0100] "GET /teaching/nswi177/labs/06/ HTTP/1.1" 200 12189 "-" "Mozilla/5.0 (Windows NT 10.0; Win64; x64) AppleWebKit/537.36 (KHTML, like Gecko) Chrome/99.0.4844.82 Safari/537.36"
95.162.240.133 - - [24/Mar/2022:13:49:50 +0100] "GET /teaching/nswi177/ HTTP/1.1" 200 10487 "-" "Mozilla/5.0 (X11; Fedora; Linux x86_64; rv:93.0) Gecko/20100101 Firefox/93.0"
95.114.66.196 - - [24/Mar/2022:13:49:57 +0100] "GET /teaching/nswi177/labs/06/ HTTP/1.1" 200 12189 "-" "Mozilla/5.0 (X11; Linux x86_64; rv:98.0) Gecko/20100101 Firefox/98.0"
95.162.240.133 - - [24/Mar/2022:13:51:08 +0100] "GET /teaching/nswi177/labs/ HTTP/1.1" 200 2638 "-" "Mozilla/5.0 (X11; Fedora; Linux x86_64; rv:93.0) Gecko/20100101 Firefox/93.0"
95.162.212.202 - - [24/Mar/2022:13:56:51 +0100] "GET /teaching/nswi177/ HTTP/1.1" 200 10487 "-" "Mozilla/5.0 (Windows NT 10.0; Win64; x64) AppleWebKit/537.36 (KHTML, like Gecko) Chrome/99.0.4844.74 Safari/537.36 Edg/99.0.1150.46"
95.162.212.202 - - [24/Mar/2022:13:57:01 +0100] "GET /teaching/nswi177/202021/ HTTP/1.1" 200 10966 "-" "Mozilla/5.0 (Windows NT 10.0; Win64; x64) AppleWebKit/537.36 (KHTML, like Gecko) Chrome/99.0.4844.74 Safari/537.36 Edg/99.0.1150.46"
95.162.212.202 - - [24/Mar/2022:13:57:04 +0100] "GET /teaching/nswi177/202021/labs/ HTTP/1.1" 200 3122 "-" "Mozilla/5.0 (Windows NT 10.0; Win64; x64) AppleWebKit/537.36 (KHTML, like Gecko) Chrome/99.0.4844.74 Safari/537.36 Edg/99.0.1150.46"
95.162.212.202 - - [24/Mar/2022:13:57:17 +0100] "GET /teaching/nswi177/goals/ HTTP/1.1" 200 10086 "-" "Mozilla/5.0 (Windows NT 10.0; Win64; x64) AppleWebKit/537.36 (KHTML, like Gecko) Chrome/99.0.4844.74 Safari/537.36 Edg/99.0.1150.46"
95.162.212.202 - - [24/Mar/2022:13:57:20 +0100] "GET /teaching/nswi177/guide/ HTTP/1.1" 200 6198 "-" "Mozilla/5.0 (Windows NT 10.0; Win64; x64) AppleWebKit/537.36 (KHTML, like Gecko) Chrome/99.0.4844.74 Safari/537.36 Edg/99.0.1150.46"
95.162.240.129 - - [24/Mar/2022:13:59:40 +0100] "GET /teaching/nswi177/labs/ HTTP/1.1" 200 9531 "-" "Mozilla/5.0 (Windows NT 10.0; Win64; x64) AppleWebKit/537.36 (KHTML, like Gecko) Chrome/99.0.4844.82 Safari/537.36"
95.162.240.129 - - [24/Mar/2022:13:59:43 +0100] "GET /teaching/nswi177/labs/05/ HTTP/1.1" 200 17463 "-" "Mozilla/5.0 (Windows NT 10.0; Win64; x64) AppleWebKit/537.36 (KHTML, like Gecko) Chrome/99.0.4844.82 Safari/537.36"
212.147.182.321 - - [24/Mar/2022:14:03:05 +0100] "GET /teaching/nswi177/ HTTP/1.0" 200 8863 "-" "Mozilla/5.0 (compatible; heritrix/3.4.0-20210923 +http://webarchiv.cz/kontakty)"
95.162.240.154 - - [24/Mar/2022:14:06:35 +0100] "GET /teaching/nswi177/labs/05/ HTTP/1.1" 200 24868 "-" "Mozilla/5.0 (X11; Linux x86_64; rv:98.0) Gecko/20100101 Firefox/98.0"
95.162.240.154 - - [24/Mar/2022:14:06:57 +0100] "GET /teaching/nswi177/ HTTP/1.1" 200 10487 "-" "Mozilla/5.0 (Windows NT 10.0; Win64; x64) AppleWebKit/537.36 (KHTML, like Gecko) Chrome/98.0.4758.109 Safari/537.36 OPR/84.0.4316.43"
95.162.240.154 - - [24/Mar/2022:14:06:59 +0100] "GET /teaching/nswi177/labs/ HTTP/1.1" 200 2126 "-" "Mozilla/5.0 (Windows NT 10.0; Win64; x64) AppleWebKit/537.36 (KHTML, like Gecko) Chrome/98.0.4758.109 Safari/537.36 OPR/84.0.4316.43"
95.162.240.154 - - [24/Mar/2022:14:07:01 +0100] "GET /teaching/nswi177/labs/04/ HTTP/1.1" 200 18204 "-" "Mozilla/5.0 (Windows NT 10.0; Win64; x64) AppleWebKit/537.36 (KHTML, like Gecko) Chrome/98.0.4758.109 Safari/537.36 OPR/84.0.4316.43"
95.162.240.154 - - [24/Mar/2022:14:07:15 +0100] "GET /teaching/nswi177/labs/05/ HTTP/1.1" 200 17975 "-" "Mozilla/5.0 (Windows NT 10.0; Win64; x64) AppleWebKit/537.36 (KHTML, like Gecko) Chrome/98.0.4758.109 Safari/537.36 OPR/84.0.4316.43"
95.162.240.154 - - [24/Mar/2022:14:07:31 +0100] "GET /teaching/nswi177/ HTTP/1.1" 200 10487 "-" "Mozilla/5.0 (Macintosh; Intel Mac OS X 10_15_7) AppleWebKit/605.1.15 (KHTML, like Gecko) Version/15.4 Safari/605.1.15"
95.162.240.154 - - [24/Mar/2022:14:07:43 +0100] "GET /teaching/nswi177/labs/ HTTP/1.1" 200 9531 "-" "Mozilla/5.0 (Macintosh; Intel Mac OS X 10_15_7) AppleWebKit/605.1.15 (KHTML, like Gecko) Version/15.4 Safari/605.1.15"
95.162.240.154 - - [24/Mar/2022:14:07:46 +0100] "GET /teaching/nswi177/labs/06/ HTTP/1.1" 200 5296 "-" "Mozilla/5.0 (Windows NT 10.0; Win64; x64) AppleWebKit/537.36 (KHTML, like Gecko) Chrome/98.0.4758.109 Safari/537.36 OPR/84.0.4316.43"
95.162.240.154 - - [24/Mar/2022:14:07:47 +0100] "GET /teaching/nswi177/labs/05/ HTTP/1.1" 200 17463 "-" "Mozilla/5.0 (Macintosh; Intel Mac OS X 10_15_7) AppleWebKit/605.1.15 (KHTML, like Gecko) Version/15.4 Safari/605.1.15"
95.162.240.154 - - [24/Mar/2022:14:11:45 +0100] "GET /teaching/nswi177/labs/06/ HTTP/1.1" 200 12189 "-" "Mozilla/5.0 (Macintosh; Intel Mac OS X 10_15_7) AppleWebKit/605.1.15 (KHTML, like Gecko) Version/15.4 Safari/605.1.15"
71.70.197.327 - - [24/Mar/2022:14:14:43 +0100] "GET /teaching/nswi177/goals/ HTTP/1.1" 200 10078 "-" "Mozilla/5.0 (compatible; AhrefsBot/7.0; +http://ahrefs.com/robot/)"
71.70.197.327 - - [24/Mar/2022:14:17:58 +0100] "GET /teaching/nswi177/202021/labs/ HTTP/1.1" 200 10519 "-" "Mozilla/5.0 (compatible; AhrefsBot/7.0; +http://ahrefs.com/robot/)"
95.162.240.131 - - [24/Mar/2022:14:19:55 +0100] "GET /teaching/nswi177/labs/ HTTP/1.1" 200 9531 "-" "Mozilla/5.0 (X11; Fedora; Linux x86_64; rv:93.0) Gecko/20100101 Firefox/93.0"
95.162.240.131 - - [24/Mar/2022:14:20:03 +0100] "GET /teaching/nswi177/labs/05/ HTTP/1.1" 200 17975 "-" "Mozilla/5.0 (X11; Fedora; Linux x86_64; rv:93.0) Gecko/20100101 Firefox/93.0"
212.147.69.195 - - [24/Mar/2022:14:22:16 +0100] "GET /teaching/nswi177/labs/ HTTP/1.1" 200 9531 "-" "Mozilla/5.0 (X11; Fedora; Linux x86_64; rv:98.0) Gecko/20100101 Firefox/98.0"
95.162.240.126 - - [24/Mar/2022:14:24:22 +0100] "GET /teaching/nswi177/ HTTP/1.1" 200 3082 "-" "Mozilla/5.0 (X11; Linux x86_64) AppleWebKit/537.36 (KHTML, like Gecko) Chrome/98.0.4758.82 Safari/537.36 OPR/84.0.4316.14"
95.162.240.126 - - [24/Mar/2022:14:24:24 +0100] "GET /teaching/nswi177/labs/ HTTP/1.1" 200 2126 "-" "Mozilla/5.0 (X11; Linux x86_64) AppleWebKit/537.36 (KHTML, like Gecko) Chrome/98.0.4758.82 Safari/537.36 OPR/84.0.4316.14"
95.162.240.126 - - [24/Mar/2022:14:24:27 +0100] "GET /teaching/nswi177/labs/07/ HTTP/1.1" 200 9908 "-" "Mozilla/5.0 (X11; Linux x86_64) AppleWebKit/537.36 (KHTML, like Gecko) Chrome/98.0.4758.82 Safari/537.36 OPR/84.0.4316.14"
95.162.240.126 - - [24/Mar/2022:14:24:52 +0100] "GET /teaching/nswi177/labs/06/ HTTP/1.1" 200 5296 "-" "Mozilla/5.0 (X11; Linux x86_64) AppleWebKit/537.36 (KHTML, like Gecko) Chrome/98.0.4758.82 Safari/537.36 OPR/84.0.4316.14"
95.162.240.154 - - [24/Mar/2022:14:26:21 +0100] "GET /teaching/nswi177/labs/01/ HTTP/1.1" 200 20285 "-" "Mozilla/5.0 (Windows NT 10.0; Win64; x64; rv:98.0) Gecko/20100101 Firefox/98.0"
95.162.240.154 - - [24/Mar/2022:14:26:34 +0100] "GET /teaching/nswi177/labs/ HTTP/1.1" 200 2638 "-" "Mozilla/5.0 (Windows NT 10.0; Win64; x64; rv:98.0) Gecko/20100101 Firefox/98.0"
95.162.240.154 - - [24/Mar/2022:14:26:38 +0100] "GET /teaching/nswi177/labs/06/ HTTP/1.1" 200 4784 "-" "Mozilla/5.0 (Windows NT 10.0; Win64; x64; rv:98.0) Gecko/20100101 Firefox/98.0"
95.162.240.154 - - [24/Mar/2022:14:26:54 +0100] "GET /teaching/nswi177/labs/05/ HTTP/1.1" 200 17975 "-" "Mozilla/5.0 (Windows NT 10.0; Win64; x64; rv:98.0) Gecko/20100101 Firefox/98.0"
224.238.277.317 - - [24/Mar/2022:14:35:04 +0100] "GET /wp-login.php HTTP/1.1" 404 10755 "-" "Mozilla/4.0 (compatible; MSIE 6.0; Windows NT 5.0)"
106.58.93.178 - - [24/Mar/2022:14:41:43 +0100] "GET /teaching/nswi177/ HTTP/1.1" 200 10487 "-" "Mozilla/5.0 (iPhone; CPU iPhone OS 15_4 like Mac OS X) AppleWebKit/605.1.15 (KHTML, like Gecko) Version/15.4 Mobile/15E148 Safari/604.1"
106.58.93.178 - - [24/Mar/2022:14:41:46 +0100] "GET /teaching/nswi177/labs/ HTTP/1.1" 200 9531 "-" "Mozilla/5.0 (iPhone; CPU iPhone OS 15_4 like Mac OS X) AppleWebKit/605.1.15 (KHTML, like Gecko) Version/15.4 Mobile/15E148 Safari/604.1"
106.58.93.178 - - [24/Mar/2022:14:41:55 +0100] "GET /teaching/nswi177/labs/06/ HTTP/1.1" 200 12189 "-" "Mozilla/5.0 (iPhone; CPU iPhone OS 15_4 like Mac OS X) AppleWebKit/605.1.15 (KHTML, like Gecko) Version/15.4 Mobile/15E148 Safari/604.1"
106.58.93.178 - - [24/Mar/2022:14:43:01 +0100] "GET /teaching/nswi177/labs/07/ HTTP/1.1" 200 17313 "-" "Mozilla/5.0 (iPhone; CPU iPhone OS 15_4 like Mac OS X) AppleWebKit/605.1.15 (KHTML, like Gecko) Version/15.4 Mobile/15E148 Safari/604.1"
106.58.93.178 - - [24/Mar/2022:14:43:20 +0100] "GET /teaching/nswi177/labs/05/ HTTP/1.1" 200 24868 "-" "Mozilla/5.0 (iPhone; CPU iPhone OS 15_4 like Mac OS X) AppleWebKit/605.1.15 (KHTML, like Gecko) Version/15.4 Mobile/15E148 Safari/604.1"
95.162.240.154 - - [24/Mar/2022:14:44:44 +0100] "GET /teaching/nswi177/ HTTP/1.1" 200 10487 "-" "Mozilla/5.0 (Windows NT 10.0; Win64; x64) AppleWebKit/537.36 (KHTML, like Gecko) Chrome/99.0.4844.74 Safari/537.36"
155.233.105.119 - - [24/Mar/2022:14:46:52 +0100] "GET /teaching/nswi177/ HTTP/1.1" 200 10487 "-" "Mozilla/5.0 (Windows NT 10.0; Win64; x64; rv:98.0) Gecko/20100101 Firefox/98.0"
155.233.105.119 - - [24/Mar/2022:14:46:54 +0100] "GET /teaching/nswi177/labs/ HTTP/1.1" 200 2126 "-" "Mozilla/5.0 (Windows NT 10.0; Win64; x64; rv:98.0) Gecko/20100101 Firefox/98.0"
155.233.105.119 - - [24/Mar/2022:14:46:54 +0100] "GET /teaching/nswi177/images/prev.png HTTP/1.1" 404 3782 "-" "Mozilla/5.0 (Windows NT 10.0; Win64; x64; rv:98.0) Gecko/20100101 Firefox/98.0"
155.233.105.119 - - [24/Mar/2022:14:46:54 +0100] "GET /teaching/nswi177/images/next.png HTTP/1.1" 404 3782 "-" "Mozilla/5.0 (Windows NT 10.0; Win64; x64; rv:98.0) Gecko/20100101 Firefox/98.0"
155.233.105.119 - - [24/Mar/2022:14:46:54 +0100] "GET /teaching/nswi177/images/loading.gif HTTP/1.1" 404 4294 "-" "Mozilla/5.0 (Windows NT 10.0; Win64; x64; rv:98.0) Gecko/20100101 Firefox/98.0"
155.233.105.119 - - [24/Mar/2022:14:46:54 +0100] "GET /teaching/nswi177/images/close.png HTTP/1.1" 404 4294 "-" "Mozilla/5.0 (Windows NT 10.0; Win64; x64; rv:98.0) Gecko/20100101 Firefox/98.0"
155.233.105.119 - - [24/Mar/2022:14:46:56 +0100] "GET /teaching/nswi177/labs/03/ HTTP/1.1" 200 15494 "-" "Mozilla/5.0 (Windows NT 10.0; Win64; x64; rv:98.0) Gecko/20100101 Firefox/98.0"
155.233.105.119 - - [24/Mar/2022:14:46:57 +0100] "GET /teaching/nswi177/labs/images/next.png HTTP/1.1" 404 3782 "-" "Mozilla/5.0 (Windows NT 10.0; Win64; x64; rv:98.0) Gecko/20100101 Firefox/98.0"
155.233.105.119 - - [24/Mar/2022:14:46:57 +0100] "GET /teaching/nswi177/labs/images/loading.gif HTTP/1.1" 404 3782 "-" "Mozilla/5.0 (Windows NT 10.0; Win64; x64; rv:98.0) Gecko/20100101 Firefox/98.0"
155.233.105.119 - - [24/Mar/2022:14:46:57 +0100] "GET /teaching/nswi177/labs/images/close.png HTTP/1.1" 404 3782 "-" "Mozilla/5.0 (Windows NT 10.0; Win64; x64; rv:98.0) Gecko/20100101 Firefox/98.0"
155.233.105.119 - - [24/Mar/2022:14:46:57 +0100] "GET /teaching/nswi177/labs/images/prev.png HTTP/1.1" 404 3782 "-" "Mozilla/5.0 (Windows NT 10.0; Win64; x64; rv:98.0) Gecko/20100101 Firefox/98.0"
155.233.105.119 - - [24/Mar/2022:14:47:37 +0100] "GET /teaching/nswi177/labs/04/ HTTP/1.1" 200 18716 "-" "Mozilla/5.0 (Windows NT 10.0; Win64; x64; rv:98.0) Gecko/20100101 Firefox/98.0"
155.233.105.119 - - [24/Mar/2022:14:47:37 +0100] "GET /teaching/nswi177/labs/images/prev.png HTTP/1.1" 404 3782 "-" "Mozilla/5.0 (Windows NT 10.0; Win64; x64; rv:98.0) Gecko/20100101 Firefox/98.0"
155.233.105.119 - - [24/Mar/2022:14:47:37 +0100] "GET /teaching/nswi177/labs/images/close.png HTTP/1.1" 404 3782 "-" "Mozilla/5.0 (Windows NT 10.0; Win64; x64; rv:98.0) Gecko/20100101 Firefox/98.0"
155.233.105.119 - - [24/Mar/2022:14:47:37 +0100] "GET /teaching/nswi177/labs/images/next.png HTTP/1.1" 404 4294 "-" "Mozilla/5.0 (Windows NT 10.0; Win64; x64; rv:98.0) Gecko/20100101 Firefox/98.0"
155.233.105.119 - - [24/Mar/2022:14:47:37 +0100] "GET /teaching/nswi177/labs/images/loading.gif HTTP/1.1" 404 4294 "-" "Mozilla/5.0 (Windows NT 10.0; Win64; x64; rv:98.0) Gecko/20100101 Firefox/98.0"
95.162.240.154 - - [24/Mar/2022:14:50:07 +0100] "GET /teaching/nswi177/guide/ HTTP/1.1" 200 13603 "-" "Mozilla/5.0 (Windows NT 10.0; Win64; x64) AppleWebKit/537.36 (KHTML, like Gecko) Chrome/99.0.4844.74 Safari/537.36"
95.162.240.154 - - [24/Mar/2022:14:50:08 +0100] "GET /teaching/nswi177/goals/ HTTP/1.1" 200 2681 "-" "Mozilla/5.0 (Windows NT 10.0; Win64; x64) AppleWebKit/537.36 (KHTML, like Gecko) Chrome/99.0.4844.74 Safari/537.36"
95.162.240.154 - - [24/Mar/2022:14:50:10 +0100] "GET /teaching/nswi177/labs/ HTTP/1.1" 200 2126 "-" "Mozilla/5.0 (Windows NT 10.0; Win64; x64) AppleWebKit/537.36 (KHTML, like Gecko) Chrome/99.0.4844.74 Safari/537.36"
95.162.240.154 - - [24/Mar/2022:14:50:13 +0100] "GET /teaching/nswi177/labs/04/ HTTP/1.1" 200 18204 "-" "Mozilla/5.0 (Windows NT 10.0; Win64; x64) AppleWebKit/537.36 (KHTML, like Gecko) Chrome/99.0.4844.74 Safari/537.36"
95.162.240.154 - - [24/Mar/2022:14:52:11 +0100] "GET /teaching/nswi177/ HTTP/1.1" 200 10487 "-" "Mozilla/5.0 (Macintosh; Intel Mac OS X 10_15_7) AppleWebKit/605.1.15 (KHTML, like Gecko) Version/15.4 Safari/605.1.15"
212.147.69.195 - - [24/Mar/2022:14:53:12 +0100] "GET /teaching/nswi177/ HTTP/1.1" 200 10487 "-" "Mozilla/5.0 (X11; Fedora; Linux x86_64; rv:98.0) Gecko/20100101 Firefox/98.0"
212.147.69.195 - - [24/Mar/2022:14:53:15 +0100] "GET /teaching/nswi177/labs/ HTTP/1.1" 200 2126 "-" "Mozilla/5.0 (X11; Fedora; Linux x86_64; rv:98.0) Gecko/20100101 Firefox/98.0"
212.147.69.195 - - [24/Mar/2022:14:54:01 +0100] "GET /teaching/nswi177/guide/ HTTP/1.1" 200 6198 "-" "Mozilla/5.0 (X11; Fedora; Linux x86_64; rv:98.0) Gecko/20100101 Firefox/98.0"
212.147.69.195 - - [24/Mar/2022:14:54:02 +0100] "GET /teaching/nswi177/guide/ HTTP/1.1" 200 6198 "-" "Mozilla/5.0 (X11; Fedora; Linux x86_64; rv:98.0) Gecko/20100101 Firefox/98.0"
212.147.69.195 - - [24/Mar/2022:14:54:05 +0100] "GET /teaching/nswi177/labs/ HTTP/1.1" 200 2126 "-" "Mozilla/5.0 (X11; Fedora; Linux x86_64; rv:98.0) Gecko/20100101 Firefox/98.0"
212.147.69.195 - - [24/Mar/2022:14:54:07 +0100] "GET /teaching/nswi177/labs/07/ HTTP/1.1" 200 9916 "-" "Mozilla/5.0 (X11; Fedora; Linux x86_64; rv:98.0) Gecko/20100101 Firefox/98.0"
95.162.240.154 - - [24/Mar/2022:14:55:15 +0100] "GET /teaching/nswi177/labs/06/ HTTP/1.1" 200 12189 "-" "Mozilla/5.0 (Windows NT 10.0; Win64; x64) AppleWebKit/537.36 (KHTML, like Gecko) Chrome/99.0.4844.74 Safari/537.36"
106.58.93.178 - - [24/Mar/2022:14:56:23 +0100] "GET /teaching/nswi177/labs/06/ HTTP/1.1" 200 12189 "-" "Mozilla/5.0 (iPhone; CPU iPhone OS 15_4 like Mac OS X) AppleWebKit/605.1.15 (KHTML, like Gecko) Version/15.4 Mobile/15E148 Safari/604.1"
106.58.93.178 - - [24/Mar/2022:14:57:59 +0100] "GET /teaching/nswi177/labs/ HTTP/1.1" 200 9531 "-" "Mozilla/5.0 (iPhone; CPU iPhone OS 15_4 like Mac OS X) AppleWebKit/605.1.15 (KHTML, like Gecko) Version/15.4 Mobile/15E148 Safari/604.1"
106.58.93.178 - - [24/Mar/2022:14:58:02 +0100] "GET /teaching/nswi177/labs/05/ HTTP/1.1" 200 24868 "-" "Mozilla/5.0 (iPhone; CPU iPhone OS 15_4 like Mac OS X) AppleWebKit/605.1.15 (KHTML, like Gecko) Version/15.4 Mobile/15E148 Safari/604.1"
95.162.240.154 - - [24/Mar/2022:15:00:04 +0100] "GET /teaching/nswi177/labs/05/ HTTP/1.1" 200 17975 "-" "Mozilla/5.0 (Windows NT 10.0; Win64; x64) AppleWebKit/537.36 (KHTML, like Gecko) Chrome/99.0.4844.74 Safari/537.36"
95.162.240.154 - - [24/Mar/2022:15:05:13 +0100] "GET /teaching/nswi177/ HTTP/1.1" 200 10487 "-" "Mozilla/5.0 (Linux; Android 11; M2003J15SC) AppleWebKit/537.36 (KHTML, like Gecko) Chrome/99.0.4844.73 Mobile Safari/537.36"
95.162.240.154 - - [24/Mar/2022:15:05:15 +0100] "GET /teaching/nswi177/labs/ HTTP/1.1" 200 2126 "-" "Mozilla/5.0 (Linux; Android 11; M2003J15SC) AppleWebKit/537.36 (KHTML, like Gecko) Chrome/99.0.4844.73 Mobile Safari/537.36"
95.162.240.154 - - [24/Mar/2022:15:05:18 +0100] "GET /teaching/nswi177/labs/04/ HTTP/1.1" 200 18204 "-" "Mozilla/5.0 (Linux; Android 11; M2003J15SC) AppleWebKit/537.36 (KHTML, like Gecko) Chrome/99.0.4844.73 Mobile Safari/537.36"
95.142.146.154 - - [24/Mar/2022:15:08:50 +0100] "GET /teaching/nswi177/ HTTP/1.1" 200 10487 "-" "Mozilla/5.0 (Windows NT 10.0; Win64; x64; rv:98.0) Gecko/20100101 Firefox/98.0"
95.142.146.154 - - [24/Mar/2022:15:08:51 +0100] "GET /teaching/nswi177/labs/ HTTP/1.1" 200 2126 "-" "Mozilla/5.0 (Windows NT 10.0; Win64; x64; rv:98.0) Gecko/20100101 Firefox/98.0"
95.142.146.154 - - [24/Mar/2022:15:08:52 +0100] "GET /teaching/nswi177/labs/06/ HTTP/1.1" 200 4784 "-" "Mozilla/5.0 (Windows NT 10.0; Win64; x64; rv:98.0) Gecko/20100101 Firefox/98.0"
95.142.146.154 - - [24/Mar/2022:15:09:01 +0100] "GET /teaching/nswi177/labs/07/ HTTP/1.1" 200 17321 "-" "Mozilla/5.0 (Windows NT 10.0; Win64; x64; rv:98.0) Gecko/20100101 Firefox/98.0"
212.147.70.254 - - [24/Mar/2022:15:09:19 +0100] "GET /teaching/nswi177/202021/labs/06/ HTTP/1.1" 200 25293 "-" "Mozilla/5.0 (X11; Linux x86_64; rv:98.0) Gecko/20100101 Firefox/98.0"
212.147.70.254 - - [24/Mar/2022:15:09:22 +0100] "GET /teaching/nswi177/202021/labs/10/ HTTP/1.1" 200 14714 "-" "Mozilla/5.0 (X11; Linux x86_64; rv:98.0) Gecko/20100101 Firefox/98.0"
95.162.240.131 - - [24/Mar/2022:15:11:41 +0100] "GET /teaching/nswi177/labs/ HTTP/1.1" 200 9531 "-" "Mozilla/5.0 (X11; Fedora; Linux x86_64; rv:93.0) Gecko/20100101 Firefox/93.0"
95.162.240.131 - - [24/Mar/2022:15:11:45 +0100] "GET /teaching/nswi177/labs/03/ HTTP/1.1" 200 15494 "-" "Mozilla/5.0 (X11; Fedora; Linux x86_64; rv:93.0) Gecko/20100101 Firefox/93.0"
212.147.69.205 - - [24/Mar/2022:15:15:12 +0100] "GET /teaching/nswi177/labs/networking/ HTTP/1.1" 200 7002 "-" "Mozilla/5.0 (X11; Linux x86_64) AppleWebKit/537.36 (KHTML, like Gecko) QtWebEngine/5.15.2 Chrome/87.0.4280.144 Safari/537.36"
212.147.69.205 - - [24/Mar/2022:15:15:15 +0100] "GET /teaching/nswi177/labs/networking/ HTTP/1.1" 200 6490 "-" "Mozilla/5.0 (X11; Linux x86_64) AppleWebKit/537.36 (KHTML, like Gecko) QtWebEngine/5.15.2 Chrome/87.0.4280.144 Safari/537.36"
212.147.69.205 - - [24/Mar/2022:15:15:25 +0100] "GET /teaching/nswi177/labs/networking/ HTTP/1.1" 200 7002 "-" "Mozilla/5.0 (X11; Linux x86_64) AppleWebKit/537.36 (KHTML, like Gecko) QtWebEngine/5.15.2 Chrome/87.0.4280.144 Safari/537.36"
131.153.179.160 - - [24/Mar/2022:15:16:44 +0100] "GET /teaching/nswi177/202021/qa/ HTTP/1.1" 200 13194 "-" "Mozilla/5.0 (Linux; Android 7.0;) AppleWebKit/537.36 (KHTML, like Gecko) Mobile Safari/537.36 (compatible; PetalBot;+https://webmaster.petalsearch.com/site/petalbot)"
95.162.240.154 - - [24/Mar/2022:15:19:13 +0100] "GET /teaching/nswi177/labs/ HTTP/1.1" 200 9531 "-" "Mozilla/5.0 (Windows NT 10.0; Win64; x64) AppleWebKit/537.36 (KHTML, like Gecko) Chrome/99.0.4844.74 Safari/537.36"
106.58.93.178 - - [24/Mar/2022:15:19:14 +0100] "GET /teaching/nswi177/ HTTP/1.1" 200 10487 "-" "Mozilla/5.0 (Macintosh; Intel Mac OS X 10_15_7) AppleWebKit/605.1.15 (KHTML, like Gecko) Version/15.4 Safari/605.1.15"
95.162.240.154 - - [24/Mar/2022:15:19:18 +0100] "GET /teaching/nswi177/labs/06/ HTTP/1.1" 200 4784 "-" "Mozilla/5.0 (Windows NT 10.0; Win64; x64) AppleWebKit/537.36 (KHTML, like Gecko) Chrome/99.0.4844.74 Safari/537.36"
106.58.93.178 - - [24/Mar/2022:15:19:19 +0100] "GET /teaching/nswi177/labs/ HTTP/1.1" 200 2126 "-" "Mozilla/5.0 (Macintosh; Intel Mac OS X 10_15_7) AppleWebKit/605.1.15 (KHTML, like Gecko) Version/15.4 Safari/605.1.15"
106.58.93.178 - - [24/Mar/2022:15:19:22 +0100] "GET /teaching/nswi177/labs/06/ HTTP/1.1" 200 4784 "-" "Mozilla/5.0 (Macintosh; Intel Mac OS X 10_15_7) AppleWebKit/605.1.15 (KHTML, like Gecko) Version/15.4 Safari/605.1.15"
95.162.240.152 - - [24/Mar/2022:15:20:24 +0100] "GET /teaching/nswi177/ HTTP/1.1" 200 10487 "-" "Mozilla/5.0 (Windows NT 10.0; Win64; x64) AppleWebKit/537.36 (KHTML, like Gecko) Chrome/99.0.4844.82 Safari/537.36"
95.162.240.152 - - [24/Mar/2022:15:20:26 +0100] "GET /teaching/nswi177/labs/ HTTP/1.1" 200 2126 "-" "Mozilla/5.0 (Windows NT 10.0; Win64; x64) AppleWebKit/537.36 (KHTML, like Gecko) Chrome/99.0.4844.82 Safari/537.36"
95.162.240.152 - - [24/Mar/2022:15:20:27 +0100] "GET /teaching/nswi177/labs/07/ HTTP/1.1" 200 9916 "-" "Mozilla/5.0 (Windows NT 10.0; Win64; x64) AppleWebKit/537.36 (KHTML, like Gecko) Chrome/99.0.4844.82 Safari/537.36"
106.58.93.178 - - [24/Mar/2022:15:20:32 +0100] "GET /teaching/nswi177/ HTTP/1.1" 200 10487 "-" "Mozilla/5.0 (Macintosh; Intel Mac OS X 10_15_7) AppleWebKit/605.1.15 (KHTML, like Gecko) Version/15.4 Safari/605.1.15"
106.58.93.178 - - [24/Mar/2022:15:20:35 +0100] "GET /teaching/nswi177/labs/ HTTP/1.1" 200 2126 "-" "Mozilla/5.0 (Macintosh; Intel Mac OS X 10_15_7) AppleWebKit/605.1.15 (KHTML, like Gecko) Version/15.4 Safari/605.1.15"
106.58.93.178 - - [24/Mar/2022:15:20:38 +0100] "GET /teaching/nswi177/labs/05/ HTTP/1.1" 200 17463 "-" "Mozilla/5.0 (Macintosh; Intel Mac OS X 10_15_7) AppleWebKit/605.1.15 (KHTML, like Gecko) Version/15.4 Safari/605.1.15"
95.162.240.154 - - [24/Mar/2022:15:25:29 +0100] "GET /teaching/nswi177/labs/05/ HTTP/1.1" 200 24868 "-" "Mozilla/5.0 (Windows NT 10.0; Win64; x64) AppleWebKit/537.36 (KHTML, like Gecko) Chrome/99.0.4844.74 Safari/537.36"
131.153.179.194 - - [24/Mar/2022:15:25:38 +0100] "GET /teaching/nswi177/201920/labs/06/ HTTP/1.1" 200 14725 "-" "Mozilla/5.0 (Linux; Android 7.0;) AppleWebKit/537.36 (KHTML, like Gecko) Mobile Safari/537.36 (compatible; PetalBot;+https://webmaster.petalsearch.com/site/petalbot)"
212.147.70.246 - - [24/Mar/2022:15:30:56 +0100] "GET /teaching/nswi177/labs/06/ HTTP/1.1" 200 5296 "-" "Mozilla/5.0 (X11; Linux x86_64) AppleWebKit/537.36 (KHTML, like Gecko) Chrome/99.0.4844.74 Safari/537.36"
212.147.70.239 - - [24/Mar/2022:15:32:42 +0100] "GET /teaching/nswi177/ HTTP/1.1" 200 10487 "-" "Mozilla/5.0 (X11; Linux x86_64; rv:98.0) Gecko/20100101 Firefox/98.0"
95.162.240.154 - - [24/Mar/2022:15:32:56 +0100] "GET /teaching/nswi177/ HTTP/1.1" 200 10487 "-" "Mozilla/5.0 (X11; Linux x86_64; rv:98.0) Gecko/20100101 Firefox/98.0"
95.162.240.154 - - [24/Mar/2022:15:32:58 +0100] "GET /teaching/nswi177/labs/ HTTP/1.1" 200 2126 "-" "Mozilla/5.0 (X11; Linux x86_64; rv:98.0) Gecko/20100101 Firefox/98.0"
95.162.240.154 - - [24/Mar/2022:15:33:01 +0100] "GET /teaching/nswi177/labs/06/ HTTP/1.1" 200 4784 "-" "Mozilla/5.0 (X11; Linux x86_64; rv:98.0) Gecko/20100101 Firefox/98.0"
71.70.197.327 - - [24/Mar/2022:15:40:21 +0100] "GET /teaching/nswi177/201920/tasks/03/ HTTP/1.1" 200 17536 "-" "Mozilla/5.0 (compatible; AhrefsBot/7.0; +http://ahrefs.com/robot/)"
212.147.69.195 - - [24/Mar/2022:15:42:15 +0100] "GET /teaching/nswi177/ HTTP/1.1" 200 10487 "-" "Mozilla/5.0 (Windows NT 10.0; Win64; x64; rv:100.0) Gecko/20100101 Firefox/100.0"
95.162.240.114 - - [24/Mar/2022:15:42:26 +0100] "GET /teaching/nswi177/ HTTP/1.1" 200 10487 "-" "Mozilla/5.0 (Macintosh; Intel Mac OS X 10_15_7) AppleWebKit/537.36 (KHTML, like Gecko) Chrome/99.0.4844.83 Safari/537.36"
95.162.240.114 - - [24/Mar/2022:15:42:28 +0100] "GET /teaching/nswi177/guide/ HTTP/1.1" 200 6198 "-" "Mozilla/5.0 (Macintosh; Intel Mac OS X 10_15_7) AppleWebKit/537.36 (KHTML, like Gecko) Chrome/99.0.4844.83 Safari/537.36"
95.162.240.114 - - [24/Mar/2022:15:42:28 +0100] "GET /teaching/nswi177/labs/ HTTP/1.1" 200 2126 "-" "Mozilla/5.0 (Macintosh; Intel Mac OS X 10_15_7) AppleWebKit/537.36 (KHTML, like Gecko) Chrome/99.0.4844.83 Safari/537.36"
95.162.240.114 - - [24/Mar/2022:15:42:29 +0100] "GET /teaching/nswi177/labs/07/ HTTP/1.1" 200 9916 "-" "Mozilla/5.0 (Macintosh; Intel Mac OS X 10_15_7) AppleWebKit/537.36 (KHTML, like Gecko) Chrome/99.0.4844.83 Safari/537.36"
71.70.197.327 - - [24/Mar/2022:15:42:56 +0100] "GET /teaching/nswi177/202021/usbdisk/ HTTP/1.1" 200 18210 "-" "Mozilla/5.0 (compatible; AhrefsBot/7.0; +http://ahrefs.com/robot/)"
95.162.240.114 - - [24/Mar/2022:15:44:11 +0100] "GET /teaching/nswi177/labs/networking/ HTTP/1.1" 200 7002 "-" "Mozilla/5.0 (Macintosh; Intel Mac OS X 10_15_7) AppleWebKit/537.36 (KHTML, like Gecko) Chrome/99.0.4844.83 Safari/537.36"
95.162.240.114 - - [24/Mar/2022:15:44:28 +0100] "GET /teaching/nswi177/labs/networking/ HTTP/1.1" 200 7002 "-" "Mozilla/5.0 (Macintosh; Intel Mac OS X 10_15_7) AppleWebKit/537.36 (KHTML, like Gecko) Chrome/99.0.4844.83 Safari/537.36"
95.162.240.114 - - [24/Mar/2022:15:44:30 +0100] "GET /teaching/nswi177/labs/networking/ HTTP/1.1" 200 6490 "-" "Mozilla/5.0 (Macintosh; Intel Mac OS X 10_15_7) AppleWebKit/537.36 (KHTML, like Gecko) Chrome/99.0.4844.83 Safari/537.36"
95.162.240.114 - - [24/Mar/2022:15:44:31 +0100] "GET /teaching/nswi177/labs/networking/ HTTP/1.1" 200 6490 "-" "Mozilla/5.0 (Macintosh; Intel Mac OS X 10_15_7) AppleWebKit/537.36 (KHTML, like Gecko) Chrome/99.0.4844.83 Safari/537.36"
131.153.182.293 - - [24/Mar/2022:15:55:23 +0100] "GET /teaching/nswi177/202021/ HTTP/1.1" 200 10930 "-" "Mozilla/5.0 (Linux; Android 7.0;) AppleWebKit/537.36 (KHTML, like Gecko) Mobile Safari/537.36 (compatible; PetalBot;+https://webmaster.petalsearch.com/site/petalbot)"
95.162.240.131 - - [24/Mar/2022:15:55:51 +0100] "GET /teaching/nswi177/labs/06/ HTTP/1.1" 200 12189 "-" "Mozilla/5.0 (X11; Fedora; Linux x86_64; rv:93.0) Gecko/20100101 Firefox/93.0"
71.70.197.327 - - [24/Mar/2022:16:15:13 +0100] "GET /teaching/nswi177/202021/manpages/ HTTP/1.1" 200 10888 "-" "Mozilla/5.0 (compatible; AhrefsBot/7.0; +http://ahrefs.com/robot/)"
131.153.182.269 - - [24/Mar/2022:16:17:01 +0100] "GET /teaching/nswi177/goals/ HTTP/1.1" 200 10050 "-" "Mozilla/5.0 (Linux; Android 7.0;) AppleWebKit/537.36 (KHTML, like Gecko) Mobile Safari/537.36 (compatible; PetalBot;+https://webmaster.petalsearch.com/site/petalbot)"
212.284.192.289 - - [24/Mar/2022:16:21:26 +0100] "GET /teaching/nswi177/202021/labs/ HTTP/1.1" 200 10527 "-" "Mozilla/5.0 (Macintosh; Intel Mac OS X 10_15_7) AppleWebKit/537.36 (KHTML, like Gecko) Chrome/99.0.4844.83 Safari/537.36"
212.284.192.289 - - [24/Mar/2022:16:21:27 +0100] "GET /teaching/nswi177/ HTTP/1.1" 200 3082 "-" "Mozilla/5.0 (Macintosh; Intel Mac OS X 10_15_7) AppleWebKit/537.36 (KHTML, like Gecko) Chrome/99.0.4844.83 Safari/537.36"
212.284.192.289 - - [24/Mar/2022:16:21:34 +0100] "GET /teaching/nswi177/labs/ HTTP/1.1" 200 2638 "-" "Mozilla/5.0 (Macintosh; Intel Mac OS X 10_15_7) AppleWebKit/537.36 (KHTML, like Gecko) Chrome/99.0.4844.83 Safari/537.36"
212.284.192.289 - - [24/Mar/2022:16:21:36 +0100] "GET /teaching/nswi177/labs/05/ HTTP/1.1" 200 17463 "-" "Mozilla/5.0 (Macintosh; Intel Mac OS X 10_15_7) AppleWebKit/537.36 (KHTML, like Gecko) Chrome/99.0.4844.83 Safari/537.36"
63.169.59.305 - - [24/Mar/2022:16:32:53 +0100] "GET /teaching/nswi177/labs/06/ HTTP/1.1" 200 12189 "-" "Mozilla/5.0 (Windows NT 10.0; Win64; x64) AppleWebKit/537.36 (KHTML, like Gecko) Chrome/98.0.4758.109 Safari/537.36 OPR/84.0.4316.50 (Edition Yx GX)"
63.169.59.305 - - [24/Mar/2022:16:32:53 +0100] "GET /teaching/nswi177/labs/03/ HTTP/1.1" 200 22899 "-" "Mozilla/5.0 (Windows NT 10.0; Win64; x64) AppleWebKit/537.36 (KHTML, like Gecko) Chrome/98.0.4758.109 Safari/537.36 OPR/84.0.4316.50 (Edition Yx GX)"
111.176.285.116 - - [24/Mar/2022:16:34:15 +0100] "GET /teaching/nswi177/ HTTP/1.1" 200 3594 "-" "Mozilla/5.0 (X11; Linux x86_64; rv:98.0) Gecko/20100101 Firefox/98.0"
111.176.285.116 - - [24/Mar/2022:16:34:21 +0100] "GET /teaching/nswi177/202021/ HTTP/1.1" 200 4073 "-" "Mozilla/5.0 (X11; Linux x86_64; rv:98.0) Gecko/20100101 Firefox/98.0"
111.176.285.116 - - [24/Mar/2022:16:34:23 +0100] "GET /teaching/nswi177/202021/labs/ HTTP/1.1" 200 3122 "-" "Mozilla/5.0 (X11; Linux x86_64; rv:98.0) Gecko/20100101 Firefox/98.0"
111.176.285.116 - - [24/Mar/2022:16:34:34 +0100] "GET /teaching/nswi177/202021/labs/05/ HTTP/1.1" 200 25942 "-" "Mozilla/5.0 (X11; Linux x86_64; rv:98.0) Gecko/20100101 Firefox/98.0"
111.176.285.116 - - [24/Mar/2022:16:34:39 +0100] "GET /teaching/nswi177/202021/labs/02/ HTTP/1.1" 200 19362 "-" "Mozilla/5.0 (X11; Linux x86_64; rv:98.0) Gecko/20100101 Firefox/98.0"
111.176.285.116 - - [24/Mar/2022:16:34:45 +0100] "GET /teaching/nswi177/202021/labs/04/ HTTP/1.1" 200 19272 "-" "Mozilla/5.0 (X11; Linux x86_64; rv:98.0) Gecko/20100101 Firefox/98.0"
111.176.285.116 - - [24/Mar/2022:16:34:52 +0100] "GET /teaching/nswi177/202021/labs/07/ HTTP/1.1" 200 22356 "-" "Mozilla/5.0 (X11; Linux x86_64; rv:98.0) Gecko/20100101 Firefox/98.0"
164.265.108.294 - - [24/Mar/2022:16:36:37 +0100] "GET /teaching/nswi177/ HTTP/1.1" 200 10487 "-" "Mozilla/5.0 (Macintosh; Intel Mac OS X 10_15_6) AppleWebKit/605.1.15 (KHTML, like Gecko) Version/15.3 Safari/605.1.15"
164.265.108.294 - - [24/Mar/2022:16:36:38 +0100] "GET /teaching/nswi177/labs/ HTTP/1.1" 200 9531 "-" "Mozilla/5.0 (Macintosh; Intel Mac OS X 10_15_6) AppleWebKit/605.1.15 (KHTML, like Gecko) Version/15.3 Safari/605.1.15"
164.265.108.294 - - [24/Mar/2022:16:36:39 +0100] "GET /teaching/nswi177/labs/06/ HTTP/1.1" 200 4784 "-" "Mozilla/5.0 (Macintosh; Intel Mac OS X 10_15_6) AppleWebKit/605.1.15 (KHTML, like Gecko) Version/15.3 Safari/605.1.15"
95.162.240.117 - - [24/Mar/2022:16:37:18 +0100] "GET /teaching/nswi177/ HTTP/1.1" 200 3594 "-" "Mozilla/5.0 (Windows NT 10.0; Win64; x64) AppleWebKit/537.36 (KHTML, like Gecko) Chrome/99.0.4844.74 Safari/537.36"
83.283.115.127 - - [24/Mar/2022:17:03:42 +0100] "GET /teaching/nswi177/202021/labs/networking/ HTTP/1.1" 200 6594 "-" "Mozilla/5.0 (compatible; Googlebot/2.1; +http://www.google.com/bot.html)"
95.162.240.145 - - [24/Mar/2022:17:08:13 +0100] "GET /teaching/nswi177/labs/01/ HTTP/1.1" 200 20285 "-" "Mozilla/5.0 (Macintosh; Intel Mac OS X 10_15_7) AppleWebKit/605.1.15 (KHTML, like Gecko) Version/15.2 Safari/605.1.15"
22.215.141.198 - - [24/Mar/2022:17:19:55 +0100] "GET /teaching/nswi177/goals/ HTTP/1.1" 200 10086 "-" "Mozilla/5.0 (Windows NT 10.0; Win64; x64) AppleWebKit/537.36 (KHTML, like Gecko) Chrome/99.0.4844.82 Safari/537.36"
95.162.240.154 - - [24/Mar/2022:17:21:04 +0100] "GET /teaching/nswi177/ HTTP/1.1" 200 10487 "-" "Mozilla/5.0 (Macintosh; Intel Mac OS X 10_15_7) AppleWebKit/537.36 (KHTML, like Gecko) Chrome/99.0.4844.83 Safari/537.36"
95.162.240.154 - - [24/Mar/2022:17:21:06 +0100] "GET /teaching/nswi177/labs/ HTTP/1.1" 200 2126 "-" "Mozilla/5.0 (Macintosh; Intel Mac OS X 10_15_7) AppleWebKit/537.36 (KHTML, like Gecko) Chrome/99.0.4844.83 Safari/537.36"
101.279.170.231 - - [24/Mar/2022:17:21:12 +0100] "GET /teaching/nswi177/ HTTP/1.1" 200 10487 "-" "Mozilla/5.0 (iPhone; CPU iPhone OS 15_1_1 like Mac OS X) AppleWebKit/605.1.15 (KHTML, like Gecko) Version/15.1 Mobile/15E148 Safari/604.1"
95.162.240.154 - - [24/Mar/2022:17:21:15 +0100] "GET /teaching/nswi177/labs/06/ HTTP/1.1" 200 5296 "-" "Mozilla/5.0 (Macintosh; Intel Mac OS X 10_15_7) AppleWebKit/537.36 (KHTML, like Gecko) Chrome/99.0.4844.83 Safari/537.36"
101.279.170.231 - - [24/Mar/2022:17:21:44 +0100] "GET /teaching/nswi177/labs/ HTTP/1.1" 200 9531 "-" "Mozilla/5.0 (iPhone; CPU iPhone OS 15_1_1 like Mac OS X) AppleWebKit/605.1.15 (KHTML, like Gecko) Version/15.1 Mobile/15E148 Safari/604.1"
101.279.170.231 - - [24/Mar/2022:17:21:46 +0100] "GET /teaching/nswi177/labs/07/ HTTP/1.1" 200 9916 "-" "Mozilla/5.0 (iPhone; CPU iPhone OS 15_1_1 like Mac OS X) AppleWebKit/605.1.15 (KHTML, like Gecko) Version/15.1 Mobile/15E148 Safari/604.1"
105.137.280.168 - - [24/Mar/2022:17:35:23 +0100] "GET /teaching/nswi177/ HTTP/1.1" 200 10487 "-" "Mozilla/5.0 (Macintosh; Intel Mac OS X 10_15_7) AppleWebKit/605.1.15 (KHTML, like Gecko) Version/15.3 Safari/605.1.15"
105.137.280.168 - - [24/Mar/2022:17:35:25 +0100] "GET /teaching/nswi177/get/ HTTP/1.1" 200 6717 "-" "Mozilla/5.0 (Macintosh; Intel Mac OS X 10_15_7) AppleWebKit/605.1.15 (KHTML, like Gecko) Version/15.3 Safari/605.1.15"
105.137.280.168 - - [24/Mar/2022:17:35:26 +0100] "GET /teaching/nswi177/qa/ HTTP/1.1" 200 5297 "-" "Mozilla/5.0 (Macintosh; Intel Mac OS X 10_15_7) AppleWebKit/605.1.15 (KHTML, like Gecko) Version/15.3 Safari/605.1.15"
105.137.280.168 - - [24/Mar/2022:17:35:27 +0100] "GET /teaching/nswi177/labs/ HTTP/1.1" 200 2126 "-" "Mozilla/5.0 (Macintosh; Intel Mac OS X 10_15_7) AppleWebKit/605.1.15 (KHTML, like Gecko) Version/15.3 Safari/605.1.15"
105.137.280.168 - - [24/Mar/2022:17:35:29 +0100] "GET /teaching/nswi177/labs/06/ HTTP/1.1" 200 4784 "-" "Mozilla/5.0 (Macintosh; Intel Mac OS X 10_15_7) AppleWebKit/605.1.15 (KHTML, like Gecko) Version/15.3 Safari/605.1.15"
95.162.240.122 - - [24/Mar/2022:17:43:28 +0100] "GET /teaching/nswi177/labs/02/ HTTP/1.1" 200 28194 "-" "Mozilla/5.0 (Windows NT 10.0; Win64; x64) AppleWebKit/537.36 (KHTML, like Gecko) Chrome/99.0.4844.82 Safari/537.36"
95.162.240.122 - - [24/Mar/2022:17:46:09 +0100] "GET /teaching/nswi177/labs/05/ HTTP/1.1" 200 17975 "-" "Mozilla/5.0 (Windows NT 10.0; Win64; x64) AppleWebKit/537.36 (KHTML, like Gecko) Chrome/99.0.4844.82 Safari/537.36"
83.283.115.154 - - [24/Mar/2022:17:48:29 +0100] "GET /teaching/nswi177/201920/ HTTP/1.1" 200 11446 "-" "Mozilla/5.0 (compatible; Googlebot/2.1; +http://www.google.com/bot.html)"
105.137.280.168 - - [24/Mar/2022:17:49:00 +0100] "GET /teaching/nswi177/labs/ HTTP/1.1" 200 9531 "-" "Mozilla/5.0 (X11; Fedora; Linux x86_64; rv:93.0) Gecko/20100101 Firefox/93.0"
105.137.280.168 - - [24/Mar/2022:17:49:04 +0100] "GET /teaching/nswi177/labs/06/ HTTP/1.1" 200 4784 "-" "Mozilla/5.0 (X11; Fedora; Linux x86_64; rv:93.0) Gecko/20100101 Firefox/93.0"
212.147.70.236 - - [24/Mar/2022:17:52:43 +0100] "GET /teaching/nswi177/labs/05 HTTP/1.1" 301 8051 "-" "Mozilla/5.0 (X11; Linux x86_64) AppleWebKit/537.36 (KHTML, like Gecko) QtWebEngine/5.15.2 Chrome/87.0.4280.144 Safari/537.36 Konqueror (WebEnginePart)"
212.147.70.236 - - [24/Mar/2022:17:52:43 +0100] "GET /teaching/nswi177/labs/05/ HTTP/1.1" 200 17463 "-" "Mozilla/5.0 (X11; Linux x86_64) AppleWebKit/537.36 (KHTML, like Gecko) QtWebEngine/5.15.2 Chrome/87.0.4280.144 Safari/537.36 Konqueror (WebEnginePart)"
212.147.70.236 - - [24/Mar/2022:17:52:47 +0100] "GET /teaching/nswi177/labs/ HTTP/1.1" 200 2126 "-" "Mozilla/5.0 (X11; Linux x86_64) AppleWebKit/537.36 (KHTML, like Gecko) QtWebEngine/5.15.2 Chrome/87.0.4280.144 Safari/537.36 Konqueror (WebEnginePart)"
212.147.70.236 - - [24/Mar/2022:17:52:50 +0100] "GET /teaching/nswi177/labs/06/ HTTP/1.1" 200 4784 "-" "Mozilla/5.0 (X11; Linux x86_64) AppleWebKit/537.36 (KHTML, like Gecko) QtWebEngine/5.15.2 Chrome/87.0.4280.144 Safari/537.36 Konqueror (WebEnginePart)"
54.222.293.261 - - [24/Mar/2022:17:55:13 +0100] "GET /teaching/nswi177/202021/ HTTP/1.1" 200 10966 "-" "Mozilla/5.0 (Linux; Android 10; S86) AppleWebKit/537.36 (KHTML, like Gecko) Chrome/99.0.4844.73 Mobile Safari/537.36"
100.201.273.215 - - [24/Mar/2022:17:55:23 +0100] "GET /teaching/nswi177/202021/labs/ HTTP/1.1" 200 3634 "-" "Mozilla/5.0 (Linux; Android 10; S86) AppleWebKit/537.36 (KHTML, like Gecko) Chrome/99.0.4844.73 Mobile Safari/537.36"
100.201.273.215 - - [24/Mar/2022:17:55:26 +0100] "GET /teaching/nswi177/ HTTP/1.1" 200 3082 "-" "Mozilla/5.0 (Linux; Android 10; S86) AppleWebKit/537.36 (KHTML, like Gecko) Chrome/99.0.4844.73 Mobile Safari/537.36"
100.201.273.215 - - [24/Mar/2022:17:55:44 +0100] "GET /teaching/nswi177/labs/ HTTP/1.1" 200 2638 "-" "Mozilla/5.0 (Linux; Android 10; S86) AppleWebKit/537.36 (KHTML, like Gecko) Chrome/99.0.4844.73 Mobile Safari/537.36"
100.201.273.215 - - [24/Mar/2022:17:55:52 +0100] "GET /teaching/nswi177/labs/07/ HTTP/1.1" 200 10428 "-" "Mozilla/5.0 (Linux; Android 10; S86) AppleWebKit/537.36 (KHTML, like Gecko) Chrome/99.0.4844.73 Mobile Safari/537.36"
101.279.170.231 - - [24/Mar/2022:17:56:39 +0100] "GET /teaching/nswi177/ HTTP/1.1" 200 10487 "-" "Mozilla/5.0 (iPhone; CPU iPhone OS 15_1_1 like Mac OS X) AppleWebKit/605.1.15 (KHTML, like Gecko) Version/15.1 Mobile/15E148 Safari/604.1"
101.279.170.231 - - [24/Mar/2022:17:56:47 +0100] "GET /teaching/nswi177/labs/ HTTP/1.1" 200 2126 "-" "Mozilla/5.0 (iPhone; CPU iPhone OS 15_1_1 like Mac OS X) AppleWebKit/605.1.15 (KHTML, like Gecko) Version/15.1 Mobile/15E148 Safari/604.1"
101.279.170.231 - - [24/Mar/2022:17:56:49 +0100] "GET /teaching/nswi177/labs/07/ HTTP/1.1" 200 9916 "-" "Mozilla/5.0 (iPhone; CPU iPhone OS 15_1_1 like Mac OS X) AppleWebKit/605.1.15 (KHTML, like Gecko) Version/15.1 Mobile/15E148 Safari/604.1"
95.79.54.176 - - [24/Mar/2022:17:58:32 +0100] "GET /teaching/nswi177/labs/04/ HTTP/1.1" 200 25609 "-" "Mozilla/5.0 (Windows NT 10.0; Win64; x64) AppleWebKit/537.36 (KHTML, like Gecko) Chrome/99.0.4844.82 Safari/537.36"
95.79.54.176 - - [24/Mar/2022:17:58:34 +0100] "GET /teaching/nswi177/labs/06/ HTTP/1.1" 200 4784 "-" "Mozilla/5.0 (Windows NT 10.0; Win64; x64) AppleWebKit/537.36 (KHTML, like Gecko) Chrome/99.0.4844.82 Safari/537.36"
195.182.182.180 - - [24/Mar/2022:18:00:07 +0100] "GET /wp-login.php HTTP/1.1" 404 10945 "-" "Mozilla/4.0 (compatible; MSIE 6.0; Windows NT 5.0)"
193.148.289.159 - - [24/Mar/2022:18:04:04 +0100] "GET /teaching/nswi177/ HTTP/1.1" 200 3594 "-" "Mozilla/5.0 (Windows NT 10.0; Win64; x64; rv:98.0) Gecko/20100101 Firefox/98.0"
193.148.289.159 - - [24/Mar/2022:18:04:07 +0100] "GET /teaching/nswi177/get/ HTTP/1.1" 200 7229 "-" "Mozilla/5.0 (Windows NT 10.0; Win64; x64; rv:98.0) Gecko/20100101 Firefox/98.0"
193.148.289.159 - - [24/Mar/2022:18:04:13 +0100] "GET /teaching/nswi177/labs/ HTTP/1.1" 200 2638 "-" "Mozilla/5.0 (Windows NT 10.0; Win64; x64; rv:98.0) Gecko/20100101 Firefox/98.0"
193.148.289.159 - - [24/Mar/2022:18:04:14 +0100] "GET /teaching/nswi177/labs/06/ HTTP/1.1" 200 5296 "-" "Mozilla/5.0 (Windows NT 10.0; Win64; x64; rv:98.0) Gecko/20100101 Firefox/98.0"
105.137.280.168 - - [24/Mar/2022:18:05:45 +0100] "GET /teaching/nswi177/ HTTP/1.1" 200 10487 "-" "Mozilla/5.0 (Macintosh; Intel Mac OS X 10_15_7) AppleWebKit/605.1.15 (KHTML, like Gecko) Version/15.3 Safari/605.1.15"
105.137.280.168 - - [24/Mar/2022:18:05:47 +0100] "GET /teaching/nswi177/labs/ HTTP/1.1" 200 2126 "-" "Mozilla/5.0 (Macintosh; Intel Mac OS X 10_15_7) AppleWebKit/605.1.15 (KHTML, like Gecko) Version/15.3 Safari/605.1.15"
105.137.280.168 - - [24/Mar/2022:18:05:49 +0100] "GET /teaching/nswi177/labs/05/ HTTP/1.1" 200 17463 "-" "Mozilla/5.0 (Macintosh; Intel Mac OS X 10_15_7) AppleWebKit/605.1.15 (KHTML, like Gecko) Version/15.3 Safari/605.1.15"
95.114.161.143 - - [24/Mar/2022:18:05:57 +0100] "GET /teaching/nswi177/ HTTP/1.1" 200 3594 "-" "Mozilla/5.0 (X11; Ubuntu; Linux x86_64; rv:97.0) Gecko/20100101 Firefox/97.0"
95.114.161.143 - - [24/Mar/2022:18:06:02 +0100] "GET /teaching/nswi177/get/ HTTP/1.1" 200 6717 "-" "Mozilla/5.0 (X11; Ubuntu; Linux x86_64; rv:97.0) Gecko/20100101 Firefox/97.0"
95.114.161.143 - - [24/Mar/2022:18:06:06 +0100] "GET /teaching/nswi177/guide/ HTTP/1.1" 200 6198 "-" "Mozilla/5.0 (X11; Ubuntu; Linux x86_64; rv:97.0) Gecko/20100101 Firefox/97.0"
95.114.161.143 - - [24/Mar/2022:18:06:08 +0100] "GET /teaching/nswi177/labs/ HTTP/1.1" 200 2126 "-" "Mozilla/5.0 (X11; Ubuntu; Linux x86_64; rv:97.0) Gecko/20100101 Firefox/97.0"
95.162.240.154 - - [24/Mar/2022:18:09:38 +0100] "GET /teaching/nswi177/ HTTP/1.1" 200 10487 "-" "Mozilla/5.0 (Macintosh; Intel Mac OS X 10_15_7) AppleWebKit/537.36 (KHTML, like Gecko) Chrome/99.0.4844.83 Safari/537.36"
95.162.240.154 - - [24/Mar/2022:18:09:40 +0100] "GET /teaching/nswi177/labs/ HTTP/1.1" 200 2126 "-" "Mozilla/5.0 (Macintosh; Intel Mac OS X 10_15_7) AppleWebKit/537.36 (KHTML, like Gecko) Chrome/99.0.4844.83 Safari/537.36"
95.162.240.154 - - [24/Mar/2022:18:09:49 +0100] "GET /teaching/nswi177/labs/04/ HTTP/1.1" 200 18716 "-" "Mozilla/5.0 (Macintosh; Intel Mac OS X 10_15_7) AppleWebKit/537.36 (KHTML, like Gecko) Chrome/99.0.4844.83 Safari/537.36"
193.148.289.159 - - [24/Mar/2022:18:09:59 +0100] "GET /teaching/nswi177/labs/ HTTP/1.1" 200 9531 "-" "Mozilla/5.0 (Windows NT 10.0; Win64; x64; rv:98.0) Gecko/20100101 Firefox/98.0"
193.148.289.159 - - [24/Mar/2022:18:10:02 +0100] "GET /teaching/nswi177/labs/05/ HTTP/1.1" 200 17463 "-" "Mozilla/5.0 (Windows NT 10.0; Win64; x64; rv:98.0) Gecko/20100101 Firefox/98.0"
83.283.115.181 - - [24/Mar/2022:18:13:38 +0100] "GET /teaching/nswi177/ HTTP/1.1" 200 10440 "-" "Mozilla/5.0 (Linux; Android 6.0.1; Nexus 5X Build/MMB29P) AppleWebKit/537.36 (KHTML, like Gecko) Chrome/99.0.4844.82 Mobile Safari/537.36 (compatible; Googlebot/2.1; +http://www.google.com/bot.html)"
71.70.197.327 - - [24/Mar/2022:18:19:02 +0100] "GET /teaching/nswi177/201920/labs/12/ HTTP/1.1" 200 20107 "-" "Mozilla/5.0 (compatible; AhrefsBot/7.0; +http://ahrefs.com/robot/)"
95.162.240.133 - - [24/Mar/2022:18:19:44 +0100] "GET /teaching/nswi177/ HTTP/1.1" 200 10487 "-" "Mozilla/5.0 (X11; Fedora; Linux x86_64; rv:93.0) Gecko/20100101 Firefox/93.0"
95.162.240.133 - - [24/Mar/2022:18:19:46 +0100] "GET /teaching/nswi177/labs/ HTTP/1.1" 200 2126 "-" "Mozilla/5.0 (X11; Fedora; Linux x86_64; rv:93.0) Gecko/20100101 Firefox/93.0"
212.147.182.321 - - [24/Mar/2022:18:22:29 +0100] "GET /teaching/nswi177/ HTTP/1.0" 200 8863 "-" "Mozilla/5.0 (compatible; heritrix/3.4.0-20210923 +http://webarchiv.cz/kontakty)"
95.162.240.146 - - [24/Mar/2022:18:23:39 +0100] "GET /teaching/nswi177/labs/05/ HTTP/1.1" 200 24868 "-" "Mozilla/5.0 (X11; Linux x86_64) AppleWebKit/537.36 (KHTML, like Gecko) Chrome/98.0.4758.102 Safari/537.36"
95.162.240.146 - - [24/Mar/2022:18:23:53 +0100] "GET /teaching/nswi177/labs/ HTTP/1.1" 200 2638 "-" "Mozilla/5.0 (X11; Linux x86_64) AppleWebKit/537.36 (KHTML, like Gecko) Chrome/98.0.4758.102 Safari/537.36"
111.176.285.116 - - [24/Mar/2022:18:25:48 +0100] "GET /teaching/nswi177/202021/labs/05/ HTTP/1.1" 200 32835 "-" "Mozilla/5.0 (X11; Linux x86_64; rv:98.0) Gecko/20100101 Firefox/98.0"
95.162.240.146 - - [24/Mar/2022:18:26:19 +0100] "GET /teaching/nswi177/labs/06/ HTTP/1.1" 200 5296 "-" "Mozilla/5.0 (X11; Linux x86_64) AppleWebKit/537.36 (KHTML, like Gecko) Chrome/98.0.4758.102 Safari/537.36"
95.162.240.146 - - [24/Mar/2022:18:26:42 +0100] "GET /teaching/nswi177/labs/07/ HTTP/1.1" 200 10428 "-" "Mozilla/5.0 (X11; Linux x86_64) AppleWebKit/537.36 (KHTML, like Gecko) Chrome/98.0.4758.102 Safari/537.36"
