202.225.220.115 - - [23/Mar/2022:07:22:21 +0100] "GET /teaching/nswi177/manpage/ HTTP/1.1" 200 10852 "-" "Mozilla/5.0 (compatible; SemrushBot/7~bl; +http://www.semrush.com/bot.html)"
224.80.62.162 - - [23/Mar/2022:07:33:06 +0100] "GET /teaching/nswi177/labs/ HTTP/1.1" 200 9576 "-" "Mozilla/5.0 (compatible; bingbot/2.0; +http://www.bing.com/bingbot.htm)"
95.162.240.143 - - [23/Mar/2022:07:55:45 +0100] "GET /teaching/nswi177/ HTTP/1.1" 200 10487 "-" "Mozilla/5.0 (Windows NT 10.0; Win64; x64) AppleWebKit/537.36 (KHTML, like Gecko) Chrome/99.0.4844.82 Safari/537.36"
95.162.240.143 - - [23/Mar/2022:07:55:47 +0100] "GET /teaching/nswi177/labs/ HTTP/1.1" 200 2042 "-" "Mozilla/5.0 (Windows NT 10.0; Win64; x64) AppleWebKit/537.36 (KHTML, like Gecko) Chrome/99.0.4844.82 Safari/537.36"
95.162.240.143 - - [23/Mar/2022:07:55:48 +0100] "GET /teaching/nswi177/labs/04/ HTTP/1.1" 200 18204 "-" "Mozilla/5.0 (Windows NT 10.0; Win64; x64) AppleWebKit/537.36 (KHTML, like Gecko) Chrome/99.0.4844.82 Safari/537.36"
95.162.240.143 - - [23/Mar/2022:07:56:08 +0100] "GET /teaching/nswi177/labs/03/ HTTP/1.1" 200 22899 "-" "Mozilla/5.0 (Windows NT 10.0; Win64; x64) AppleWebKit/537.36 (KHTML, like Gecko) Chrome/99.0.4844.82 Safari/537.36"
208.130.155.158 - - [23/Mar/2022:08:02:18 +0100] "GET /wp-login.php HTTP/1.1" 404 11198 "-" "Mozilla/5.0 (Windows NT 10.0; Win64; x64) AppleWebKit/537.36 (KHTML, like Gecko) Chrome/91.0.4472.124 Safari/537.36"
131.153.179.165 - - [23/Mar/2022:08:06:17 +0100] "GET /teaching/nswi177/201920/labs/09 HTTP/1.1" 301 8023 "-" "Mozilla/5.0 (Linux; Android 7.0;) AppleWebKit/537.36 (KHTML, like Gecko) Mobile Safari/537.36 (compatible; PetalBot;+https://webmaster.petalsearch.com/site/petalbot)"
131.153.179.165 - - [23/Mar/2022:08:06:19 +0100] "GET /teaching/nswi177/201920/labs/09/ HTTP/1.1" 200 14785 "-" "Mozilla/5.0 (Linux; Android 7.0;) AppleWebKit/537.36 (KHTML, like Gecko) Mobile Safari/537.36 (compatible; PetalBot;+https://webmaster.petalsearch.com/site/petalbot)"
131.153.179.143 - - [23/Mar/2022:08:11:57 +0100] "GET /teaching/nswi177/202021/labs/12/ HTTP/1.1" 200 20149 "-" "Mozilla/5.0 (Linux; Android 7.0;) AppleWebKit/537.36 (KHTML, like Gecko) Mobile Safari/537.36 (compatible; PetalBot;+https://webmaster.petalsearch.com/site/petalbot)"
95.162.240.125 - - [23/Mar/2022:08:36:22 +0100] "GET /teaching/nswi177/labs/ HTTP/1.1" 200 9447 "-" "Mozilla/5.0 (Macintosh; Intel Mac OS X 10_15_7) AppleWebKit/605.1.15 (KHTML, like Gecko) Version/15.4 Safari/605.1.15"
95.162.240.125 - - [23/Mar/2022:08:36:27 +0100] "GET /teaching/nswi177/labs/05/ HTTP/1.1" 200 17467 "-" "Mozilla/5.0 (Macintosh; Intel Mac OS X 10_15_7) AppleWebKit/605.1.15 (KHTML, like Gecko) Version/15.4 Safari/605.1.15"
174.89.88.303 - - [23/Mar/2022:08:44:08 +0100] "GET /teaching/nswi177/labs/04/ HTTP/1.1" 200 25738 "-" "Mozilla/5.0 (compatible; bingbot/2.0; +http://www.bing.com/bingbot.htm)"
83.283.114.344 - - [23/Mar/2022:08:44:16 +0100] "GET /teaching/nswi177/ HTTP/1.1" 200 10440 "-" "Googlebot/2.1 (+http://www.google.com/bot.html)"
71.70.197.297 - - [23/Mar/2022:08:48:27 +0100] "GET /teaching/nswi177/201920/manpages/ HTTP/1.1" 200 10934 "-" "Mozilla/5.0 (compatible; AhrefsBot/7.0; +http://ahrefs.com/robot/)"
202.225.220.138 - - [23/Mar/2022:08:52:07 +0100] "GET /teaching/nswi177/labs/06/ HTTP/1.1" 200 12145 "-" "Mozilla/5.0 (compatible; SemrushBot/7~bl; +http://www.semrush.com/bot.html)"
95.162.240.125 - - [23/Mar/2022:08:55:12 +0100] "GET /teaching/nswi177/202021/labs/03/ HTTP/1.1" 200 20852 "-" "Mozilla/5.0 (Macintosh; Intel Mac OS X 10_15_7) AppleWebKit/605.1.15 (KHTML, like Gecko) Version/15.4 Safari/605.1.15"
95.162.240.125 - - [23/Mar/2022:08:55:29 +0100] "GET /teaching/nswi177/labs/03/ HTTP/1.1" 200 22899 "-" "Mozilla/5.0 (Macintosh; Intel Mac OS X 10_15_7) AppleWebKit/605.1.15 (KHTML, like Gecko) Version/15.4 Safari/605.1.15"
95.162.240.125 - - [23/Mar/2022:08:57:09 +0100] "GET /teaching/nswi177/get/ HTTP/1.1" 200 14122 "-" "Mozilla/5.0 (Macintosh; Intel Mac OS X 10_15_7) AppleWebKit/605.1.15 (KHTML, like Gecko) Version/15.4 Safari/605.1.15"
95.162.240.125 - - [23/Mar/2022:08:57:11 +0100] "GET /teaching/nswi177/labs/06/ HTTP/1.1" 200 4776 "-" "Mozilla/5.0 (Macintosh; Intel Mac OS X 10_15_7) AppleWebKit/605.1.15 (KHTML, like Gecko) Version/15.4 Safari/605.1.15"
202.225.220.113 - - [23/Mar/2022:09:09:17 +0100] "GET /teaching/nswi177/201920/tasks/06/ HTTP/1.1" 200 14584 "-" "Mozilla/5.0 (compatible; SemrushBot/7~bl; +http://www.semrush.com/bot.html)"
95.162.240.144 - - [23/Mar/2022:09:19:59 +0100] "GET /teaching/nswi177/ HTTP/1.1" 200 10487 "-" "Mozilla/5.0 (Windows NT 10.0; Win64; x64) AppleWebKit/537.36 (KHTML, like Gecko) Chrome/98.0.4758.109 Safari/537.36 OPR/84.0.4316.31"
95.162.240.144 - - [23/Mar/2022:09:20:03 +0100] "GET /teaching/nswi177/labs/ HTTP/1.1" 200 2042 "-" "Mozilla/5.0 (Windows NT 10.0; Win64; x64) AppleWebKit/537.36 (KHTML, like Gecko) Chrome/98.0.4758.109 Safari/537.36 OPR/84.0.4316.31"
95.162.240.144 - - [23/Mar/2022:09:20:04 +0100] "GET /teaching/nswi177/labs/06/ HTTP/1.1" 200 4776 "-" "Mozilla/5.0 (Windows NT 10.0; Win64; x64) AppleWebKit/537.36 (KHTML, like Gecko) Chrome/98.0.4758.109 Safari/537.36 OPR/84.0.4316.31"
95.162.240.144 - - [23/Mar/2022:09:20:13 +0100] "GET /teaching/nswi177/labs/05/ HTTP/1.1" 200 17979 "-" "Mozilla/5.0 (Windows NT 10.0; Win64; x64) AppleWebKit/537.36 (KHTML, like Gecko) Chrome/98.0.4758.109 Safari/537.36 OPR/84.0.4316.31"
22.79.256.245 - - [23/Mar/2022:09:25:26 +0100] "GET /teaching/nswi177/tasks/01/ HTTP/1.1" 404 11188 "-" "Mozilla/5.0 (compatible; YandexBot/3.0; +http://yandex.com/bots)"
202.225.220.142 - - [23/Mar/2022:09:38:28 +0100] "GET /teaching/nswi177/202021/labs/ HTTP/1.1" 200 10491 "-" "Mozilla/5.0 (compatible; SemrushBot/7~bl; +http://www.semrush.com/bot.html)"
95.162.240.125 - - [23/Mar/2022:09:38:59 +0100] "GET /teaching/nswi177/201920/labs/11/ HTTP/1.1" 200 16705 "-" "Mozilla/5.0 (Macintosh; Intel Mac OS X 10_15_7) AppleWebKit/605.1.15 (KHTML, like Gecko) Version/15.4 Safari/605.1.15"
95.162.240.143 - - [23/Mar/2022:09:40:26 +0100] "GET /teaching/nswi177/ HTTP/1.1" 200 10487 "-" "Mozilla/5.0 (Windows NT 10.0; Win64; x64) AppleWebKit/537.36 (KHTML, like Gecko) Chrome/99.0.4844.82 Safari/537.36"
95.162.240.143 - - [23/Mar/2022:09:40:29 +0100] "GET /teaching/nswi177/labs/ HTTP/1.1" 200 2042 "-" "Mozilla/5.0 (Windows NT 10.0; Win64; x64) AppleWebKit/537.36 (KHTML, like Gecko) Chrome/99.0.4844.82 Safari/537.36"
95.162.240.143 - - [23/Mar/2022:09:40:30 +0100] "GET /teaching/nswi177/labs/06/ HTTP/1.1" 200 4776 "-" "Mozilla/5.0 (Windows NT 10.0; Win64; x64) AppleWebKit/537.36 (KHTML, like Gecko) Chrome/99.0.4844.82 Safari/537.36"
95.79.54.176 - - [23/Mar/2022:09:41:32 +0100] "GET /teaching/nswi177/labs/04/ HTTP/1.1" 200 25609 "-" "Mozilla/5.0 (Windows NT 10.0; Win64; x64) AppleWebKit/537.36 (KHTML, like Gecko) Chrome/99.0.4844.82 Safari/537.36"
106.136.246.150 - - [23/Mar/2022:09:55:53 +0100] "GET /teaching/nswi177/ HTTP/1.1" 200 10487 "-" "Mozilla/5.0 (Windows NT 10.0; Win64; x64) AppleWebKit/537.36 (KHTML, like Gecko) Chrome/99.0.4844.82 Safari/537.36"
106.136.246.150 - - [23/Mar/2022:09:55:55 +0100] "GET /teaching/nswi177/labs/ HTTP/1.1" 200 2042 "-" "Mozilla/5.0 (Windows NT 10.0; Win64; x64) AppleWebKit/537.36 (KHTML, like Gecko) Chrome/99.0.4844.82 Safari/537.36"
131.153.179.163 - - [23/Mar/2022:10:11:09 +0100] "GET /teaching/nswi177/201920/labs/02 HTTP/1.1" 301 8023 "-" "Mozilla/5.0 (Linux; Android 7.0;) AppleWebKit/537.36 (KHTML, like Gecko) Mobile Safari/537.36 (compatible; PetalBot;+https://webmaster.petalsearch.com/site/petalbot)"
131.153.179.163 - - [23/Mar/2022:10:11:13 +0100] "GET /teaching/nswi177/201920/labs/02/ HTTP/1.1" 200 11738 "-" "Mozilla/5.0 (Linux; Android 7.0;) AppleWebKit/537.36 (KHTML, like Gecko) Mobile Safari/537.36 (compatible; PetalBot;+https://webmaster.petalsearch.com/site/petalbot)"
122.193.219.270 - - [23/Mar/2022:10:13:46 +0100] "GET /wp-login.php HTTP/1.1" 404 10755 "-" "Mozilla/4.0 (compatible; MSIE 6.0; Windows NT 5.0)"
153.192.56.110 - - [23/Mar/2022:10:35:14 +0100] "GET /wp-login.php HTTP/1.1" 404 10755 "-" "Mozilla/4.0 (compatible; MSIE 6.0; Windows NT 5.0)"
131.153.182.268 - - [23/Mar/2022:10:37:31 +0100] "GET /teaching/nswi177/201920/tasks/02/ HTTP/1.1" 200 14984 "-" "Mozilla/5.0 (Linux; Android 7.0;) AppleWebKit/537.36 (KHTML, like Gecko) Mobile Safari/537.36 (compatible; PetalBot;+https://webmaster.petalsearch.com/site/petalbot)"
131.153.179.157 - - [23/Mar/2022:10:39:49 +0100] "GET /teaching/nswi177/202021/labs/08/ HTTP/1.1" 200 26911 "-" "Mozilla/5.0 (Linux; Android 7.0;) AppleWebKit/537.36 (KHTML, like Gecko) Mobile Safari/537.36 (compatible; PetalBot;+https://webmaster.petalsearch.com/site/petalbot)"
63.169.120.285 - - [23/Mar/2022:10:45:27 +0100] "GET /teaching/nswi177/labs/05/ HTTP/1.1" 200 24872 "-" "Mozilla/5.0 (Windows NT 10.0; Win64; x64) AppleWebKit/537.36 (KHTML, like Gecko) Chrome/98.0.4758.109 Safari/537.36 OPR/84.0.4316.43 (Edition Yx GX)"
99.176.142.173 - - [23/Mar/2022:10:59:07 +0100] "GET /teaching/nswi177/labs/ HTTP/1.1" 200 9447 "-" "Mozilla/5.0 (X11; Fedora; Linux x86_64) AppleWebKit/537.36 (KHTML, like Gecko) Chrome/98.0.4758.102 Safari/537.36"
99.176.142.173 - - [23/Mar/2022:10:59:13 +0100] "GET /teaching/nswi177/labs/06/ HTTP/1.1" 200 4776 "-" "Mozilla/5.0 (X11; Fedora; Linux x86_64) AppleWebKit/537.36 (KHTML, like Gecko) Chrome/98.0.4758.102 Safari/537.36"
99.176.142.173 - - [23/Mar/2022:10:59:18 +0100] "GET /teaching/nswi177/labs/06/ HTTP/1.1" 200 5288 "-" "Mozilla/5.0 (X11; Fedora; Linux x86_64) AppleWebKit/537.36 (KHTML, like Gecko) Chrome/98.0.4758.102 Safari/537.36"
99.176.142.173 - - [23/Mar/2022:11:01:23 +0100] "GET /teaching/nswi177/labs/04/ HTTP/1.1" 200 18716 "-" "Mozilla/5.0 (X11; Fedora; Linux x86_64) AppleWebKit/537.36 (KHTML, like Gecko) Chrome/98.0.4758.102 Safari/537.36"
212.147.76.193 - - [23/Mar/2022:11:02:56 +0100] "GET /teaching/nswi177/ HTTP/1.1" 200 10487 "-" "Mozilla/5.0 (Macintosh; Intel Mac OS X 10_15_6) AppleWebKit/605.1.15 (KHTML, like Gecko) Version/15.4 Safari/605.1.15"
212.147.76.193 - - [23/Mar/2022:11:02:58 +0100] "GET /teaching/nswi177/labs/ HTTP/1.1" 200 2042 "-" "Mozilla/5.0 (Macintosh; Intel Mac OS X 10_15_6) AppleWebKit/605.1.15 (KHTML, like Gecko) Version/15.4 Safari/605.1.15"
212.147.76.193 - - [23/Mar/2022:11:02:59 +0100] "GET /teaching/nswi177/labs/06/ HTTP/1.1" 200 4776 "-" "Mozilla/5.0 (Macintosh; Intel Mac OS X 10_15_6) AppleWebKit/605.1.15 (KHTML, like Gecko) Version/15.4 Safari/605.1.15"
212.147.76.193 - - [23/Mar/2022:11:06:29 +0100] "GET /teaching/nswi177/ HTTP/1.1" 200 10487 "-" "Mozilla/5.0 (Macintosh; Intel Mac OS X 10_15_6) AppleWebKit/605.1.15 (KHTML, like Gecko) Version/15.4 Safari/605.1.15"
212.147.76.193 - - [23/Mar/2022:11:06:30 +0100] "GET /teaching/nswi177/labs/ HTTP/1.1" 200 2042 "-" "Mozilla/5.0 (Macintosh; Intel Mac OS X 10_15_6) AppleWebKit/605.1.15 (KHTML, like Gecko) Version/15.4 Safari/605.1.15"
212.147.76.193 - - [23/Mar/2022:11:06:34 +0100] "GET /teaching/nswi177/labs/05/ HTTP/1.1" 200 17467 "-" "Mozilla/5.0 (Macintosh; Intel Mac OS X 10_15_6) AppleWebKit/605.1.15 (KHTML, like Gecko) Version/15.4 Safari/605.1.15"
212.147.76.193 - - [23/Mar/2022:11:16:04 +0100] "GET /teaching/nswi177/labs/ HTTP/1.1" 200 9447 "-" "Mozilla/5.0 (Macintosh; Intel Mac OS X 10_15_6) AppleWebKit/605.1.15 (KHTML, like Gecko) Version/15.4 Safari/605.1.15"
212.147.76.193 - - [23/Mar/2022:11:16:13 +0100] "GET /teaching/nswi177/labs/04/ HTTP/1.1" 200 25609 "-" "Mozilla/5.0 (Macintosh; Intel Mac OS X 10_15_6) AppleWebKit/605.1.15 (KHTML, like Gecko) Version/15.4 Safari/605.1.15"
212.147.76.193 - - [23/Mar/2022:11:16:19 +0100] "GET /teaching/nswi177/labs/03/ HTTP/1.1" 200 22899 "-" "Mozilla/5.0 (Macintosh; Intel Mac OS X 10_15_6) AppleWebKit/605.1.15 (KHTML, like Gecko) Version/15.4 Safari/605.1.15"
103.83.167.187 - - [23/Mar/2022:11:19:36 +0100] "GET /teaching/nswi177/labs/ HTTP/1.1" 200 9447 "-" "Mozilla/5.0 (Windows NT 10.0; Win64; x64; rv:98.0) Gecko/20100101 Firefox/98.0"
83.283.114.312 - - [23/Mar/2022:11:26:35 +0100] "GET /teaching/nswi177/labs/ HTTP/1.1" 200 9400 "-" "Mozilla/5.0 (Linux; Android 6.0.1; Nexus 5X Build/MMB29P) AppleWebKit/537.36 (KHTML, like Gecko) Chrome/99.0.4844.82 Mobile Safari/537.36 (compatible; Googlebot/2.1; +http://www.google.com/bot.html)"
95.162.240.123 - - [23/Mar/2022:11:34:57 +0100] "GET /teaching/nswi177/labs/06/ HTTP/1.1" 200 12181 "-" "Mozilla/5.0 (X11; Linux x86_64; rv:98.0) Gecko/20100101 Firefox/98.0"
95.162.240.123 - - [23/Mar/2022:11:37:18 +0100] "GET /teaching/nswi177/labs/05/ HTTP/1.1" 200 17979 "-" "Mozilla/5.0 (X11; Linux x86_64; rv:98.0) Gecko/20100101 Firefox/98.0"
95.162.240.125 - - [23/Mar/2022:11:42:04 +0100] "GET /teaching/nswi177/labs/ HTTP/1.1" 200 9447 "-" "Mozilla/5.0 (Macintosh; Intel Mac OS X 10_15_7) AppleWebKit/605.1.15 (KHTML, like Gecko) Version/15.4 Safari/605.1.15"
95.162.240.125 - - [23/Mar/2022:11:42:06 +0100] "GET /teaching/nswi177/labs/06/ HTTP/1.1" 200 4776 "-" "Mozilla/5.0 (Macintosh; Intel Mac OS X 10_15_7) AppleWebKit/605.1.15 (KHTML, like Gecko) Version/15.4 Safari/605.1.15"
210.199.145.291 - - [23/Mar/2022:11:59:51 +0100] "GET /teaching/nswi177/ HTTP/1.1" 200 10487 "-" "Mozilla/5.0 (Windows NT 10.0; Win64; x64) AppleWebKit/537.36 (KHTML, like Gecko) Chrome/99.0.4844.51 Safari/537.36"
210.199.145.291 - - [23/Mar/2022:11:59:53 +0100] "GET /teaching/nswi177/labs/ HTTP/1.1" 200 2042 "-" "Mozilla/5.0 (Windows NT 10.0; Win64; x64) AppleWebKit/537.36 (KHTML, like Gecko) Chrome/99.0.4844.51 Safari/537.36"
210.199.145.291 - - [23/Mar/2022:11:59:57 +0100] "GET /teaching/nswi177/labs/06/ HTTP/1.1" 200 4776 "-" "Mozilla/5.0 (Windows NT 10.0; Win64; x64) AppleWebKit/537.36 (KHTML, like Gecko) Chrome/99.0.4844.51 Safari/537.36"
95.162.240.132 - - [23/Mar/2022:12:03:30 +0100] "GET /teaching/nswi177/labs/ HTTP/1.1" 200 2554 "-" "Mozilla/5.0 (X11; Ubuntu; Linux aarch64; rv:97.0) Gecko/20100101 Firefox/97.0"
95.162.240.132 - - [23/Mar/2022:12:03:34 +0100] "GET /teaching/nswi177/labs/06/ HTTP/1.1" 200 4776 "-" "Mozilla/5.0 (X11; Ubuntu; Linux aarch64; rv:97.0) Gecko/20100101 Firefox/97.0"
210.199.145.291 - - [23/Mar/2022:12:04:40 +0100] "GET /teaching/nswi177/get/ HTTP/1.1" 200 7229 "-" "Mozilla/5.0 (Windows NT 10.0; Win64; x64) AppleWebKit/537.36 (KHTML, like Gecko) Chrome/99.0.4844.51 Safari/537.36"
210.199.145.291 - - [23/Mar/2022:12:04:43 +0100] "GET /teaching/nswi177/labs/05/ HTTP/1.1" 200 17467 "-" "Mozilla/5.0 (Windows NT 10.0; Win64; x64) AppleWebKit/537.36 (KHTML, like Gecko) Chrome/99.0.4844.51 Safari/537.36"
210.199.145.291 - - [23/Mar/2022:12:05:36 +0100] "GET /teaching/nswi177/labs/04/ HTTP/1.1" 200 18716 "-" "Mozilla/5.0 (Windows NT 10.0; Win64; x64) AppleWebKit/537.36 (KHTML, like Gecko) Chrome/99.0.4844.51 Safari/537.36"
202.225.220.107 - - [23/Mar/2022:12:10:47 +0100] "GET /teaching/nswi177/202021/labs/04/ HTTP/1.1" 200 26129 "-" "Mozilla/5.0 (compatible; SemrushBot/7~bl; +http://www.semrush.com/bot.html)"
210.199.145.291 - - [23/Mar/2022:12:16:44 +0100] "GET /teaching/nswi177/labs/04/ HTTP/1.1" 200 18716 "-" "Mozilla/5.0 (X11; Fedora; Linux x86_64; rv:93.0) Gecko/20100101 Firefox/93.0"
210.199.145.291 - - [23/Mar/2022:12:17:03 +0100] "GET /teaching/nswi177/labs/05/ HTTP/1.1" 200 17979 "-" "Mozilla/5.0 (X11; Fedora; Linux x86_64; rv:93.0) Gecko/20100101 Firefox/93.0"
131.153.179.165 - - [23/Mar/2022:12:21:13 +0100] "GET /teaching/nswi177/202021/labs/06/ HTTP/1.1" 200 25257 "-" "Mozilla/5.0 (Linux; Android 7.0;) AppleWebKit/537.36 (KHTML, like Gecko) Mobile Safari/537.36 (compatible; PetalBot;+https://webmaster.petalsearch.com/site/petalbot)"
106.137.137.223 - - [23/Mar/2022:12:24:41 +0100] "GET /teaching/nswi177/ HTTP/1.1" 200 10487 "-" "Mozilla/5.0 (Windows NT 10.0; Win64; x64) AppleWebKit/537.36 (KHTML, like Gecko) Chrome/99.0.4844.82 Safari/537.36"
106.137.137.223 - - [23/Mar/2022:12:24:44 +0100] "GET /teaching/nswi177/labs/ HTTP/1.1" 200 2042 "-" "Mozilla/5.0 (Windows NT 10.0; Win64; x64) AppleWebKit/537.36 (KHTML, like Gecko) Chrome/99.0.4844.82 Safari/537.36"
106.137.137.223 - - [23/Mar/2022:12:24:45 +0100] "GET /teaching/nswi177/labs/01/ HTTP/1.1" 200 12880 "-" "Mozilla/5.0 (Windows NT 10.0; Win64; x64) AppleWebKit/537.36 (KHTML, like Gecko) Chrome/99.0.4844.82 Safari/537.36"
106.137.137.223 - - [23/Mar/2022:12:24:50 +0100] "GET /teaching/nswi177/labs/02/ HTTP/1.1" 200 20789 "-" "Mozilla/5.0 (Windows NT 10.0; Win64; x64) AppleWebKit/537.36 (KHTML, like Gecko) Chrome/99.0.4844.82 Safari/537.36"
83.283.115.156 - - [23/Mar/2022:12:24:50 +0100] "GET /teaching/nswi177/labs/01/ HTTP/1.1" 200 20238 "-" "Mozilla/5.0 (Linux; Android 6.0.1; Nexus 5X Build/MMB29P) AppleWebKit/537.36 (KHTML, like Gecko) Chrome/[CHROME_VERSION] Mobile Safari/537.36 (compatible; Googlebot/2.1; +http://www.google.com/bot.html)"
83.283.115.152 - - [23/Mar/2022:12:24:51 +0100] "GET /teaching/nswi177/labs/01/ HTTP/1.1" 200 20238 "-" "Mozilla/5.0 (compatible; Googlebot/2.1; +http://www.google.com/bot.html)"
106.137.137.223 - - [23/Mar/2022:12:25:08 +0100] "GET /teaching/nswi177/labs/03/ HTTP/1.1" 200 16006 "-" "Mozilla/5.0 (Windows NT 10.0; Win64; x64) AppleWebKit/537.36 (KHTML, like Gecko) Chrome/99.0.4844.82 Safari/537.36"
106.137.137.223 - - [23/Mar/2022:12:25:14 +0100] "GET /teaching/nswi177/get/ HTTP/1.1" 200 7229 "-" "Mozilla/5.0 (Windows NT 10.0; Win64; x64) AppleWebKit/537.36 (KHTML, like Gecko) Chrome/99.0.4844.82 Safari/537.36"
83.283.115.156 - - [23/Mar/2022:12:25:20 +0100] "GET /teaching/nswi177/get/ HTTP/1.1" 200 14075 "-" "Mozilla/5.0 (compatible; Googlebot/2.1; +http://www.google.com/bot.html)"
83.283.115.152 - - [23/Mar/2022:12:25:21 +0100] "GET /teaching/nswi177/get/ HTTP/1.1" 200 14075 "-" "Mozilla/5.0 (Linux; Android 6.0.1; Nexus 5X Build/MMB29P) AppleWebKit/537.36 (KHTML, like Gecko) Chrome/[CHROME_VERSION] Mobile Safari/537.36 (compatible; Googlebot/2.1; +http://www.google.com/bot.html)"
106.137.137.223 - - [23/Mar/2022:12:25:24 +0100] "GET /teaching/nswi177/manpage/ HTTP/1.1" 200 10888 "-" "Mozilla/5.0 (Windows NT 10.0; Win64; x64) AppleWebKit/537.36 (KHTML, like Gecko) Chrome/99.0.4844.82 Safari/537.36"
106.137.137.223 - - [23/Mar/2022:12:26:28 +0100] "GET /teaching/nswi177/labs/04/ HTTP/1.1" 200 18716 "-" "Mozilla/5.0 (Windows NT 10.0; Win64; x64) AppleWebKit/537.36 (KHTML, like Gecko) Chrome/99.0.4844.82 Safari/537.36"
106.137.137.223 - - [23/Mar/2022:12:26:46 +0100] "GET /teaching/nswi177/goals/ HTTP/1.1" 200 3193 "-" "Mozilla/5.0 (Windows NT 10.0; Win64; x64) AppleWebKit/537.36 (KHTML, like Gecko) Chrome/99.0.4844.82 Safari/537.36"
106.137.137.223 - - [23/Mar/2022:12:26:54 +0100] "GET /teaching/nswi177/202021/ HTTP/1.1" 200 4073 "-" "Mozilla/5.0 (Windows NT 10.0; Win64; x64) AppleWebKit/537.36 (KHTML, like Gecko) Chrome/99.0.4844.82 Safari/537.36"
106.137.137.223 - - [23/Mar/2022:12:26:59 +0100] "GET /teaching/nswi177/202021/labs/ HTTP/1.1" 200 3634 "-" "Mozilla/5.0 (Windows NT 10.0; Win64; x64) AppleWebKit/537.36 (KHTML, like Gecko) Chrome/99.0.4844.82 Safari/537.36"
106.137.137.223 - - [23/Mar/2022:12:27:00 +0100] "GET /teaching/nswi177/202021/labs/01/ HTTP/1.1" 200 9130 "-" "Mozilla/5.0 (Windows NT 10.0; Win64; x64) AppleWebKit/537.36 (KHTML, like Gecko) Chrome/99.0.4844.82 Safari/537.36"
83.283.115.152 - - [23/Mar/2022:12:27:01 +0100] "GET /teaching/nswi177/202021/ HTTP/1.1" 200 10919 "-" "Mozilla/5.0 (compatible; Googlebot/2.1; +http://www.google.com/bot.html)"
83.283.115.152 - - [23/Mar/2022:12:27:01 +0100] "GET /teaching/nswi177/202021/ HTTP/1.1" 200 3561 "-" "Mozilla/5.0 (Linux; Android 6.0.1; Nexus 5X Build/MMB29P) AppleWebKit/537.36 (KHTML, like Gecko) Chrome/[CHROME_VERSION] Mobile Safari/537.36 (compatible; Googlebot/2.1; +http://www.google.com/bot.html)"
106.137.137.223 - - [23/Mar/2022:12:27:08 +0100] "GET /teaching/nswi177/202021/labs/02/ HTTP/1.1" 200 26255 "-" "Mozilla/5.0 (Windows NT 10.0; Win64; x64) AppleWebKit/537.36 (KHTML, like Gecko) Chrome/99.0.4844.82 Safari/537.36"
83.283.115.154 - - [23/Mar/2022:12:27:15 +0100] "GET /teaching/nswi177/202021/labs/02/ HTTP/1.1" 200 26208 "-" "Mozilla/5.0 (Linux; Android 6.0.1; Nexus 5X Build/MMB29P) AppleWebKit/537.36 (KHTML, like Gecko) Chrome/[CHROME_VERSION] Mobile Safari/537.36 (compatible; Googlebot/2.1; +http://www.google.com/bot.html)"
83.283.115.154 - - [23/Mar/2022:12:27:15 +0100] "GET /teaching/nswi177/202021/labs/02/ HTTP/1.1" 200 18850 "-" "Mozilla/5.0 (compatible; Googlebot/2.1; +http://www.google.com/bot.html)"
106.137.137.223 - - [23/Mar/2022:12:27:20 +0100] "GET /teaching/nswi177/202021/labs/03/ HTTP/1.1" 200 20852 "-" "Mozilla/5.0 (Windows NT 10.0; Win64; x64) AppleWebKit/537.36 (KHTML, like Gecko) Chrome/99.0.4844.82 Safari/537.36"
106.137.137.223 - - [23/Mar/2022:12:27:25 +0100] "GET /teaching/nswi177/202021/manpages/ HTTP/1.1" 200 3491 "-" "Mozilla/5.0 (Windows NT 10.0; Win64; x64) AppleWebKit/537.36 (KHTML, like Gecko) Chrome/99.0.4844.82 Safari/537.36"
83.283.115.152 - - [23/Mar/2022:12:27:33 +0100] "GET /teaching/nswi177/202021/manpages/ HTTP/1.1" 200 10849 "-" "Mozilla/5.0 (compatible; Googlebot/2.1; +http://www.google.com/bot.html)"
83.283.115.152 - - [23/Mar/2022:12:27:34 +0100] "GET /teaching/nswi177/202021/manpages/ HTTP/1.1" 200 3491 "-" "Mozilla/5.0 (Linux; Android 6.0.1; Nexus 5X Build/MMB29P) AppleWebKit/537.36 (KHTML, like Gecko) Chrome/[CHROME_VERSION] Mobile Safari/537.36 (compatible; Googlebot/2.1; +http://www.google.com/bot.html)"
106.137.137.223 - - [23/Mar/2022:12:27:36 +0100] "GET /teaching/nswi177/202021/qa/ HTTP/1.1" 200 6337 "-" "Mozilla/5.0 (Windows NT 10.0; Win64; x64) AppleWebKit/537.36 (KHTML, like Gecko) Chrome/99.0.4844.82 Safari/537.36"
106.137.137.223 - - [23/Mar/2022:12:27:36 +0100] "GET /teaching/nswi177/202021/qa/ HTTP/1.1" 200 6337 "-" "Mozilla/5.0 (Windows NT 10.0; Win64; x64) AppleWebKit/537.36 (KHTML, like Gecko) Chrome/99.0.4844.82 Safari/537.36"
106.137.137.223 - - [23/Mar/2022:12:27:41 +0100] "GET /teaching/nswi177/202021/resources/ HTTP/1.1" 200 2950 "-" "Mozilla/5.0 (Windows NT 10.0; Win64; x64) AppleWebKit/537.36 (KHTML, like Gecko) Chrome/99.0.4844.82 Safari/537.36"
83.283.115.152 - - [23/Mar/2022:12:27:47 +0100] "GET /teaching/nswi177/202021/resources/ HTTP/1.1" 200 10308 "-" "Mozilla/5.0 (Linux; Android 6.0.1; Nexus 5X Build/MMB29P) AppleWebKit/537.36 (KHTML, like Gecko) Chrome/[CHROME_VERSION] Mobile Safari/537.36 (compatible; Googlebot/2.1; +http://www.google.com/bot.html)"
83.283.115.152 - - [23/Mar/2022:12:27:48 +0100] "GET /teaching/nswi177/202021/resources/ HTTP/1.1" 200 2950 "-" "Mozilla/5.0 (compatible; Googlebot/2.1; +http://www.google.com/bot.html)"
83.283.115.154 - - [23/Mar/2022:12:28:12 +0100] "GET /teaching/nswi177/202021/labs/01/ HTTP/1.1" 200 16488 "-" "Mozilla/5.0 (Linux; Android 6.0.1; Nexus 5X Build/MMB29P) AppleWebKit/537.36 (KHTML, like Gecko) Chrome/[CHROME_VERSION] Mobile Safari/537.36 (compatible; Googlebot/2.1; +http://www.google.com/bot.html)"
83.283.115.152 - - [23/Mar/2022:12:28:12 +0100] "GET /teaching/nswi177/202021/labs/01/ HTTP/1.1" 200 16488 "-" "Mozilla/5.0 (compatible; Googlebot/2.1; +http://www.google.com/bot.html)"
95.162.240.125 - - [23/Mar/2022:12:45:13 +0100] "GET /teaching/nswi177/labs/ HTTP/1.1" 200 9447 "-" "Mozilla/5.0 (Macintosh; Intel Mac OS X 10_15_7) AppleWebKit/605.1.15 (KHTML, like Gecko) Version/15.4 Safari/605.1.15"
95.162.240.125 - - [23/Mar/2022:12:45:16 +0100] "GET /teaching/nswi177/labs/05/ HTTP/1.1" 200 17467 "-" "Mozilla/5.0 (Macintosh; Intel Mac OS X 10_15_7) AppleWebKit/605.1.15 (KHTML, like Gecko) Version/15.4 Safari/605.1.15"
95.162.240.125 - - [23/Mar/2022:12:47:07 +0100] "GET /teaching/nswi177/202021/manpages/ HTTP/1.1" 200 10896 "-" "Mozilla/5.0 (Macintosh; Intel Mac OS X 10_15_7) AppleWebKit/605.1.15 (KHTML, like Gecko) Version/15.4 Safari/605.1.15"
95.162.240.130 - - [23/Mar/2022:12:52:52 +0100] "GET /teaching/nswi177/ HTTP/1.1" 200 3594 "-" "Mozilla/5.0 (X11; Fedora; Linux x86_64; rv:98.0) Gecko/20100101 Firefox/98.0"
95.162.240.154 - - [23/Mar/2022:13:00:38 +0100] "GET /teaching/nswi177/ HTTP/1.1" 200 10487 "-" "Mozilla/5.0 (Windows NT 10.0; Win64; x64) AppleWebKit/537.36 (KHTML, like Gecko) Chrome/99.0.4844.74 Safari/537.36"
95.162.240.154 - - [23/Mar/2022:13:00:59 +0100] "GET /teaching/nswi177/labs/ HTTP/1.1" 200 2554 "-" "Mozilla/5.0 (Windows NT 10.0; Win64; x64) AppleWebKit/537.36 (KHTML, like Gecko) Chrome/99.0.4844.74 Safari/537.36"
95.162.240.154 - - [23/Mar/2022:13:01:01 +0100] "GET /teaching/nswi177/labs/06/ HTTP/1.1" 200 4776 "-" "Mozilla/5.0 (Windows NT 10.0; Win64; x64) AppleWebKit/537.36 (KHTML, like Gecko) Chrome/99.0.4844.74 Safari/537.36"
95.162.240.151 - - [23/Mar/2022:13:07:21 +0100] "GET /teaching/nswi177/ HTTP/1.1" 200 10487 "-" "Mozilla/5.0 (Windows NT 10.0; Win64; x64) AppleWebKit/537.36 (KHTML, like Gecko) Chrome/99.0.4844.74 Safari/537.36"
95.162.240.154 - - [23/Mar/2022:13:09:35 +0100] "GET /teaching/nswi177/ HTTP/1.1" 200 10487 "-" "Mozilla/5.0 (X11; Fedora; Linux x86_64) AppleWebKit/537.36 (KHTML, like Gecko) Chrome/93.0.4577.63 Safari/537.36"
95.162.240.154 - - [23/Mar/2022:13:09:37 +0100] "GET /teaching/nswi177/labs/ HTTP/1.1" 200 2042 "-" "Mozilla/5.0 (X11; Fedora; Linux x86_64) AppleWebKit/537.36 (KHTML, like Gecko) Chrome/93.0.4577.63 Safari/537.36"
95.162.240.154 - - [23/Mar/2022:13:09:39 +0100] "GET /teaching/nswi177/labs/06/ HTTP/1.1" 200 4776 "-" "Mozilla/5.0 (X11; Fedora; Linux x86_64) AppleWebKit/537.36 (KHTML, like Gecko) Chrome/93.0.4577.63 Safari/537.36"
202.225.220.104 - - [23/Mar/2022:13:10:19 +0100] "GET /teaching/nswi177/202021/ HTTP/1.1" 200 10930 "-" "Mozilla/5.0 (compatible; SemrushBot/7~bl; +http://www.semrush.com/bot.html)"
95.114.66.196 - - [23/Mar/2022:13:12:59 +0100] "GET /teaching/nswi177/labs/ HTTP/1.1" 200 9447 "-" "Mozilla/5.0 (Windows NT 10.0; Win64; x64; rv:98.0) Gecko/20100101 Firefox/98.0"
95.114.66.196 - - [23/Mar/2022:13:13:14 +0100] "GET /teaching/nswi177/labs/06/ HTTP/1.1" 200 5288 "-" "Mozilla/5.0 (Windows NT 10.0; Win64; x64; rv:98.0) Gecko/20100101 Firefox/98.0"
95.162.240.130 - - [23/Mar/2022:13:16:00 +0100] "GET /teaching/nswi177/labs/04/ HTTP/1.1" 200 25609 "-" "Mozilla/5.0 (Windows NT 10.0; Win64; x64) AppleWebKit/537.36 (KHTML, like Gecko) Chrome/99.0.4844.51 Safari/537.36"
95.162.240.130 - - [23/Mar/2022:13:16:04 +0100] "GET /teaching/nswi177/labs/ HTTP/1.1" 200 2042 "-" "Mozilla/5.0 (Windows NT 10.0; Win64; x64) AppleWebKit/537.36 (KHTML, like Gecko) Chrome/99.0.4844.51 Safari/537.36"
95.162.240.130 - - [23/Mar/2022:13:16:08 +0100] "GET /teaching/nswi177/labs/06/ HTTP/1.1" 200 4776 "-" "Mozilla/5.0 (Windows NT 10.0; Win64; x64) AppleWebKit/537.36 (KHTML, like Gecko) Chrome/99.0.4844.51 Safari/537.36"
95.114.66.196 - - [23/Mar/2022:13:16:31 +0100] "GET /teaching/nswi177/labs/05/ HTTP/1.1" 200 17979 "-" "Mozilla/5.0 (Windows NT 10.0; Win64; x64; rv:98.0) Gecko/20100101 Firefox/98.0"
212.147.70.246 - - [23/Mar/2022:13:23:33 +0100] "GET /teaching/nswi177/ HTTP/1.1" 200 10487 "-" "Mozilla/5.0 (X11; Linux x86_64) AppleWebKit/537.36 (KHTML, like Gecko) Chrome/99.0.4844.74 Safari/537.36"
212.147.70.246 - - [23/Mar/2022:13:23:36 +0100] "GET /teaching/nswi177/labs/ HTTP/1.1" 200 2042 "-" "Mozilla/5.0 (X11; Linux x86_64) AppleWebKit/537.36 (KHTML, like Gecko) Chrome/99.0.4844.74 Safari/537.36"
212.147.70.246 - - [23/Mar/2022:13:23:38 +0100] "GET /teaching/nswi177/labs/05/ HTTP/1.1" 200 17467 "-" "Mozilla/5.0 (X11; Linux x86_64) AppleWebKit/537.36 (KHTML, like Gecko) Chrome/99.0.4844.74 Safari/537.36"
212.147.70.246 - - [23/Mar/2022:13:23:41 +0100] "GET /teaching/nswi177/labs/06/ HTTP/1.1" 200 4776 "-" "Mozilla/5.0 (X11; Linux x86_64) AppleWebKit/537.36 (KHTML, like Gecko) Chrome/99.0.4844.74 Safari/537.36"
95.162.240.145 - - [23/Mar/2022:13:33:24 +0100] "GET /teaching/nswi177/labs/06/ HTTP/1.1" 200 12181 "-" "Mozilla/5.0 (X11; Linux x86_64) AppleWebKit/537.36 (KHTML, like Gecko) Chrome/99.0.4844.51 Safari/537.36"
95.162.240.145 - - [23/Mar/2022:13:33:25 +0100] "GET /teaching/nswi177/labs/05/ HTTP/1.1" 200 17467 "-" "Mozilla/5.0 (X11; Linux x86_64) AppleWebKit/537.36 (KHTML, like Gecko) Chrome/99.0.4844.51 Safari/537.36"
95.162.240.154 - - [23/Mar/2022:13:34:46 +0100] "GET /teaching/nswi177/labs/ HTTP/1.1" 200 2042 "-" "Mozilla/5.0 (X11; Fedora; Linux x86_64) AppleWebKit/537.36 (KHTML, like Gecko) Chrome/93.0.4577.63 Safari/537.36"
95.162.240.154 - - [23/Mar/2022:13:34:49 +0100] "GET /teaching/nswi177/labs/04/ HTTP/1.1" 200 18204 "-" "Mozilla/5.0 (X11; Fedora; Linux x86_64) AppleWebKit/537.36 (KHTML, like Gecko) Chrome/93.0.4577.63 Safari/537.36"
83.283.115.152 - - [23/Mar/2022:13:35:34 +0100] "GET /teaching/nswi177/labs/05/ HTTP/1.1" 200 24825 "-" "Mozilla/5.0 (Linux; Android 6.0.1; Nexus 5X Build/MMB29P) AppleWebKit/537.36 (KHTML, like Gecko) Chrome/99.0.4844.82 Mobile Safari/537.36 (compatible; Googlebot/2.1; +http://www.google.com/bot.html)"
95.162.240.154 - - [23/Mar/2022:13:35:37 +0100] "GET /teaching/nswi177/labs/03/ HTTP/1.1" 200 16006 "-" "Mozilla/5.0 (X11; Fedora; Linux x86_64) AppleWebKit/537.36 (KHTML, like Gecko) Chrome/93.0.4577.63 Safari/537.36"
212.147.70.246 - - [23/Mar/2022:13:38:02 +0100] "GET /teaching/nswi177/labs/04/ HTTP/1.1" 200 25609 "-" "Mozilla/5.0 (X11; Linux x86_64) AppleWebKit/537.36 (KHTML, like Gecko) Chrome/99.0.4844.74 Safari/537.36"
174.89.88.303 - - [23/Mar/2022:13:41:33 +0100] "GET /teaching/nswi177/labs/03/ HTTP/1.1" 200 23028 "-" "Mozilla/5.0 (compatible; bingbot/2.0; +http://www.bing.com/bingbot.htm)"
212.147.65.111 - - [23/Mar/2022:13:46:47 +0100] "GET /teaching/nswi177/labs/04/ HTTP/1.1" 200 25609 "-" "Mozilla/5.0 (X11; Fedora; Linux x86_64; rv:93.0) Gecko/20100101 Firefox/93.0"
212.147.65.111 - - [23/Mar/2022:13:47:21 +0100] "GET /teaching/nswi177/labs/ HTTP/1.1" 200 2554 "-" "Mozilla/5.0 (X11; Fedora; Linux x86_64; rv:93.0) Gecko/20100101 Firefox/93.0"
212.147.65.111 - - [23/Mar/2022:13:47:27 +0100] "GET /teaching/nswi177/labs/06/ HTTP/1.1" 200 5288 "-" "Mozilla/5.0 (X11; Fedora; Linux x86_64; rv:93.0) Gecko/20100101 Firefox/93.0"
212.147.65.111 - - [23/Mar/2022:13:47:47 +0100] "GET /teaching/nswi177/labs/05/ HTTP/1.1" 200 17979 "-" "Mozilla/5.0 (X11; Fedora; Linux x86_64; rv:93.0) Gecko/20100101 Firefox/93.0"
201.196.265.172 - - [23/Mar/2022:13:52:03 +0100] "GET /wp-login.php HTTP/1.1" 404 10755 "-" "Mozilla/4.0 (compatible; MSIE 6.0; Windows NT 5.0)"
102.194.81.150 - - [23/Mar/2022:14:01:20 +0100] "GET /teaching/nswi177/ HTTP/1.1" 200 10487 "-" "Mozilla/5.0 (Linux; Android 11; M2102J20SG) AppleWebKit/537.36 (KHTML, like Gecko) Chrome/99.0.4844.73 Mobile Safari/537.36"
102.194.81.150 - - [23/Mar/2022:14:01:23 +0100] "GET /teaching/nswi177/guide/ HTTP/1.1" 200 6198 "-" "Mozilla/5.0 (Linux; Android 11; M2102J20SG) AppleWebKit/537.36 (KHTML, like Gecko) Chrome/99.0.4844.73 Mobile Safari/537.36"
212.147.182.321 - - [23/Mar/2022:14:01:38 +0100] "GET /teaching/nswi177/ HTTP/1.0" 200 8863 "-" "Mozilla/5.0 (compatible; heritrix/3.4.0-20210923 +http://webarchiv.cz/kontakty)"
83.283.115.154 - - [23/Mar/2022:14:03:06 +0100] "GET /teaching/nswi177/guide/ HTTP/1.1" 200 13556 "-" "Mozilla/5.0 (compatible; Googlebot/2.1; +http://www.google.com/bot.html)"
83.283.115.152 - - [23/Mar/2022:14:03:07 +0100] "GET /teaching/nswi177/guide/ HTTP/1.1" 200 13556 "-" "Mozilla/5.0 (Linux; Android 6.0.1; Nexus 5X Build/MMB29P) AppleWebKit/537.36 (KHTML, like Gecko) Chrome/[CHROME_VERSION] Mobile Safari/537.36 (compatible; Googlebot/2.1; +http://www.google.com/bot.html)"
212.147.65.161 - - [23/Mar/2022:14:04:26 +0100] "GET /teaching/nswi177/ HTTP/1.1" 200 10487 "-" "Mozilla/5.0 (X11; Linux x86_64; rv:98.0) Gecko/20100101 Firefox/98.0"
95.162.240.154 - - [23/Mar/2022:14:05:06 +0100] "GET /teaching/nswi177/ HTTP/1.1" 200 10487 "-" "Mozilla/5.0 (X11; Linux x86_64) AppleWebKit/537.36 (KHTML, like Gecko) Chrome/98.0.4758.136 Safari/537.36"
95.162.240.154 - - [23/Mar/2022:14:05:11 +0100] "GET /teaching/nswi177/labs/ HTTP/1.1" 200 2042 "-" "Mozilla/5.0 (X11; Linux x86_64) AppleWebKit/537.36 (KHTML, like Gecko) Chrome/98.0.4758.136 Safari/537.36"
212.147.65.161 - - [23/Mar/2022:14:05:11 +0100] "GET /teaching/nswi177/ HTTP/1.1" 200 10487 "-" "Mozilla/5.0 (X11; Linux x86_64; rv:98.0) Gecko/20100101 Firefox/98.0"
95.162.240.154 - - [23/Mar/2022:14:05:13 +0100] "GET /teaching/nswi177/labs/06/ HTTP/1.1" 200 4776 "-" "Mozilla/5.0 (X11; Linux x86_64) AppleWebKit/537.36 (KHTML, like Gecko) Chrome/98.0.4758.136 Safari/537.36"
212.147.65.161 - - [23/Mar/2022:14:05:22 +0100] "GET /teaching/nswi177/ HTTP/1.1" 200 10487 "-" "Mozilla/5.0 (X11; Linux x86_64; rv:98.0) Gecko/20100101 Firefox/98.0"
212.147.65.161 - - [23/Mar/2022:14:05:28 +0100] "GET /teaching/nswi177/labs/ HTTP/1.1" 200 2554 "-" "Mozilla/5.0 (X11; Linux x86_64; rv:98.0) Gecko/20100101 Firefox/98.0"
212.147.65.161 - - [23/Mar/2022:14:05:30 +0100] "GET /teaching/nswi177/labs/06/ HTTP/1.1" 200 4776 "-" "Mozilla/5.0 (X11; Linux x86_64; rv:98.0) Gecko/20100101 Firefox/98.0"
212.147.65.161 - - [23/Mar/2022:14:05:38 +0100] "GET /teaching/nswi177/ HTTP/1.1" 200 10487 "-" "Mozilla/5.0 (X11; Linux x86_64; rv:98.0) Gecko/20100101 Firefox/98.0"
212.147.65.161 - - [23/Mar/2022:14:05:41 +0100] "GET /teaching/nswi177/labs/ HTTP/1.1" 200 2042 "-" "Mozilla/5.0 (X11; Linux x86_64; rv:98.0) Gecko/20100101 Firefox/98.0"
212.147.65.161 - - [23/Mar/2022:14:05:42 +0100] "GET /teaching/nswi177/labs/05/ HTTP/1.1" 200 17467 "-" "Mozilla/5.0 (X11; Linux x86_64; rv:98.0) Gecko/20100101 Firefox/98.0"
95.162.240.154 - - [23/Mar/2022:14:06:17 +0100] "GET /teaching/nswi177/ HTTP/1.1" 200 10487 "-" "Mozilla/5.0 (Windows NT 10.0; Win64; x64) AppleWebKit/537.36 (KHTML, like Gecko) Chrome/99.0.4844.82 Safari/537.36"
95.162.240.154 - - [23/Mar/2022:14:06:21 +0100] "GET /teaching/nswi177/get/ HTTP/1.1" 200 6717 "-" "Mozilla/5.0 (Windows NT 10.0; Win64; x64) AppleWebKit/537.36 (KHTML, like Gecko) Chrome/99.0.4844.82 Safari/537.36"
95.162.240.154 - - [23/Mar/2022:14:06:21 +0100] "GET /teaching/nswi177/labs/ HTTP/1.1" 200 2042 "-" "Mozilla/5.0 (Windows NT 10.0; Win64; x64) AppleWebKit/537.36 (KHTML, like Gecko) Chrome/99.0.4844.82 Safari/537.36"
95.162.240.154 - - [23/Mar/2022:14:06:23 +0100] "GET /teaching/nswi177/labs/06/ HTTP/1.1" 200 4776 "-" "Mozilla/5.0 (Windows NT 10.0; Win64; x64) AppleWebKit/537.36 (KHTML, like Gecko) Chrome/99.0.4844.82 Safari/537.36"
95.162.240.154 - - [23/Mar/2022:14:06:31 +0100] "GET /teaching/nswi177/labs/05/ HTTP/1.1" 200 17979 "-" "Mozilla/5.0 (Windows NT 10.0; Win64; x64) AppleWebKit/537.36 (KHTML, like Gecko) Chrome/99.0.4844.82 Safari/537.36"
212.147.65.161 - - [23/Mar/2022:14:06:56 +0100] "GET /teaching/nswi177/labs/05/ HTTP/1.1" 200 17979 "-" "Mozilla/5.0 (X11; Linux x86_64; rv:98.0) Gecko/20100101 Firefox/98.0"
212.147.65.161 - - [23/Mar/2022:14:07:40 +0100] "GET /teaching/nswi177/labs/ HTTP/1.1" 200 9447 "-" "Mozilla/5.0 (X11; Linux x86_64; rv:98.0) Gecko/20100101 Firefox/98.0"
202.149.55.196 - - [23/Mar/2022:14:07:44 +0100] "GET /teaching/nswi177/ HTTP/1.1" 200 10487 "-" "Mozilla/5.0 (Macintosh; Intel Mac OS X 10_15_7) AppleWebKit/537.36 (KHTML, like Gecko) Chrome/98.0.4758.102 Safari/537.36"
202.149.55.196 - - [23/Mar/2022:14:07:47 +0100] "GET /teaching/nswi177/labs/ HTTP/1.1" 200 2042 "-" "Mozilla/5.0 (Macintosh; Intel Mac OS X 10_15_7) AppleWebKit/537.36 (KHTML, like Gecko) Chrome/98.0.4758.102 Safari/537.36"
202.149.55.196 - - [23/Mar/2022:14:07:50 +0100] "GET /teaching/nswi177/labs/05/ HTTP/1.1" 200 17467 "-" "Mozilla/5.0 (Macintosh; Intel Mac OS X 10_15_7) AppleWebKit/537.36 (KHTML, like Gecko) Chrome/98.0.4758.102 Safari/537.36"
212.147.65.161 - - [23/Mar/2022:14:07:54 +0100] "GET /teaching/nswi177/ HTTP/1.1" 200 10487 "-" "Mozilla/5.0 (X11; Linux x86_64; rv:98.0) Gecko/20100101 Firefox/98.0"
95.162.240.154 - - [23/Mar/2022:14:08:19 +0100] "GET /teaching/nswi177/labs/05/ HTTP/1.1" 200 17467 "-" "Mozilla/5.0 (X11; Linux x86_64; rv:98.0) Gecko/20100101 Firefox/98.0"
202.149.55.196 - - [23/Mar/2022:14:08:22 +0100] "GET /teaching/nswi177/labs/04/ HTTP/1.1" 200 18716 "-" "Mozilla/5.0 (Macintosh; Intel Mac OS X 10_15_7) AppleWebKit/537.36 (KHTML, like Gecko) Chrome/98.0.4758.102 Safari/537.36"
212.147.65.161 - - [23/Mar/2022:14:08:28 +0100] "GET /teaching/nswi177/ HTTP/1.1" 200 10487 "-" "Mozilla/5.0 (X11; Linux x86_64) AppleWebKit/537.36 (KHTML, like Gecko) Chrome/99.0.4844.74 Safari/537.36"
212.147.65.161 - - [23/Mar/2022:14:10:05 +0100] "GET /teaching/nswi177/labs/ HTTP/1.1" 200 2554 "-" "Mozilla/5.0 (X11; Linux x86_64; rv:98.0) Gecko/20100101 Firefox/98.0"
212.147.65.161 - - [23/Mar/2022:14:10:09 +0100] "GET /teaching/nswi177/labs/05/ HTTP/1.1" 200 17467 "-" "Mozilla/5.0 (X11; Linux x86_64; rv:98.0) Gecko/20100101 Firefox/98.0"
212.147.65.161 - - [23/Mar/2022:14:19:22 +0100] "GET /teaching/nswi177/labs/04/ HTTP/1.1" 200 25609 "-" "Mozilla/5.0 (X11; Linux x86_64; rv:98.0) Gecko/20100101 Firefox/98.0"
95.79.54.176 - - [23/Mar/2022:14:47:54 +0100] "GET /teaching/nswi177/labs/04/ HTTP/1.1" 200 25609 "-" "Mozilla/5.0 (Windows NT 10.0; Win64; x64) AppleWebKit/537.36 (KHTML, like Gecko) Chrome/99.0.4844.82 Safari/537.36"
95.162.240.154 - - [23/Mar/2022:14:48:42 +0100] "GET /teaching/nswi177/ HTTP/1.1" 200 10487 "-" "Mozilla/5.0 (X11; Linux x86_64; rv:98.0) Gecko/20100101 Firefox/98.0"
95.162.240.154 - - [23/Mar/2022:14:48:44 +0100] "GET /teaching/nswi177/labs/ HTTP/1.1" 200 2042 "-" "Mozilla/5.0 (X11; Linux x86_64; rv:98.0) Gecko/20100101 Firefox/98.0"
95.162.240.154 - - [23/Mar/2022:14:48:47 +0100] "GET /teaching/nswi177/labs/06/ HTTP/1.1" 200 4776 "-" "Mozilla/5.0 (X11; Linux x86_64; rv:98.0) Gecko/20100101 Firefox/98.0"
95.162.240.154 - - [23/Mar/2022:14:48:52 +0100] "GET /teaching/nswi177/labs/05/ HTTP/1.1" 200 17467 "-" "Mozilla/5.0 (X11; Linux x86_64; rv:98.0) Gecko/20100101 Firefox/98.0"
212.147.65.161 - - [23/Mar/2022:14:53:39 +0100] "GET /teaching/nswi177/labs/ HTTP/1.1" 200 9447 "-" "Mozilla/5.0 (X11; Linux x86_64; rv:98.0) Gecko/20100101 Firefox/98.0"
212.147.182.304 - - [23/Mar/2022:14:53:53 +0100] "GET /teaching/nswi177/ HTTP/1.0" 200 8863 "-" "Mozilla/5.0 (compatible; heritrix/3.4.0-SNAPSHOT-2019-04-18T15:23:13Z +http://webarchiv.cz/kontakty)"
212.147.65.111 - - [23/Mar/2022:14:55:37 +0100] "GET /teaching/nswi177/labs/ HTTP/1.1" 200 9447 "-" "Mozilla/5.0 (X11; Fedora; Linux x86_64; rv:93.0) Gecko/20100101 Firefox/93.0"
103.83.284.164 - - [23/Mar/2022:14:56:04 +0100] "GET /teaching/nswi177/ HTTP/1.1" 200 3082 "-" "Mozilla/5.0 (X11; Fedora; Linux x86_64; rv:93.0) Gecko/20100101 Firefox/93.0"
103.83.284.164 - - [23/Mar/2022:14:56:06 +0100] "GET /teaching/nswi177/labs/ HTTP/1.1" 200 2042 "-" "Mozilla/5.0 (X11; Fedora; Linux x86_64; rv:93.0) Gecko/20100101 Firefox/93.0"
212.147.65.111 - - [23/Mar/2022:14:58:00 +0100] "GET /teaching/nswi177/labs/05/ HTTP/1.1" 200 17979 "-" "Mozilla/5.0 (X11; Fedora; Linux x86_64; rv:93.0) Gecko/20100101 Firefox/93.0"
212.147.65.111 - - [23/Mar/2022:14:58:13 +0100] "GET /teaching/nswi177/labs/02/ HTTP/1.1" 200 21301 "-" "Mozilla/5.0 (X11; Fedora; Linux x86_64; rv:93.0) Gecko/20100101 Firefox/93.0"
71.70.197.327 - - [23/Mar/2022:14:58:53 +0100] "GET /teaching/nswi177/201920/tasks/05/ HTTP/1.1" 200 18288 "-" "Mozilla/5.0 (compatible; AhrefsBot/7.0; +http://ahrefs.com/robot/)"
106.221.231.127 - - [23/Mar/2022:14:59:21 +0100] "GET /wp-login.php HTTP/1.1" 404 11198 "-" "Mozilla/5.0 (Windows NT 10.0; Win64; x64) AppleWebKit/537.36 (KHTML, like Gecko) Chrome/91.0.4472.124 Safari/537.36"
212.147.65.111 - - [23/Mar/2022:15:01:45 +0100] "GET /teaching/nswi177/labs/03/ HTTP/1.1" 200 16006 "-" "Mozilla/5.0 (X11; Fedora; Linux x86_64; rv:93.0) Gecko/20100101 Firefox/93.0"
95.79.54.176 - - [23/Mar/2022:15:14:01 +0100] "GET /teaching/nswi177/labs/06/ HTTP/1.1" 200 12181 "-" "Mozilla/5.0 (Windows NT 10.0; Win64; x64) AppleWebKit/537.36 (KHTML, like Gecko) Chrome/99.0.4844.82 Safari/537.36"
212.147.69.205 - - [23/Mar/2022:15:15:54 +0100] "GET /teaching/nswi177/labs/07 HTTP/1.1" 404 11187 "-" "Mozilla/5.0 (X11; Linux x86_64) AppleWebKit/537.36 (KHTML, like Gecko) QtWebEngine/5.15.2 Chrome/87.0.4280.144 Safari/537.36"
212.147.69.205 - - [23/Mar/2022:15:15:58 +0100] "GET /teaching/nswi177/labs/06/ HTTP/1.1" 200 4776 "-" "Mozilla/5.0 (X11; Linux x86_64) AppleWebKit/537.36 (KHTML, like Gecko) QtWebEngine/5.15.2 Chrome/87.0.4280.144 Safari/537.36"
212.147.65.161 - - [23/Mar/2022:15:22:15 +0100] "GET /teaching/nswi177/ HTTP/1.1" 200 10487 "-" "Mozilla/5.0 (Windows NT 10.0; Win64; x64) AppleWebKit/537.36 (KHTML, like Gecko) Chrome/99.0.4844.82 Safari/537.36"
212.147.65.161 - - [23/Mar/2022:15:22:20 +0100] "GET /teaching/nswi177/labs/ HTTP/1.1" 200 2554 "-" "Mozilla/5.0 (Windows NT 10.0; Win64; x64) AppleWebKit/537.36 (KHTML, like Gecko) Chrome/99.0.4844.82 Safari/537.36"
212.147.65.161 - - [23/Mar/2022:15:22:22 +0100] "GET /teaching/nswi177/labs/06/ HTTP/1.1" 200 4776 "-" "Mozilla/5.0 (Windows NT 10.0; Win64; x64) AppleWebKit/537.36 (KHTML, like Gecko) Chrome/99.0.4844.82 Safari/537.36"
212.147.182.304 - - [23/Mar/2022:15:22:29 +0100] "GET /teaching/nswi177/ HTTP/1.0" 200 8863 "-" "Mozilla/5.0 (compatible; heritrix/3.4.0-SNAPSHOT-2019-04-18T15:23:13Z +http://webarchiv.cz/kontakty)"
212.147.65.111 - - [23/Mar/2022:15:26:04 +0100] "GET /teaching/nswi177/labs/04/ HTTP/1.1" 200 25609 "-" "Mozilla/5.0 (X11; Fedora; Linux x86_64; rv:93.0) Gecko/20100101 Firefox/93.0"
164.265.170.292 - - [23/Mar/2022:15:27:34 +0100] "GET /teaching/nswi177/ HTTP/1.1" 200 10487 "-" "Mozilla/5.0 (X11; Linux x86_64) AppleWebKit/537.36 (KHTML, like Gecko) Chrome/98.0.4758.87 Safari/537.36"
95.162.240.154 - - [23/Mar/2022:15:28:22 +0100] "GET /teaching/nswi177/ HTTP/1.1" 200 10487 "-" "Mozilla/5.0 (X11; Fedora; Linux x86_64) AppleWebKit/537.36 (KHTML, like Gecko) Chrome/93.0.4577.63 Safari/537.36"
95.162.240.154 - - [23/Mar/2022:15:28:25 +0100] "GET /teaching/nswi177/labs/ HTTP/1.1" 200 2042 "-" "Mozilla/5.0 (X11; Fedora; Linux x86_64) AppleWebKit/537.36 (KHTML, like Gecko) Chrome/93.0.4577.63 Safari/537.36"
95.162.240.154 - - [23/Mar/2022:15:28:26 +0100] "GET /teaching/nswi177/images/next.png HTTP/1.1" 404 3782 "-" "Mozilla/5.0 (X11; Fedora; Linux x86_64) AppleWebKit/537.36 (KHTML, like Gecko) Chrome/93.0.4577.63 Safari/537.36"
95.162.240.154 - - [23/Mar/2022:15:28:26 +0100] "GET /teaching/nswi177/images/loading.gif HTTP/1.1" 404 4294 "-" "Mozilla/5.0 (X11; Fedora; Linux x86_64) AppleWebKit/537.36 (KHTML, like Gecko) Chrome/93.0.4577.63 Safari/537.36"
95.162.240.154 - - [23/Mar/2022:15:28:26 +0100] "GET /teaching/nswi177/images/prev.png HTTP/1.1" 404 3782 "-" "Mozilla/5.0 (X11; Fedora; Linux x86_64) AppleWebKit/537.36 (KHTML, like Gecko) Chrome/93.0.4577.63 Safari/537.36"
95.162.240.154 - - [23/Mar/2022:15:28:26 +0100] "GET /teaching/nswi177/images/close.png HTTP/1.1" 404 4294 "-" "Mozilla/5.0 (X11; Fedora; Linux x86_64) AppleWebKit/537.36 (KHTML, like Gecko) Chrome/93.0.4577.63 Safari/537.36"
95.162.240.154 - - [23/Mar/2022:15:28:40 +0100] "GET /teaching/nswi177/labs/05/ HTTP/1.1" 200 17979 "-" "Mozilla/5.0 (X11; Fedora; Linux x86_64) AppleWebKit/537.36 (KHTML, like Gecko) Chrome/93.0.4577.63 Safari/537.36"
95.162.240.154 - - [23/Mar/2022:15:28:41 +0100] "GET /teaching/nswi177/labs/images/prev.png HTTP/1.1" 404 3782 "-" "Mozilla/5.0 (X11; Fedora; Linux x86_64) AppleWebKit/537.36 (KHTML, like Gecko) Chrome/93.0.4577.63 Safari/537.36"
95.162.240.154 - - [23/Mar/2022:15:28:41 +0100] "GET /teaching/nswi177/labs/images/next.png HTTP/1.1" 404 4294 "-" "Mozilla/5.0 (X11; Fedora; Linux x86_64) AppleWebKit/537.36 (KHTML, like Gecko) Chrome/93.0.4577.63 Safari/537.36"
95.162.240.154 - - [23/Mar/2022:15:28:41 +0100] "GET /teaching/nswi177/labs/images/loading.gif HTTP/1.1" 404 3782 "-" "Mozilla/5.0 (X11; Fedora; Linux x86_64) AppleWebKit/537.36 (KHTML, like Gecko) Chrome/93.0.4577.63 Safari/537.36"
95.162.240.154 - - [23/Mar/2022:15:28:41 +0100] "GET /teaching/nswi177/labs/images/close.png HTTP/1.1" 404 3782 "-" "Mozilla/5.0 (X11; Fedora; Linux x86_64) AppleWebKit/537.36 (KHTML, like Gecko) Chrome/93.0.4577.63 Safari/537.36"
95.162.240.154 - - [23/Mar/2022:15:29:06 +0100] "GET /teaching/nswi177/images/prev.png HTTP/1.1" 404 4294 "-" "Mozilla/5.0 (X11; Fedora; Linux x86_64) AppleWebKit/537.36 (KHTML, like Gecko) Chrome/93.0.4577.63 Safari/537.36"
95.162.240.154 - - [23/Mar/2022:15:29:06 +0100] "GET /teaching/nswi177/images/next.png HTTP/1.1" 404 4294 "-" "Mozilla/5.0 (X11; Fedora; Linux x86_64) AppleWebKit/537.36 (KHTML, like Gecko) Chrome/93.0.4577.63 Safari/537.36"
95.162.240.154 - - [23/Mar/2022:15:29:06 +0100] "GET /teaching/nswi177/images/loading.gif HTTP/1.1" 404 3782 "-" "Mozilla/5.0 (X11; Fedora; Linux x86_64) AppleWebKit/537.36 (KHTML, like Gecko) Chrome/93.0.4577.63 Safari/537.36"
95.162.240.154 - - [23/Mar/2022:15:29:06 +0100] "GET /teaching/nswi177/images/close.png HTTP/1.1" 404 3782 "-" "Mozilla/5.0 (X11; Fedora; Linux x86_64) AppleWebKit/537.36 (KHTML, like Gecko) Chrome/93.0.4577.63 Safari/537.36"
95.162.240.154 - - [23/Mar/2022:15:29:07 +0100] "GET /teaching/nswi177/labs/06/ HTTP/1.1" 200 4776 "-" "Mozilla/5.0 (X11; Fedora; Linux x86_64) AppleWebKit/537.36 (KHTML, like Gecko) Chrome/93.0.4577.63 Safari/537.36"
95.162.240.154 - - [23/Mar/2022:15:29:08 +0100] "GET /teaching/nswi177/labs/images/prev.png HTTP/1.1" 404 3782 "-" "Mozilla/5.0 (X11; Fedora; Linux x86_64) AppleWebKit/537.36 (KHTML, like Gecko) Chrome/93.0.4577.63 Safari/537.36"
95.162.240.154 - - [23/Mar/2022:15:29:08 +0100] "GET /teaching/nswi177/labs/images/loading.gif HTTP/1.1" 404 4294 "-" "Mozilla/5.0 (X11; Fedora; Linux x86_64) AppleWebKit/537.36 (KHTML, like Gecko) Chrome/93.0.4577.63 Safari/537.36"
95.162.240.154 - - [23/Mar/2022:15:29:08 +0100] "GET /teaching/nswi177/labs/images/close.png HTTP/1.1" 404 4294 "-" "Mozilla/5.0 (X11; Fedora; Linux x86_64) AppleWebKit/537.36 (KHTML, like Gecko) Chrome/93.0.4577.63 Safari/537.36"
95.162.240.154 - - [23/Mar/2022:15:29:08 +0100] "GET /teaching/nswi177/labs/images/next.png HTTP/1.1" 404 3782 "-" "Mozilla/5.0 (X11; Fedora; Linux x86_64) AppleWebKit/537.36 (KHTML, like Gecko) Chrome/93.0.4577.63 Safari/537.36"
95.162.240.146 - - [23/Mar/2022:15:32:41 +0100] "GET /teaching/nswi177/ HTTP/1.1" 200 3082 "-" "Mozilla/5.0 (Windows NT 10.0; Win64; x64; rv:98.0) Gecko/20100101 Firefox/98.0"
95.162.240.146 - - [23/Mar/2022:15:32:50 +0100] "GET /teaching/nswi177/labs/ HTTP/1.1" 200 2554 "-" "Mozilla/5.0 (Windows NT 10.0; Win64; x64; rv:98.0) Gecko/20100101 Firefox/98.0"
95.162.240.146 - - [23/Mar/2022:15:32:55 +0100] "GET /teaching/nswi177/labs/06/ HTTP/1.1" 200 4776 "-" "Mozilla/5.0 (Windows NT 10.0; Win64; x64; rv:98.0) Gecko/20100101 Firefox/98.0"
105.137.278.253 - - [23/Mar/2022:15:33:12 +0100] "GET /teaching/nswi177/labs/ HTTP/1.1" 200 9447 "-" "Mozilla/5.0 (X11; Ubuntu; Linux x86_64; rv:98.0) Gecko/20100101 Firefox/98.0"
105.137.278.253 - - [23/Mar/2022:15:33:14 +0100] "GET /teaching/nswi177/labs/05/ HTTP/1.1" 200 17467 "-" "Mozilla/5.0 (X11; Ubuntu; Linux x86_64; rv:98.0) Gecko/20100101 Firefox/98.0"
105.137.278.253 - - [23/Mar/2022:15:33:16 +0100] "GET /teaching/nswi177/labs/06/ HTTP/1.1" 200 5288 "-" "Mozilla/5.0 (X11; Ubuntu; Linux x86_64; rv:98.0) Gecko/20100101 Firefox/98.0"
95.162.240.154 - - [23/Mar/2022:15:40:20 +0100] "GET /teaching/nswi177/ HTTP/1.1" 200 10487 "-" "Mozilla/5.0 (Windows NT 10.0; Win64; x64) AppleWebKit/537.36 (KHTML, like Gecko) Chrome/99.0.4844.74 Safari/537.36 Edg/99.0.1150.46"
95.162.240.154 - - [23/Mar/2022:15:41:58 +0100] "GET /teaching/nswi177/labs/03/ HTTP/1.1" 200 22899 "-" "Mozilla/5.0 (Macintosh; Intel Mac OS X 10_15_6) AppleWebKit/605.1.15 (KHTML, like Gecko) Version/15.4 Safari/605.1.15"
95.162.240.154 - - [23/Mar/2022:15:42:02 +0100] "GET /teaching/nswi177/labs/ HTTP/1.1" 200 2042 "-" "Mozilla/5.0 (Macintosh; Intel Mac OS X 10_15_6) AppleWebKit/605.1.15 (KHTML, like Gecko) Version/15.4 Safari/605.1.15"
95.162.240.154 - - [23/Mar/2022:15:42:04 +0100] "GET /teaching/nswi177/labs/06/ HTTP/1.1" 200 4776 "-" "Mozilla/5.0 (Macintosh; Intel Mac OS X 10_15_6) AppleWebKit/605.1.15 (KHTML, like Gecko) Version/15.4 Safari/605.1.15"
95.162.240.154 - - [23/Mar/2022:15:43:45 +0100] "GET /teaching/nswi177/ HTTP/1.1" 200 10487 "-" "Mozilla/5.0 (X11; Fedora; Linux x86_64; rv:98.0) Gecko/20100101 Firefox/98.0"
212.147.69.195 - - [23/Mar/2022:15:45:10 +0100] "GET /teaching/nswi177/ HTTP/1.1" 200 10487 "-" "Mozilla/5.0 (X11; Fedora; Linux x86_64; rv:98.0) Gecko/20100101 Firefox/98.0"
212.147.69.195 - - [23/Mar/2022:15:45:13 +0100] "GET /teaching/nswi177/labs/ HTTP/1.1" 200 2042 "-" "Mozilla/5.0 (X11; Fedora; Linux x86_64; rv:98.0) Gecko/20100101 Firefox/98.0"
212.147.69.195 - - [23/Mar/2022:15:45:18 +0100] "GET /teaching/nswi177/labs/06/ HTTP/1.1" 200 5288 "-" "Mozilla/5.0 (X11; Fedora; Linux x86_64; rv:98.0) Gecko/20100101 Firefox/98.0"
95.162.240.154 - - [23/Mar/2022:15:45:55 +0100] "GET /teaching/nswi177/labs/ HTTP/1.1" 200 2554 "-" "Mozilla/5.0 (X11; Fedora; Linux x86_64; rv:98.0) Gecko/20100101 Firefox/98.0"
95.162.240.154 - - [23/Mar/2022:15:45:58 +0100] "GET /teaching/nswi177/labs/06/ HTTP/1.1" 200 4776 "-" "Mozilla/5.0 (X11; Fedora; Linux x86_64; rv:98.0) Gecko/20100101 Firefox/98.0"
212.147.65.161 - - [23/Mar/2022:15:46:53 +0100] "GET /teaching/nswi177/ HTTP/1.1" 200 10487 "-" "Mozilla/5.0 (X11; Linux x86_64) AppleWebKit/537.36 (KHTML, like Gecko) Chrome/99.0.4844.74 Safari/537.36"
212.147.65.161 - - [23/Mar/2022:15:46:57 +0100] "GET /teaching/nswi177/labs/ HTTP/1.1" 200 2042 "-" "Mozilla/5.0 (X11; Linux x86_64) AppleWebKit/537.36 (KHTML, like Gecko) Chrome/99.0.4844.74 Safari/537.36"
212.147.65.161 - - [23/Mar/2022:15:47:00 +0100] "GET /teaching/nswi177/labs/06/ HTTP/1.1" 200 4776 "-" "Mozilla/5.0 (X11; Linux x86_64) AppleWebKit/537.36 (KHTML, like Gecko) Chrome/99.0.4844.74 Safari/537.36"
212.147.65.161 - - [23/Mar/2022:15:47:05 +0100] "GET /teaching/nswi177/labs/05/ HTTP/1.1" 200 17467 "-" "Mozilla/5.0 (X11; Linux x86_64) AppleWebKit/537.36 (KHTML, like Gecko) Chrome/99.0.4844.74 Safari/537.36"
