193.148.289.159 - - [24/Mar/2022:18:27:20 +0100] "GET /teaching/nswi177/labs/04/ HTTP/1.1" 200 25609 "-" "Mozilla/5.0 (Windows NT 10.0; Win64; x64; rv:98.0) Gecko/20100101 Firefox/98.0"
193.148.289.159 - - [24/Mar/2022:18:27:21 +0100] "GET /teaching/nswi177/labs/03/ HTTP/1.1" 200 15494 "-" "Mozilla/5.0 (Windows NT 10.0; Win64; x64; rv:98.0) Gecko/20100101 Firefox/98.0"
193.148.289.159 - - [24/Mar/2022:18:27:29 +0100] "GET /teaching/nswi177/labs/05/ HTTP/1.1" 200 17975 "-" "Mozilla/5.0 (Windows NT 10.0; Win64; x64; rv:98.0) Gecko/20100101 Firefox/98.0"
193.148.289.159 - - [24/Mar/2022:18:27:38 +0100] "GET /teaching/nswi177/labs/06/ HTTP/1.1" 200 5296 "-" "Mozilla/5.0 (Windows NT 10.0; Win64; x64; rv:98.0) Gecko/20100101 Firefox/98.0"
95.162.229.330 - - [24/Mar/2022:18:28:53 +0100] "GET /teaching/nswi177/labs/ HTTP/1.1" 200 9531 "-" "Mozilla/5.0 (X11; Fedora; Linux x86_64; rv:98.0) Gecko/20100101 Firefox/98.0"
95.162.229.330 - - [24/Mar/2022:18:28:58 +0100] "GET /teaching/nswi177/labs/06/ HTTP/1.1" 200 4784 "-" "Mozilla/5.0 (X11; Fedora; Linux x86_64; rv:98.0) Gecko/20100101 Firefox/98.0"
210.152.298.274 - - [24/Mar/2022:18:36:02 +0100] "GET /teaching/nswi177/labs/06/ HTTP/1.1" 200 12189 "-" "Mozilla/5.0 (Macintosh; Intel Mac OS X 10_15_7) AppleWebKit/537.36 (KHTML, like Gecko) Chrome/99.0.4844.83 Safari/537.36"
210.152.298.274 - - [24/Mar/2022:18:36:23 +0100] "GET /teaching/nswi177/labs/05/ HTTP/1.1" 200 17975 "-" "Mozilla/5.0 (Macintosh; Intel Mac OS X 10_15_7) AppleWebKit/537.36 (KHTML, like Gecko) Chrome/99.0.4844.83 Safari/537.36"
210.152.298.274 - - [24/Mar/2022:18:36:33 +0100] "GET /teaching/nswi177/labs/04/ HTTP/1.1" 200 18716 "-" "Mozilla/5.0 (Macintosh; Intel Mac OS X 10_15_7) AppleWebKit/537.36 (KHTML, like Gecko) Chrome/99.0.4844.83 Safari/537.36"
95.162.237.265 - - [24/Mar/2022:18:37:20 +0100] "GET /teaching/nswi177/ HTTP/1.1" 200 10487 "-" "Mozilla/5.0 (Windows NT 10.0; Win64; x64) AppleWebKit/537.36 (KHTML, like Gecko) Chrome/99.0.4844.82 Safari/537.36"
95.162.237.265 - - [24/Mar/2022:18:37:39 +0100] "GET /teaching/nswi177/labs/ HTTP/1.1" 200 9531 "-" "Mozilla/5.0 (Windows NT 10.0; Win64; x64) AppleWebKit/537.36 (KHTML, like Gecko) Chrome/99.0.4844.82 Safari/537.36"
95.162.237.265 - - [24/Mar/2022:18:37:40 +0100] "GET /teaching/nswi177/labs/07/ HTTP/1.1" 200 9916 "-" "Mozilla/5.0 (Windows NT 10.0; Win64; x64) AppleWebKit/537.36 (KHTML, like Gecko) Chrome/99.0.4844.82 Safari/537.36"
202.225.220.139 - - [24/Mar/2022:18:44:33 +0100] "GET /teaching/nswi177/201920/manpages/ HTTP/1.1" 200 10906 "-" "Mozilla/5.0 (compatible; SemrushBot/7~bl; +http://www.semrush.com/bot.html)"
95.162.240.116 - - [24/Mar/2022:18:46:28 +0100] "GET /teaching/nswi177/labs/07/ HTTP/1.1" 200 17321 "-" "Mozilla/5.0 (X11; Linux x86_64; rv:98.0) Gecko/20100101 Firefox/98.0"
95.162.240.154 - - [24/Mar/2022:18:50:51 +0100] "GET /teaching/nswi177/labs/06 HTTP/1.1" 301 8051 "-" "Mozilla/5.0 (Windows NT 10.0; Win64; x64) AppleWebKit/537.36 (KHTML, like Gecko) Chrome/99.0.4844.82 Safari/537.36"
95.162.240.154 - - [24/Mar/2022:18:50:51 +0100] "GET /teaching/nswi177/labs/06/ HTTP/1.1" 200 4784 "-" "Mozilla/5.0 (Windows NT 10.0; Win64; x64) AppleWebKit/537.36 (KHTML, like Gecko) Chrome/99.0.4844.82 Safari/537.36"
95.162.240.154 - - [24/Mar/2022:18:51:42 +0100] "GET /teaching/nswi177/labs/06/ HTTP/1.1" 200 4784 "-" "Mozilla/5.0 (X11; Linux x86_64) AppleWebKit/537.36 (KHTML, like Gecko) Chrome/99.0.4844.82 Safari/537.36"
83.283.115.179 - - [24/Mar/2022:19:16:30 +0100] "GET /teaching/nswi177/ HTTP/1.1" 200 10440 "-" "Mozilla/5.0 (Linux; Android 6.0.1; Nexus 5X Build/MMB29P) AppleWebKit/537.36 (KHTML, like Gecko) Chrome/99.0.4844.82 Mobile Safari/537.36 (compatible; Googlebot/2.1; +http://www.google.com/bot.html)"
230.53.107.300 - - [24/Mar/2022:19:26:04 +0100] "GET /teaching/nswi177/202021/labs/03/ HTTP/1.1" 200 20852 "-" "Mozilla/5.0 (Linux; Android 12; M2012K11AG) AppleWebKit/537.36 (KHTML, like Gecko) Chrome/99.0.4844.73 Mobile Safari/537.36"
230.53.107.300 - - [24/Mar/2022:19:26:17 +0100] "GET /teaching/nswi177/202021/labs/03/ HTTP/1.1" 200 13959 "-" "Mozilla/5.0 (Linux; Android 12; M2012K11AG) AppleWebKit/537.36 (KHTML, like Gecko) Chrome/99.0.4844.73 Mobile Safari/537.36"
95.114.170.348 - - [24/Mar/2022:19:28:02 +0100] "GET /teaching/nswi177/ HTTP/1.1" 200 10487 "-" "Mozilla/5.0 (iPhone; CPU iPhone OS 14_3 like Mac OS X) AppleWebKit/605.1.15 (KHTML, like Gecko) Version/14.0.2 Mobile/15E148 Safari/604.1"
95.114.170.348 - - [24/Mar/2022:19:28:06 +0100] "GET /teaching/nswi177/labs/ HTTP/1.1" 200 9531 "-" "Mozilla/5.0 (iPhone; CPU iPhone OS 14_3 like Mac OS X) AppleWebKit/605.1.15 (KHTML, like Gecko) Version/14.0.2 Mobile/15E148 Safari/604.1"
95.114.170.348 - - [24/Mar/2022:19:28:16 +0100] "GET /teaching/nswi177/labs/06/ HTTP/1.1" 200 12189 "-" "Mozilla/5.0 (iPhone; CPU iPhone OS 14_3 like Mac OS X) AppleWebKit/605.1.15 (KHTML, like Gecko) Version/14.0.2 Mobile/15E148 Safari/604.1"
95.114.170.348 - - [24/Mar/2022:19:28:18 +0100] "GET /teaching/nswi177/labs/07/ HTTP/1.1" 200 9916 "-" "Mozilla/5.0 (iPhone; CPU iPhone OS 14_3 like Mac OS X) AppleWebKit/605.1.15 (KHTML, like Gecko) Version/14.0.2 Mobile/15E148 Safari/604.1"
95.114.170.348 - - [24/Mar/2022:19:31:00 +0100] "GET /teaching/nswi177/labs/networking/ HTTP/1.1" 200 13905 "-" "Mozilla/5.0 (iPhone; CPU iPhone OS 14_3 like Mac OS X) AppleWebKit/605.1.15 (KHTML, like Gecko) Version/14.0.2 Mobile/15E148 Safari/604.1"
95.79.67.123 - - [24/Mar/2022:19:49:29 +0100] "GET /teaching/nswi177/ HTTP/1.1" 200 10487 "-" "Mozilla/5.0 (Windows NT 10.0; Win64; x64) AppleWebKit/537.36 (KHTML, like Gecko) Chrome/99.0.4844.74 Safari/537.36 Edg/99.0.1150.46"
95.79.67.123 - - [24/Mar/2022:19:49:33 +0100] "GET /teaching/nswi177/labs/ HTTP/1.1" 200 2126 "-" "Mozilla/5.0 (Windows NT 10.0; Win64; x64) AppleWebKit/537.36 (KHTML, like Gecko) Chrome/99.0.4844.74 Safari/537.36 Edg/99.0.1150.46"
95.79.67.123 - - [24/Mar/2022:19:49:36 +0100] "GET /teaching/nswi177/labs/06/ HTTP/1.1" 200 4784 "-" "Mozilla/5.0 (Windows NT 10.0; Win64; x64) AppleWebKit/537.36 (KHTML, like Gecko) Chrome/99.0.4844.74 Safari/537.36 Edg/99.0.1150.46"
95.79.67.123 - - [24/Mar/2022:19:49:50 +0100] "GET /teaching/nswi177/labs/05/ HTTP/1.1" 200 17975 "-" "Mozilla/5.0 (Windows NT 10.0; Win64; x64) AppleWebKit/537.36 (KHTML, like Gecko) Chrome/99.0.4844.74 Safari/537.36 Edg/99.0.1150.46"
95.162.209.296 - - [24/Mar/2022:19:53:42 +0100] "GET /teaching/nswi177/ HTTP/1.1" 200 3594 "-" "Mozilla/5.0 (X11; Linux x86_64) AppleWebKit/537.36 (KHTML, like Gecko) Chrome/99.0.4844.83 Safari/537.36"
95.162.209.296 - - [24/Mar/2022:19:55:56 +0100] "GET /teaching/nswi177/guide/ HTTP/1.1" 200 6710 "-" "Mozilla/5.0 (X11; Linux x86_64) AppleWebKit/537.36 (KHTML, like Gecko) Chrome/99.0.4844.83 Safari/537.36"
95.162.209.296 - - [24/Mar/2022:19:55:59 +0100] "GET /teaching/nswi177/labs/ HTTP/1.1" 200 2126 "-" "Mozilla/5.0 (X11; Linux x86_64) AppleWebKit/537.36 (KHTML, like Gecko) Chrome/99.0.4844.83 Safari/537.36"
95.162.209.296 - - [24/Mar/2022:19:56:01 +0100] "GET /teaching/nswi177/labs/01/ HTTP/1.1" 200 12880 "-" "Mozilla/5.0 (X11; Linux x86_64) AppleWebKit/537.36 (KHTML, like Gecko) Chrome/99.0.4844.83 Safari/537.36"
95.162.240.133 - - [24/Mar/2022:19:56:19 +0100] "GET /teaching/nswi177/labs/03/ HTTP/1.1" 200 22899 "-" "Mozilla/5.0 (Macintosh; Intel Mac OS X 10_15_7) AppleWebKit/537.36 (KHTML, like Gecko) Chrome/99.0.4844.51 Safari/537.36"
95.162.240.133 - - [24/Mar/2022:19:56:21 +0100] "GET /teaching/nswi177/labs/ HTTP/1.1" 200 2126 "-" "Mozilla/5.0 (Macintosh; Intel Mac OS X 10_15_7) AppleWebKit/537.36 (KHTML, like Gecko) Chrome/99.0.4844.51 Safari/537.36"
95.162.240.133 - - [24/Mar/2022:19:56:24 +0100] "GET /teaching/nswi177/labs/06/ HTTP/1.1" 200 4784 "-" "Mozilla/5.0 (Macintosh; Intel Mac OS X 10_15_7) AppleWebKit/537.36 (KHTML, like Gecko) Chrome/99.0.4844.51 Safari/537.36"
95.162.209.296 - - [24/Mar/2022:19:56:43 +0100] "GET /teaching/nswi177/get/ HTTP/1.1" 200 7229 "-" "Mozilla/5.0 (X11; Linux x86_64) AppleWebKit/537.36 (KHTML, like Gecko) Chrome/99.0.4844.83 Safari/537.36"
95.162.245.318 - - [24/Mar/2022:19:57:10 +0100] "GET /teaching/nswi177/ HTTP/1.1" 200 10487 "-" "Mozilla/5.0 (X11; Linux x86_64; rv:98.0) Gecko/20100101 Firefox/98.0"
95.162.209.296 - - [24/Mar/2022:19:57:10 +0100] "GET /teaching/nswi177/goals/ HTTP/1.1" 200 3193 "-" "Mozilla/5.0 (X11; Linux x86_64) AppleWebKit/537.36 (KHTML, like Gecko) Chrome/99.0.4844.83 Safari/537.36"
95.162.209.296 - - [24/Mar/2022:19:57:45 +0100] "GET /teaching/nswi177/202021/ HTTP/1.1" 200 4073 "-" "Mozilla/5.0 (X11; Linux x86_64) AppleWebKit/537.36 (KHTML, like Gecko) Chrome/99.0.4844.83 Safari/537.36"
95.162.209.296 - - [24/Mar/2022:19:57:49 +0100] "GET /teaching/nswi177/202021/resources/ HTTP/1.1" 200 2950 "-" "Mozilla/5.0 (X11; Linux x86_64) AppleWebKit/537.36 (KHTML, like Gecko) Chrome/99.0.4844.83 Safari/537.36"
95.162.240.133 - - [24/Mar/2022:19:58:36 +0100] "GET /teaching/nswi177/labs/05/ HTTP/1.1" 200 17975 "-" "Mozilla/5.0 (Macintosh; Intel Mac OS X 10_15_7) AppleWebKit/537.36 (KHTML, like Gecko) Chrome/99.0.4844.51 Safari/537.36"
95.162.240.123 - - [24/Mar/2022:19:58:36 +0100] "GET /teaching/nswi177/labs/04/ HTTP/1.1" 200 25609 "-" "Mozilla/5.0 (X11; Linux x86_64; rv:98.0) Gecko/20100101 Firefox/98.0"
95.162.209.296 - - [24/Mar/2022:19:58:44 +0100] "GET /teaching/nswi177/202021/labs/ HTTP/1.1" 200 3634 "-" "Mozilla/5.0 (X11; Linux x86_64) AppleWebKit/537.36 (KHTML, like Gecko) Chrome/99.0.4844.83 Safari/537.36"
95.162.209.296 - - [24/Mar/2022:19:58:50 +0100] "GET /teaching/nswi177/202021/labs/04/ HTTP/1.1" 200 19272 "-" "Mozilla/5.0 (X11; Linux x86_64) AppleWebKit/537.36 (KHTML, like Gecko) Chrome/99.0.4844.83 Safari/537.36"
54.222.237.331 - - [24/Mar/2022:20:00:33 +0100] "GET /teaching/nswi177/ HTTP/1.1" 200 10487 "-" "Mozilla/5.0 (Linux; Android 11; DN2103) AppleWebKit/537.36 (KHTML, like Gecko) Chrome/98.0.4758.136 Mobile Safari/537.36"
54.222.237.331 - - [24/Mar/2022:20:00:37 +0100] "GET /teaching/nswi177/labs/ HTTP/1.1" 200 2126 "-" "Mozilla/5.0 (Linux; Android 11; DN2103) AppleWebKit/537.36 (KHTML, like Gecko) Chrome/98.0.4758.136 Mobile Safari/537.36"
54.222.237.331 - - [24/Mar/2022:20:00:39 +0100] "GET /teaching/nswi177/labs/07/ HTTP/1.1" 200 9916 "-" "Mozilla/5.0 (Linux; Android 11; DN2103) AppleWebKit/537.36 (KHTML, like Gecko) Chrome/98.0.4758.136 Mobile Safari/537.36"
95.162.240.133 - - [24/Mar/2022:20:02:07 +0100] "GET /teaching/nswi177/labs/04/ HTTP/1.1" 200 18716 "-" "Mozilla/5.0 (Macintosh; Intel Mac OS X 10_15_7) AppleWebKit/537.36 (KHTML, like Gecko) Chrome/99.0.4844.51 Safari/537.36"
95.114.229.215 - - [24/Mar/2022:20:02:15 +0100] "GET /teaching/nswi177/labs/ HTTP/1.1" 200 9531 "-" "Mozilla/5.0 (Windows NT 10.0; Win64; x64) AppleWebKit/537.36 (KHTML, like Gecko) Chrome/98.0.4758.109 Safari/537.36 OPR/84.0.4316.50"
95.114.229.215 - - [24/Mar/2022:20:02:18 +0100] "GET /teaching/nswi177/labs/06/ HTTP/1.1" 200 4784 "-" "Mozilla/5.0 (Windows NT 10.0; Win64; x64) AppleWebKit/537.36 (KHTML, like Gecko) Chrome/98.0.4758.109 Safari/537.36 OPR/84.0.4316.50"
95.114.229.215 - - [24/Mar/2022:20:03:18 +0100] "GET /teaching/nswi177/labs/05/ HTTP/1.1" 200 17975 "-" "Mozilla/5.0 (Windows NT 10.0; Win64; x64) AppleWebKit/537.36 (KHTML, like Gecko) Chrome/98.0.4758.109 Safari/537.36 OPR/84.0.4316.50"
106.211.95.191 - - [24/Mar/2022:20:09:29 +0100] "GET /teaching/nswi177/ HTTP/1.1" 200 10487 "-" "Mozilla/5.0 (X11; Linux x86_64) AppleWebKit/537.36 (KHTML, like Gecko) Chrome/99.0.4844.82 Safari/537.36"
106.211.95.191 - - [24/Mar/2022:20:09:31 +0100] "GET /teaching/nswi177/labs/ HTTP/1.1" 200 2126 "-" "Mozilla/5.0 (X11; Linux x86_64) AppleWebKit/537.36 (KHTML, like Gecko) Chrome/99.0.4844.82 Safari/537.36"
106.211.95.191 - - [24/Mar/2022:20:09:37 +0100] "GET /teaching/nswi177/labs/06/ HTTP/1.1" 200 5296 "-" "Mozilla/5.0 (X11; Linux x86_64) AppleWebKit/537.36 (KHTML, like Gecko) Chrome/99.0.4844.82 Safari/537.36"
103.83.275.294 - - [24/Mar/2022:20:09:53 +0100] "GET /teaching/nswi177/ HTTP/1.1" 200 10487 "-" "Mozilla/5.0 (Windows NT 10.0; Win64; x64) AppleWebKit/537.36 (KHTML, like Gecko) Chrome/99.0.4844.83 Safari/537.36"
103.83.275.294 - - [24/Mar/2022:20:09:55 +0100] "GET /teaching/nswi177/labs/ HTTP/1.1" 200 2126 "-" "Mozilla/5.0 (Windows NT 10.0; Win64; x64) AppleWebKit/537.36 (KHTML, like Gecko) Chrome/99.0.4844.83 Safari/537.36"
103.83.275.294 - - [24/Mar/2022:20:09:59 +0100] "GET /teaching/nswi177/labs/06/ HTTP/1.1" 200 4784 "-" "Mozilla/5.0 (Windows NT 10.0; Win64; x64) AppleWebKit/537.36 (KHTML, like Gecko) Chrome/99.0.4844.83 Safari/537.36"
103.83.275.294 - - [24/Mar/2022:20:10:06 +0100] "GET /teaching/nswi177/labs/05/ HTTP/1.1" 200 17975 "-" "Mozilla/5.0 (Windows NT 10.0; Win64; x64) AppleWebKit/537.36 (KHTML, like Gecko) Chrome/99.0.4844.83 Safari/537.36"
95.162.240.128 - - [24/Mar/2022:20:11:33 +0100] "GET /teaching/nswi177/ HTTP/1.1" 200 10487 "-" "Mozilla/5.0 (X11; Ubuntu; Linux x86_64; rv:98.0) Gecko/20100101 Firefox/98.0"
63.169.70.288 - - [24/Mar/2022:20:12:03 +0100] "GET /teaching/nswi177/ HTTP/1.1" 200 3082 "-" "Mozilla/5.0 (Linux; Android 10; JSN-L21) AppleWebKit/537.36 (KHTML, like Gecko) Chrome/90.0.4430.91 Mobile Safari/537.36"
63.169.70.288 - - [24/Mar/2022:20:12:06 +0100] "GET /teaching/nswi177/labs/ HTTP/1.1" 200 2126 "-" "Mozilla/5.0 (Linux; Android 10; JSN-L21) AppleWebKit/537.36 (KHTML, like Gecko) Chrome/90.0.4430.91 Mobile Safari/537.36"
63.169.70.288 - - [24/Mar/2022:20:12:09 +0100] "GET /teaching/nswi177/labs/07/ HTTP/1.1" 200 9916 "-" "Mozilla/5.0 (Linux; Android 10; JSN-L21) AppleWebKit/537.36 (KHTML, like Gecko) Chrome/90.0.4430.91 Mobile Safari/537.36"
54.222.237.331 - - [24/Mar/2022:20:13:03 +0100] "GET /teaching/nswi177/labs/networking/ HTTP/1.1" 200 7012 "-" "Mozilla/5.0 (Linux; Android 11; DN2103) AppleWebKit/537.36 (KHTML, like Gecko) Chrome/98.0.4758.136 Mobile Safari/537.36"
195.243.185.155 - - [24/Mar/2022:20:13:47 +0100] "GET /teaching/nswi177/labs/01/ HTTP/1.1" 200 20285 "-" "Mozilla/5.0 (X11; Fedora; Linux x86_64; rv:97.0) Gecko/20100101 Firefox/97.0"
195.243.185.155 - - [24/Mar/2022:20:13:53 +0100] "GET /teaching/nswi177/labs/ HTTP/1.1" 200 2638 "-" "Mozilla/5.0 (X11; Fedora; Linux x86_64; rv:97.0) Gecko/20100101 Firefox/97.0"
195.243.185.155 - - [24/Mar/2022:20:13:55 +0100] "GET /teaching/nswi177/labs/06/ HTTP/1.1" 200 4784 "-" "Mozilla/5.0 (X11; Fedora; Linux x86_64; rv:97.0) Gecko/20100101 Firefox/97.0"
95.114.229.215 - - [24/Mar/2022:20:14:24 +0100] "GET /teaching/nswi177/labs/02/ HTTP/1.1" 200 28194 "-" "Mozilla/5.0 (X11; Fedora; Linux x86_64; rv:93.0) Gecko/20100101 Firefox/93.0"
95.114.229.215 - - [24/Mar/2022:20:14:32 +0100] "GET /teaching/nswi177/labs/ HTTP/1.1" 200 2638 "-" "Mozilla/5.0 (X11; Fedora; Linux x86_64; rv:93.0) Gecko/20100101 Firefox/93.0"
95.114.229.215 - - [24/Mar/2022:20:14:34 +0100] "GET /teaching/nswi177/labs/06/ HTTP/1.1" 200 4784 "-" "Mozilla/5.0 (X11; Fedora; Linux x86_64; rv:93.0) Gecko/20100101 Firefox/93.0"
95.162.240.133 - - [24/Mar/2022:20:15:59 +0100] "GET /teaching/nswi177/labs/03/ HTTP/1.1" 200 22899 "-" "Mozilla/5.0 (Macintosh; Intel Mac OS X 10_15_7) AppleWebKit/537.36 (KHTML, like Gecko) Chrome/99.0.4844.51 Safari/537.36"
95.162.240.133 - - [24/Mar/2022:20:16:01 +0100] "GET /teaching/nswi177/labs/ HTTP/1.1" 200 2126 "-" "Mozilla/5.0 (Macintosh; Intel Mac OS X 10_15_7) AppleWebKit/537.36 (KHTML, like Gecko) Chrome/99.0.4844.51 Safari/537.36"
54.222.227.258 - - [24/Mar/2022:20:16:06 +0100] "GET /teaching/nswi177/labs/ HTTP/1.1" 200 9531 "-" "Mozilla/5.0 (Windows NT 10.0; Win64; x64) AppleWebKit/537.36 (KHTML, like Gecko) Chrome/99.0.4844.82 Safari/537.36"
54.222.227.258 - - [24/Mar/2022:20:16:08 +0100] "GET /teaching/nswi177/labs/07/ HTTP/1.1" 200 9916 "-" "Mozilla/5.0 (Windows NT 10.0; Win64; x64) AppleWebKit/537.36 (KHTML, like Gecko) Chrome/99.0.4844.82 Safari/537.36"
95.114.229.215 - - [24/Mar/2022:20:19:08 +0100] "GET /teaching/nswi177/labs/ HTTP/1.1" 200 9531 "-" "Mozilla/5.0 (X11; Fedora; Linux x86_64; rv:93.0) Gecko/20100101 Firefox/93.0"
195.283.258.133 - - [24/Mar/2022:20:23:04 +0100] "GET /teaching/nswi177/ HTTP/1.1" 200 10487 "-" "Mozilla/5.0 (Windows NT 10.0; Win64; x64) AppleWebKit/537.36 (KHTML, like Gecko) Chrome/99.0.4844.82 Safari/537.36"
195.283.258.133 - - [24/Mar/2022:20:23:07 +0100] "GET /teaching/nswi177/labs/ HTTP/1.1" 200 2126 "-" "Mozilla/5.0 (Windows NT 10.0; Win64; x64) AppleWebKit/537.36 (KHTML, like Gecko) Chrome/99.0.4844.82 Safari/537.36"
195.283.258.133 - - [24/Mar/2022:20:24:12 +0100] "GET /teaching/nswi177/labs/06/ HTTP/1.1" 200 12189 "-" "Mozilla/5.0 (Windows NT 10.0; Win64; x64) AppleWebKit/537.36 (KHTML, like Gecko) Chrome/99.0.4844.82 Safari/537.36"
54.222.218.296 - - [24/Mar/2022:20:25:35 +0100] "GET /teaching/nswi177/labs/06/ HTTP/1.1" 200 12189 "-" "Mozilla/5.0 (Windows NT 10.0; Win64; x64) AppleWebKit/537.36 (KHTML, like Gecko) Chrome/99.0.4844.82 Safari/537.36"
131.153.179.143 - - [24/Mar/2022:20:32:51 +0100] "GET /teaching/nswi177/202021/labs/03/ HTTP/1.1" 200 20816 "-" "Mozilla/5.0 (Linux; Android 7.0;) AppleWebKit/537.36 (KHTML, like Gecko) Mobile Safari/537.36 (compatible; PetalBot;+https://webmaster.petalsearch.com/site/petalbot)"
95.162.247.292 - - [24/Mar/2022:20:38:29 +0100] "GET /teaching/nswi177/guide/ HTTP/1.1" 200 13603 "-" "Mozilla/5.0 (Windows NT 10.0; Win64; x64) AppleWebKit/537.36 (KHTML, like Gecko) Chrome/99.0.4844.82 Safari/537.36"
95.162.247.292 - - [24/Mar/2022:20:38:32 +0100] "GET /teaching/nswi177/labs/ HTTP/1.1" 200 2126 "-" "Mozilla/5.0 (Windows NT 10.0; Win64; x64) AppleWebKit/537.36 (KHTML, like Gecko) Chrome/99.0.4844.82 Safari/537.36"
95.162.247.292 - - [24/Mar/2022:20:38:43 +0100] "GET /teaching/nswi177/labs/05/ HTTP/1.1" 200 24868 "-" "Mozilla/5.0 (Windows NT 10.0; Win64; x64) AppleWebKit/537.36 (KHTML, like Gecko) Chrome/99.0.4844.82 Safari/537.36"
95.162.247.292 - - [24/Mar/2022:20:39:02 +0100] "GET /teaching/nswi177/labs/06/ HTTP/1.1" 200 12189 "-" "Mozilla/5.0 (Windows NT 10.0; Win64; x64) AppleWebKit/537.36 (KHTML, like Gecko) Chrome/99.0.4844.82 Safari/537.36"
63.169.125.158 - - [24/Mar/2022:20:41:28 +0100] "GET /teaching/nswi177/guide/ HTTP/1.1" 200 13603 "-" "Mozilla/5.0 (X11; Ubuntu; Linux x86_64; rv:98.0) Gecko/20100101 Firefox/98.0"
63.169.125.158 - - [24/Mar/2022:20:41:30 +0100] "GET /teaching/nswi177/labs/ HTTP/1.1" 200 2126 "-" "Mozilla/5.0 (X11; Ubuntu; Linux x86_64; rv:98.0) Gecko/20100101 Firefox/98.0"
63.169.125.158 - - [24/Mar/2022:20:41:31 +0100] "GET /teaching/nswi177/labs/06/ HTTP/1.1" 200 4784 "-" "Mozilla/5.0 (X11; Ubuntu; Linux x86_64; rv:98.0) Gecko/20100101 Firefox/98.0"
63.169.125.158 - - [24/Mar/2022:20:41:38 +0100] "GET /teaching/nswi177/labs/05/ HTTP/1.1" 200 17975 "-" "Mozilla/5.0 (X11; Ubuntu; Linux x86_64; rv:98.0) Gecko/20100101 Firefox/98.0"
63.169.125.158 - - [24/Mar/2022:20:41:57 +0100] "GET /teaching/nswi177/labs/04/ HTTP/1.1" 200 18716 "-" "Mozilla/5.0 (X11; Ubuntu; Linux x86_64; rv:98.0) Gecko/20100101 Firefox/98.0"
63.169.125.158 - - [24/Mar/2022:20:42:02 +0100] "GET /teaching/nswi177/labs/06/ HTTP/1.1" 200 4784 "-" "Mozilla/5.0 (X11; Ubuntu; Linux x86_64; rv:98.0) Gecko/20100101 Firefox/98.0"
95.162.240.146 - - [24/Mar/2022:20:46:24 +0100] "GET /teaching/nswi177/labs/ HTTP/1.1" 200 9531 "-" "Mozilla/5.0 (X11; Linux x86_64) AppleWebKit/537.36 (KHTML, like Gecko) Chrome/98.0.4758.102 Safari/537.36"
95.162.240.146 - - [24/Mar/2022:20:46:26 +0100] "GET /teaching/nswi177/labs/06/ HTTP/1.1" 200 4784 "-" "Mozilla/5.0 (X11; Linux x86_64) AppleWebKit/537.36 (KHTML, like Gecko) Chrome/98.0.4758.102 Safari/537.36"
95.162.240.146 - - [24/Mar/2022:20:46:34 +0100] "GET /teaching/nswi177/labs/04/ HTTP/1.1" 200 18716 "-" "Mozilla/5.0 (X11; Linux x86_64) AppleWebKit/537.36 (KHTML, like Gecko) Chrome/98.0.4758.102 Safari/537.36"
95.162.243.322 - - [24/Mar/2022:20:47:29 +0100] "GET /teaching/nswi177/ HTTP/1.1" 200 3594 "-" "Mozilla/5.0 (Windows NT 10.0; Win64; x64) AppleWebKit/537.36 (KHTML, like Gecko) Chrome/99.0.4844.74 Safari/537.36"
95.162.240.146 - - [24/Mar/2022:20:48:29 +0100] "GET /teaching/nswi177/labs/05/ HTTP/1.1" 200 17975 "-" "Mozilla/5.0 (X11; Linux x86_64) AppleWebKit/537.36 (KHTML, like Gecko) Chrome/98.0.4758.102 Safari/537.36"
95.162.240.146 - - [24/Mar/2022:20:50:06 +0100] "GET /teaching/nswi177/ HTTP/1.1" 200 10487 "-" "Mozilla/5.0 (X11; Linux x86_64) AppleWebKit/537.36 (KHTML, like Gecko) Chrome/96.0.4664.110 Safari/537.36"
95.162.240.146 - - [24/Mar/2022:20:50:10 +0100] "GET /teaching/nswi177/labs/ HTTP/1.1" 200 2126 "-" "Mozilla/5.0 (X11; Linux x86_64) AppleWebKit/537.36 (KHTML, like Gecko) Chrome/96.0.4664.110 Safari/537.36"
95.162.240.146 - - [24/Mar/2022:20:50:14 +0100] "GET /teaching/nswi177/labs/07/ HTTP/1.1" 200 9916 "-" "Mozilla/5.0 (X11; Linux x86_64) AppleWebKit/537.36 (KHTML, like Gecko) Chrome/96.0.4664.110 Safari/537.36"
95.162.240.146 - - [24/Mar/2022:20:50:20 +0100] "GET /teaching/nswi177/labs/06/ HTTP/1.1" 200 5296 "-" "Mozilla/5.0 (X11; Linux x86_64) AppleWebKit/537.36 (KHTML, like Gecko) Chrome/96.0.4664.110 Safari/537.36"
95.162.240.127 - - [24/Mar/2022:20:51:40 +0100] "GET /teaching/nswi177/labs/01/ HTTP/1.1" 200 20285 "-" "Mozilla/5.0 (Windows NT 10.0; Win64; x64; rv:98.0) Gecko/20100101 Firefox/98.0"
95.162.240.123 - - [24/Mar/2022:20:55:48 +0100] "GET /teaching/nswi177/labs/05/ HTTP/1.1" 200 24868 "-" "Mozilla/5.0 (X11; Linux x86_64; rv:98.0) Gecko/20100101 Firefox/98.0"
95.162.240.146 - - [24/Mar/2022:20:56:44 +0100] "GET /teaching/nswi177/labs/05/ HTTP/1.1" 200 24868 "-" "Mozilla/5.0 (X11; Linux x86_64) AppleWebKit/537.36 (KHTML, like Gecko) Chrome/96.0.4664.110 Safari/537.36"
95.162.240.122 - - [24/Mar/2022:20:59:06 +0100] "GET /teaching/nswi177/labs/01/ HTTP/1.1" 200 20285 "-" "Mozilla/5.0 (Windows NT 10.0; WOW64) AppleWebKit/537.36 (KHTML, like Gecko) Chrome/96.0.4664.174 YaBrowser/22.1.5.812 Yowser/2.5 Safari/537.36"
104.284.273.300 - - [24/Mar/2022:21:07:58 +0100] "GET /teaching/nswi177/installation/ HTTP/1.1" 404 11188 "-" "Mozilla/5.0 (compatible; YandexBot/3.0; +http://yandex.com/bots)"
63.169.125.158 - - [24/Mar/2022:21:12:56 +0100] "GET /teaching/nswi177/labs/03/ HTTP/1.1" 200 22899 "-" "Mozilla/5.0 (X11; Ubuntu; Linux x86_64; rv:98.0) Gecko/20100101 Firefox/98.0"
95.162.240.146 - - [24/Mar/2022:21:19:43 +0100] "GET /teaching/nswi177/labs/06/ HTTP/1.1" 200 12189 "-" "Mozilla/5.0 (X11; Linux x86_64) AppleWebKit/537.36 (KHTML, like Gecko) Chrome/96.0.4664.110 Safari/537.36"
103.83.275.294 - - [24/Mar/2022:21:27:26 +0100] "GET /teaching/nswi177/ HTTP/1.1" 200 10487 "-" "Mozilla/5.0 (Windows NT 10.0; Win64; x64) AppleWebKit/537.36 (KHTML, like Gecko) Chrome/99.0.4844.83 Safari/537.36"
103.83.275.294 - - [24/Mar/2022:21:27:27 +0100] "GET /teaching/nswi177/labs/ HTTP/1.1" 200 2126 "-" "Mozilla/5.0 (Windows NT 10.0; Win64; x64) AppleWebKit/537.36 (KHTML, like Gecko) Chrome/99.0.4844.83 Safari/537.36"
103.83.275.294 - - [24/Mar/2022:21:27:31 +0100] "GET /teaching/nswi177/labs/04/ HTTP/1.1" 200 18204 "-" "Mozilla/5.0 (Windows NT 10.0; Win64; x64) AppleWebKit/537.36 (KHTML, like Gecko) Chrome/99.0.4844.83 Safari/537.36"
95.162.240.146 - - [24/Mar/2022:21:39:06 +0100] "GET /teaching/nswi177/labs/05/ HTTP/1.1" 200 24868 "-" "Mozilla/5.0 (X11; Linux x86_64) AppleWebKit/537.36 (KHTML, like Gecko) Chrome/96.0.4664.110 Safari/537.36"
95.162.240.143 - - [24/Mar/2022:21:42:59 +0100] "GET /teaching/nswi177/get/ HTTP/1.1" 200 14122 "-" "Mozilla/5.0 (Windows NT 10.0; Win64; x64) AppleWebKit/537.36 (KHTML, like Gecko) Chrome/99.0.4844.82 Safari/537.36"
95.162.240.143 - - [24/Mar/2022:21:43:06 +0100] "GET /teaching/nswi177/labs/ HTTP/1.1" 200 2126 "-" "Mozilla/5.0 (Windows NT 10.0; Win64; x64) AppleWebKit/537.36 (KHTML, like Gecko) Chrome/99.0.4844.82 Safari/537.36"
95.162.240.143 - - [24/Mar/2022:21:43:09 +0100] "GET /teaching/nswi177/labs/07/ HTTP/1.1" 200 9916 "-" "Mozilla/5.0 (Windows NT 10.0; Win64; x64) AppleWebKit/537.36 (KHTML, like Gecko) Chrome/99.0.4844.82 Safari/537.36"
103.83.284.218 - - [24/Mar/2022:21:45:27 +0100] "GET /teaching/nswi177/ HTTP/1.1" 200 3082 "-" "Mozilla/5.0 (Windows NT 10.0; Win64; x64) AppleWebKit/537.36 (KHTML, like Gecko) Chrome/99.0.4844.82 Safari/537.36"
103.83.284.218 - - [24/Mar/2022:21:45:29 +0100] "GET /teaching/nswi177/labs/ HTTP/1.1" 200 2126 "-" "Mozilla/5.0 (Windows NT 10.0; Win64; x64) AppleWebKit/537.36 (KHTML, like Gecko) Chrome/99.0.4844.82 Safari/537.36"
103.83.284.218 - - [24/Mar/2022:21:45:31 +0100] "GET /teaching/nswi177/labs/06/ HTTP/1.1" 200 4784 "-" "Mozilla/5.0 (Windows NT 10.0; Win64; x64) AppleWebKit/537.36 (KHTML, like Gecko) Chrome/99.0.4844.82 Safari/537.36"
95.162.240.131 - - [24/Mar/2022:21:49:17 +0100] "GET /teaching/nswi177/labs/05/ HTTP/1.1" 200 24868 "-" "Mozilla/5.0 (X11; Fedora; Linux x86_64; rv:93.0) Gecko/20100101 Firefox/93.0"
95.162.240.143 - - [24/Mar/2022:21:50:37 +0100] "GET /teaching/nswi177/labs/06/ HTTP/1.1" 200 12189 "-" "Mozilla/5.0 (Windows NT 10.0; Win64; x64) AppleWebKit/537.36 (KHTML, like Gecko) Chrome/99.0.4844.82 Safari/537.36"
95.162.240.122 - - [24/Mar/2022:21:51:03 +0100] "GET /teaching/nswi177/202021/ HTTP/1.1" 200 4073 "-" "Mozilla/5.0 (Windows NT 10.0; Win64; x64; rv:98.0) Gecko/20100101 Firefox/98.0"
95.162.240.122 - - [24/Mar/2022:21:51:07 +0100] "GET /teaching/nswi177/202021/labs/ HTTP/1.1" 200 3122 "-" "Mozilla/5.0 (Windows NT 10.0; Win64; x64; rv:98.0) Gecko/20100101 Firefox/98.0"
95.162.240.122 - - [24/Mar/2022:21:51:11 +0100] "GET /teaching/nswi177/202021/labs/10/ HTTP/1.1" 200 14714 "-" "Mozilla/5.0 (Windows NT 10.0; Win64; x64; rv:98.0) Gecko/20100101 Firefox/98.0"
95.162.237.351 - - [24/Mar/2022:21:54:40 +0100] "GET /teaching/nswi177/labs/ HTTP/1.1" 200 9531 "-" "Mozilla/5.0 (Macintosh; Intel Mac OS X 10_15_7) AppleWebKit/537.36 (KHTML, like Gecko) Chrome/99.0.4844.83 Safari/537.36"
95.162.237.351 - - [24/Mar/2022:21:55:13 +0100] "GET /teaching/nswi177/labs/04/ HTTP/1.1" 200 18716 "-" "Mozilla/5.0 (Macintosh; Intel Mac OS X 10_15_7) AppleWebKit/537.36 (KHTML, like Gecko) Chrome/99.0.4844.83 Safari/537.36"
95.162.237.351 - - [24/Mar/2022:21:55:47 +0100] "GET /teaching/nswi177/labs/05/ HTTP/1.1" 200 17975 "-" "Mozilla/5.0 (Macintosh; Intel Mac OS X 10_15_7) AppleWebKit/537.36 (KHTML, like Gecko) Chrome/99.0.4844.83 Safari/537.36"
107.216.111.163 - - [24/Mar/2022:21:55:53 +0100] "GET /teaching/nswi177/ HTTP/1.1" 200 10487 "-" "Mozilla/5.0 (Windows NT 10.0; Win64; x64) AppleWebKit/537.36 (KHTML, like Gecko) Chrome/99.0.4844.51 Safari/537.36"
107.216.111.163 - - [24/Mar/2022:21:55:55 +0100] "GET /teaching/nswi177/labs/ HTTP/1.1" 200 2126 "-" "Mozilla/5.0 (Windows NT 10.0; Win64; x64) AppleWebKit/537.36 (KHTML, like Gecko) Chrome/99.0.4844.51 Safari/537.36"
95.162.237.351 - - [24/Mar/2022:21:56:08 +0100] "GET /teaching/nswi177/labs/06/ HTTP/1.1" 200 5296 "-" "Mozilla/5.0 (Macintosh; Intel Mac OS X 10_15_7) AppleWebKit/537.36 (KHTML, like Gecko) Chrome/99.0.4844.83 Safari/537.36"
107.216.111.163 - - [24/Mar/2022:21:56:58 +0100] "GET /teaching/nswi177/labs/06/ HTTP/1.1" 200 5296 "-" "Mozilla/5.0 (Windows NT 10.0; Win64; x64) AppleWebKit/537.36 (KHTML, like Gecko) Chrome/99.0.4844.51 Safari/537.36"
212.147.182.321 - - [24/Mar/2022:22:09:25 +0100] "GET /teaching/nswi177/ HTTP/1.0" 200 8863 "-" "Mozilla/5.0 (compatible; heritrix/3.4.0-20210923 +http://webarchiv.cz/kontakty)"
83.283.115.131 - - [24/Mar/2022:22:24:13 +0100] "GET /teaching/nswi177/202021/labs/01/ HTTP/1.1" 200 16488 "-" "Mozilla/5.0 (compatible; Googlebot/2.1; +http://www.google.com/bot.html)"
95.162.240.132 - - [24/Mar/2022:22:34:52 +0100] "GET /teaching/nswi177/ HTTP/1.1" 200 10487 "-" "Mozilla/5.0 (Macintosh; Intel Mac OS X 10_15_7) AppleWebKit/605.1.15 (KHTML, like Gecko) Version/14.1.2 Safari/605.1.15"
95.162.240.132 - - [24/Mar/2022:22:35:55 +0100] "GET /teaching/nswi177/labs/ HTTP/1.1" 200 9531 "-" "Mozilla/5.0 (Macintosh; Intel Mac OS X 10_15_7) AppleWebKit/605.1.15 (KHTML, like Gecko) Version/14.1.2 Safari/605.1.15"
95.162.240.132 - - [24/Mar/2022:22:35:59 +0100] "GET /teaching/nswi177/labs/06/ HTTP/1.1" 200 4784 "-" "Mozilla/5.0 (Macintosh; Intel Mac OS X 10_15_7) AppleWebKit/605.1.15 (KHTML, like Gecko) Version/14.1.2 Safari/605.1.15"
95.162.240.132 - - [24/Mar/2022:22:36:40 +0100] "GET /teaching/nswi177/labs/05/ HTTP/1.1" 200 24868 "-" "Mozilla/5.0 (Macintosh; Intel Mac OS X 10_15_7) AppleWebKit/605.1.15 (KHTML, like Gecko) Version/14.1.2 Safari/605.1.15"
95.162.240.132 - - [24/Mar/2022:22:37:25 +0100] "GET /teaching/nswi177/manpage/ HTTP/1.1" 200 10888 "-" "Mozilla/5.0 (Macintosh; Intel Mac OS X 10_15_7) AppleWebKit/605.1.15 (KHTML, like Gecko) Version/14.1.2 Safari/605.1.15"
95.162.241.324 - - [24/Mar/2022:22:39:03 +0100] "GET /teaching/nswi177/ HTTP/1.1" 200 10487 "-" "Mozilla/5.0 (Windows NT 10.0; Win64; x64) AppleWebKit/537.36 (KHTML, like Gecko) Chrome/99.0.4844.82 Safari/537.36"
95.162.241.324 - - [24/Mar/2022:22:39:11 +0100] "GET /teaching/nswi177/labs/ HTTP/1.1" 200 2638 "-" "Mozilla/5.0 (Windows NT 10.0; Win64; x64) AppleWebKit/537.36 (KHTML, like Gecko) Chrome/99.0.4844.82 Safari/537.36"
95.162.241.324 - - [24/Mar/2022:22:39:12 +0100] "GET /teaching/nswi177/labs/06/ HTTP/1.1" 200 4784 "-" "Mozilla/5.0 (Windows NT 10.0; Win64; x64) AppleWebKit/537.36 (KHTML, like Gecko) Chrome/99.0.4844.82 Safari/537.36"
95.114.66.196 - - [24/Mar/2022:22:57:14 +0100] "GET /teaching/nswi177/labs/05/ HTTP/1.1" 200 24868 "-" "Mozilla/5.0 (X11; Linux x86_64; rv:98.0) Gecko/20100101 Firefox/98.0"
95.114.66.196 - - [24/Mar/2022:22:57:15 +0100] "GET /teaching/nswi177/labs/06/ HTTP/1.1" 200 5296 "-" "Mozilla/5.0 (X11; Linux x86_64; rv:98.0) Gecko/20100101 Firefox/98.0"
104.284.273.167 - - [24/Mar/2022:22:58:08 +0100] "GET /teaching/nswi177/labs/01/ HTTP/1.1" 200 20286 "-" "Mozilla/5.0 (compatible; YandexBot/3.0; +http://yandex.com/bots)"
95.162.240.116 - - [24/Mar/2022:23:09:06 +0100] "GET /teaching/nswi177/ HTTP/1.1" 200 10487 "-" "Mozilla/5.0 (X11; Linux x86_64; rv:98.0) Gecko/20100101 Firefox/98.0"
95.162.240.116 - - [24/Mar/2022:23:09:16 +0100] "GET /teaching/nswi177/labs/ HTTP/1.1" 200 2638 "-" "Mozilla/5.0 (X11; Linux x86_64; rv:98.0) Gecko/20100101 Firefox/98.0"
95.162.240.116 - - [24/Mar/2022:23:09:18 +0100] "GET /teaching/nswi177/labs/06/ HTTP/1.1" 200 5296 "-" "Mozilla/5.0 (X11; Linux x86_64; rv:98.0) Gecko/20100101 Firefox/98.0"
95.162.240.116 - - [24/Mar/2022:23:09:34 +0100] "GET /teaching/nswi177/labs/07/ HTTP/1.1" 200 10428 "-" "Mozilla/5.0 (X11; Linux x86_64; rv:98.0) Gecko/20100101 Firefox/98.0"
95.162.240.116 - - [24/Mar/2022:23:10:04 +0100] "GET /teaching/nswi177/labs/networking/ HTTP/1.1" 200 7012 "-" "Mozilla/5.0 (X11; Linux x86_64; rv:98.0) Gecko/20100101 Firefox/98.0"
95.162.240.120 - - [24/Mar/2022:23:18:12 +0100] "GET /teaching/nswi177/ HTTP/1.1" 200 3082 "-" "Mozilla/5.0 (Windows NT 10.0; Win64; x64) AppleWebKit/537.36 (KHTML, like Gecko) Chrome/98.0.4758.109 Safari/537.36 OPR/84.0.4316.50"
95.162.240.120 - - [24/Mar/2022:23:18:14 +0100] "GET /teaching/nswi177/labs/ HTTP/1.1" 200 2126 "-" "Mozilla/5.0 (Windows NT 10.0; Win64; x64) AppleWebKit/537.36 (KHTML, like Gecko) Chrome/98.0.4758.109 Safari/537.36 OPR/84.0.4316.50"
95.162.240.120 - - [24/Mar/2022:23:18:22 +0100] "GET /teaching/nswi177/labs/06/ HTTP/1.1" 200 5296 "-" "Mozilla/5.0 (Windows NT 10.0; Win64; x64) AppleWebKit/537.36 (KHTML, like Gecko) Chrome/98.0.4758.109 Safari/537.36 OPR/84.0.4316.50"
103.83.273.206 - - [24/Mar/2022:23:18:27 +0100] "GET /teaching/nswi177/ HTTP/1.1" 200 10487 "-" "Mozilla/5.0 (Windows NT 10.0; Win64; x64) AppleWebKit/537.36 (KHTML, like Gecko) Chrome/99.0.4844.82 Safari/537.36"
95.162.240.120 - - [24/Mar/2022:23:18:29 +0100] "GET /teaching/nswi177/labs/05/ HTTP/1.1" 200 17975 "-" "Mozilla/5.0 (Windows NT 10.0; Win64; x64) AppleWebKit/537.36 (KHTML, like Gecko) Chrome/98.0.4758.109 Safari/537.36 OPR/84.0.4316.50"
103.83.273.206 - - [24/Mar/2022:23:18:30 +0100] "GET /teaching/nswi177/labs/ HTTP/1.1" 200 2126 "-" "Mozilla/5.0 (Windows NT 10.0; Win64; x64) AppleWebKit/537.36 (KHTML, like Gecko) Chrome/99.0.4844.82 Safari/537.36"
103.83.273.206 - - [24/Mar/2022:23:18:31 +0100] "GET /teaching/nswi177/labs/06/ HTTP/1.1" 200 4784 "-" "Mozilla/5.0 (Windows NT 10.0; Win64; x64) AppleWebKit/537.36 (KHTML, like Gecko) Chrome/99.0.4844.82 Safari/537.36"
103.83.273.206 - - [24/Mar/2022:23:18:38 +0100] "GET /teaching/nswi177/labs/05/ HTTP/1.1" 200 17975 "-" "Mozilla/5.0 (Windows NT 10.0; Win64; x64) AppleWebKit/537.36 (KHTML, like Gecko) Chrome/99.0.4844.82 Safari/537.36"
202.146.216.134 - - [24/Mar/2022:23:18:58 +0100] "GET /teaching/nswi177/ HTTP/1.1" 200 10487 "-" "Mozilla/5.0 (Windows NT 10.0; Win64; x64) AppleWebKit/537.36 (KHTML, like Gecko) Chrome/99.0.4844.82 Safari/537.36"
202.146.216.134 - - [24/Mar/2022:23:19:01 +0100] "GET /teaching/nswi177/labs/ HTTP/1.1" 200 2126 "-" "Mozilla/5.0 (Windows NT 10.0; Win64; x64) AppleWebKit/537.36 (KHTML, like Gecko) Chrome/99.0.4844.82 Safari/537.36"
202.146.216.134 - - [24/Mar/2022:23:19:05 +0100] "GET /teaching/nswi177/labs/06/ HTTP/1.1" 200 4784 "-" "Mozilla/5.0 (Windows NT 10.0; Win64; x64) AppleWebKit/537.36 (KHTML, like Gecko) Chrome/99.0.4844.82 Safari/537.36"
95.162.240.117 - - [24/Mar/2022:23:38:10 +0100] "GET /teaching/nswi177/ HTTP/1.1" 200 10487 "-" "Mozilla/5.0 (X11; Linux x86_64; rv:98.0) Gecko/20100101 Firefox/98.0"
95.162.240.117 - - [24/Mar/2022:23:38:12 +0100] "GET /teaching/nswi177/labs/ HTTP/1.1" 200 2126 "-" "Mozilla/5.0 (X11; Linux x86_64; rv:98.0) Gecko/20100101 Firefox/98.0"
95.162.240.117 - - [24/Mar/2022:23:38:14 +0100] "GET /teaching/nswi177/labs/05/ HTTP/1.1" 200 17463 "-" "Mozilla/5.0 (X11; Linux x86_64; rv:98.0) Gecko/20100101 Firefox/98.0"
111.232.90.324 - - [24/Mar/2022:23:48:22 +0100] "GET /teaching/nswi177/ HTTP/1.1" 200 10487 "-" "Mozilla/5.0 (Macintosh; Intel Mac OS X 10_15_6) AppleWebKit/605.1.15 (KHTML, like Gecko) Version/14.0.3 Safari/605.1.15"
95.162.240.125 - - [24/Mar/2022:23:50:02 +0100] "GET /teaching/nswi177/ HTTP/1.1" 200 10487 "-" "Mozilla/5.0 (Macintosh; Intel Mac OS X 10_15_7) AppleWebKit/605.1.15 (KHTML, like Gecko) Version/14.1.2 Safari/605.1.15"
95.162.240.125 - - [24/Mar/2022:23:50:03 +0100] "GET /teaching/nswi177/labs/ HTTP/1.1" 200 2126 "-" "Mozilla/5.0 (Macintosh; Intel Mac OS X 10_15_7) AppleWebKit/605.1.15 (KHTML, like Gecko) Version/14.1.2 Safari/605.1.15"
95.162.240.125 - - [24/Mar/2022:23:50:05 +0100] "GET /teaching/nswi177/labs/06/ HTTP/1.1" 200 4784 "-" "Mozilla/5.0 (Macintosh; Intel Mac OS X 10_15_7) AppleWebKit/605.1.15 (KHTML, like Gecko) Version/14.1.2 Safari/605.1.15"
95.162.240.125 - - [24/Mar/2022:23:52:03 +0100] "GET /teaching/nswi177/labs/05/ HTTP/1.1" 200 24868 "-" "Mozilla/5.0 (Macintosh; Intel Mac OS X 10_15_7) AppleWebKit/605.1.15 (KHTML, like Gecko) Version/14.1.2 Safari/605.1.15"
102.194.96.202 - - [24/Mar/2022:23:52:52 +0100] "GET /teaching/nswi177/labs/ HTTP/1.1" 200 9531 "-" "Mozilla/5.0 (Macintosh; Intel Mac OS X 10_15_7) AppleWebKit/605.1.15 (KHTML, like Gecko) Version/14.1 Safari/605.1.15"
111.176.288.331 - - [24/Mar/2022:23:59:50 +0100] "GET /teaching/nswi177/ HTTP/1.1" 200 10487 "-" "Mozilla/5.0 (Windows NT 6.3; Win64; x64; rv:98.0) Gecko/20100101 Firefox/98.0"
111.176.288.331 - - [25/Mar/2022:00:00:39 +0100] "GET /teaching/nswi177/guide/ HTTP/1.1" 200 6710 "-" "Mozilla/5.0 (Windows NT 6.3; Win64; x64; rv:98.0) Gecko/20100101 Firefox/98.0"
101.276.130.307 - - [25/Mar/2022:00:00:57 +0100] "GET /teaching/nswi177/labs/ HTTP/1.1" 200 2638 "-" "Mozilla/5.0 (X11; Linux x86_64; rv:98.0) Gecko/20100101 Firefox/98.0"
101.276.130.307 - - [25/Mar/2022:00:01:10 +0100] "GET /teaching/nswi177/labs/05/ HTTP/1.1" 200 17975 "-" "Mozilla/5.0 (X11; Linux x86_64; rv:98.0) Gecko/20100101 Firefox/98.0"
101.276.130.307 - - [25/Mar/2022:00:01:11 +0100] "GET /teaching/nswi177/labs/images/prev.png HTTP/1.1" 404 3782 "-" "Mozilla/5.0 (X11; Linux x86_64; rv:98.0) Gecko/20100101 Firefox/98.0"
101.276.130.307 - - [25/Mar/2022:00:01:11 +0100] "GET /teaching/nswi177/labs/images/next.png HTTP/1.1" 404 3782 "-" "Mozilla/5.0 (X11; Linux x86_64; rv:98.0) Gecko/20100101 Firefox/98.0"
101.276.130.307 - - [25/Mar/2022:00:01:11 +0100] "GET /teaching/nswi177/labs/images/close.png HTTP/1.1" 404 4294 "-" "Mozilla/5.0 (X11; Linux x86_64; rv:98.0) Gecko/20100101 Firefox/98.0"
101.276.130.307 - - [25/Mar/2022:00:01:11 +0100] "GET /teaching/nswi177/labs/images/loading.gif HTTP/1.1" 404 4294 "-" "Mozilla/5.0 (X11; Linux x86_64; rv:98.0) Gecko/20100101 Firefox/98.0"
95.162.237.351 - - [25/Mar/2022:00:05:34 +0100] "GET /teaching/nswi177/labs/04/ HTTP/1.1" 200 25609 "-" "Mozilla/5.0 (X11; Linux x86_64) AppleWebKit/537.36 (KHTML, like Gecko) Chrome/85.0.4183.83 Safari/537.36"
95.162.237.351 - - [25/Mar/2022:00:05:50 +0100] "GET /teaching/nswi177/labs/ HTTP/1.1" 200 2638 "-" "Mozilla/5.0 (X11; Linux x86_64) AppleWebKit/537.36 (KHTML, like Gecko) Chrome/85.0.4183.83 Safari/537.36"
95.162.237.351 - - [25/Mar/2022:00:05:57 +0100] "GET /teaching/nswi177/labs/05/ HTTP/1.1" 200 17975 "-" "Mozilla/5.0 (X11; Linux x86_64) AppleWebKit/537.36 (KHTML, like Gecko) Chrome/85.0.4183.83 Safari/537.36"
95.162.237.351 - - [25/Mar/2022:00:09:51 +0100] "GET /teaching/nswi177/labs/06/ HTTP/1.1" 200 5296 "-" "Mozilla/5.0 (X11; Linux x86_64) AppleWebKit/537.36 (KHTML, like Gecko) Chrome/85.0.4183.83 Safari/537.36"
95.162.237.351 - - [25/Mar/2022:00:12:45 +0100] "GET /teaching/nswi177/labs/ HTTP/1.1" 200 9531 "-" "Mozilla/5.0 (Macintosh; Intel Mac OS X 10_15_7) AppleWebKit/537.36 (KHTML, like Gecko) Chrome/99.0.4844.83 Safari/537.36"
95.162.237.351 - - [25/Mar/2022:00:12:47 +0100] "GET /teaching/nswi177/labs/04/ HTTP/1.1" 200 18204 "-" "Mozilla/5.0 (Macintosh; Intel Mac OS X 10_15_7) AppleWebKit/537.36 (KHTML, like Gecko) Chrome/99.0.4844.83 Safari/537.36"
83.283.115.152 - - [25/Mar/2022:00:19:40 +0100] "GET /teaching/nswi177/202021/labs/networking/ HTTP/1.1" 200 13952 "-" "Mozilla/5.0 (Linux; Android 6.0.1; Nexus 5X Build/MMB29P) AppleWebKit/537.36 (KHTML, like Gecko) Chrome/99.0.4844.82 Mobile Safari/537.36 (compatible; Googlebot/2.1; +http://www.google.com/bot.html)"
95.114.172.299 - - [25/Mar/2022:00:24:06 +0100] "GET /teaching/nswi177/ HTTP/1.1" 200 10487 "-" "Mozilla/5.0 (X11; Fedora; Linux x86_64) AppleWebKit/537.36 (KHTML, like Gecko) Chrome/99.0.4844.51 Safari/537.36"
95.114.172.299 - - [25/Mar/2022:00:31:49 +0100] "GET /teaching/nswi177/labs/ HTTP/1.1" 200 9531 "-" "Mozilla/5.0 (X11; Fedora; Linux x86_64) AppleWebKit/537.36 (KHTML, like Gecko) Chrome/99.0.4844.51 Safari/537.36"
107.216.110.217 - - [25/Mar/2022:00:49:15 +0100] "GET /teaching/nswi177/ HTTP/1.1" 200 3594 "-" "Mozilla/5.0 (Windows NT 10.0; Win64; x64) AppleWebKit/537.36 (KHTML, like Gecko) Chrome/99.0.4844.51 Safari/537.36 Edg/99.0.1150.30"
107.216.110.217 - - [25/Mar/2022:00:49:19 +0100] "GET /teaching/nswi177/labs/ HTTP/1.1" 200 2126 "-" "Mozilla/5.0 (Windows NT 10.0; Win64; x64) AppleWebKit/537.36 (KHTML, like Gecko) Chrome/99.0.4844.51 Safari/537.36 Edg/99.0.1150.30"
107.216.110.217 - - [25/Mar/2022:00:49:26 +0100] "GET /teaching/nswi177/labs/06/ HTTP/1.1" 200 5296 "-" "Mozilla/5.0 (Windows NT 10.0; Win64; x64) AppleWebKit/537.36 (KHTML, like Gecko) Chrome/99.0.4844.51 Safari/537.36 Edg/99.0.1150.30"
95.114.172.299 - - [25/Mar/2022:01:08:30 +0100] "GET /teaching/nswi177/labs/05/ HTTP/1.1" 200 24868 "-" "Mozilla/5.0 (X11; Fedora; Linux x86_64) AppleWebKit/537.36 (KHTML, like Gecko) Chrome/99.0.4844.51 Safari/537.36"
202.225.220.108 - - [25/Mar/2022:01:22:09 +0100] "GET /teaching/nswi177/201920/labs/12/ HTTP/1.1" 200 20079 "-" "Mozilla/5.0 (compatible; SemrushBot/7~bl; +http://www.semrush.com/bot.html)"
111.264.196.299 - - [25/Mar/2022:01:22:21 +0100] "GET /teaching/nswi177/202021/labs/06/ HTTP/1.1" 200 25293 "-" "Mozilla/5.0 (Macintosh; Intel Mac OS X 10_15_4) AppleWebKit/605.1.15 (KHTML, like Gecko) Version/13.1 Safari/605.1.15"
111.264.196.299 - - [25/Mar/2022:01:22:21 +0100] "GET /teaching/nswi177/202021/labs/10/ HTTP/1.1" 200 22119 "-" "Mozilla/5.0 (Macintosh; Intel Mac OS X 10_15_4) AppleWebKit/605.1.15 (KHTML, like Gecko) Version/13.1 Safari/605.1.15"
95.162.240.114 - - [25/Mar/2022:01:23:40 +0100] "GET /teaching/nswi177/ HTTP/1.1" 200 10487 "-" "Mozilla/5.0 (Windows NT 10.0; Win64; x64) AppleWebKit/537.36 (KHTML, like Gecko) Chrome/99.0.4844.74 Safari/537.36 Edg/99.0.1150.46"
95.162.240.114 - - [25/Mar/2022:01:23:43 +0100] "GET /teaching/nswi177/labs/ HTTP/1.1" 200 2126 "-" "Mozilla/5.0 (Windows NT 10.0; Win64; x64) AppleWebKit/537.36 (KHTML, like Gecko) Chrome/99.0.4844.74 Safari/537.36 Edg/99.0.1150.46"
111.264.196.299 - - [25/Mar/2022:01:23:46 +0100] "GET /teaching/nswi177/202021/labs/10/ HTTP/1.1" 200 22119 "-" "Mozilla/5.0 (Macintosh; Intel Mac OS X 10_15_4) AppleWebKit/605.1.15 (KHTML, like Gecko) Version/13.1 Safari/605.1.15"
111.264.196.299 - - [25/Mar/2022:01:23:46 +0100] "GET /teaching/nswi177/202021/labs/06/ HTTP/1.1" 200 25293 "-" "Mozilla/5.0 (Macintosh; Intel Mac OS X 10_15_4) AppleWebKit/605.1.15 (KHTML, like Gecko) Version/13.1 Safari/605.1.15"
111.264.196.299 - - [25/Mar/2022:01:23:46 +0100] "GET /teaching/nswi177/202021/labs/06/ HTTP/1.1" 200 25293 "-" "Mozilla/5.0 (Macintosh; Intel Mac OS X 10_15_4) AppleWebKit/605.1.15 (KHTML, like Gecko) Version/13.1 Safari/605.1.15"
111.264.196.299 - - [25/Mar/2022:01:23:46 +0100] "GET /teaching/nswi177/202021/labs/10/ HTTP/1.1" 200 22119 "-" "Mozilla/5.0 (Macintosh; Intel Mac OS X 10_15_4) AppleWebKit/605.1.15 (KHTML, like Gecko) Version/13.1 Safari/605.1.15"
111.264.196.299 - - [25/Mar/2022:01:23:46 +0100] "GET /teaching/nswi177/202021/labs/10/ HTTP/1.1" 200 14714 "-" "Mozilla/5.0 (Macintosh; Intel Mac OS X 10_15_4) AppleWebKit/605.1.15 (KHTML, like Gecko) Version/13.1 Safari/605.1.15"
111.264.196.299 - - [25/Mar/2022:01:23:46 +0100] "GET /teaching/nswi177/202021/labs/06/ HTTP/1.1" 200 17888 "-" "Mozilla/5.0 (Macintosh; Intel Mac OS X 10_15_4) AppleWebKit/605.1.15 (KHTML, like Gecko) Version/13.1 Safari/605.1.15"
111.264.196.299 - - [25/Mar/2022:01:23:46 +0100] "GET /teaching/nswi177/202021/labs/10/ HTTP/1.1" 200 14714 "-" "Mozilla/5.0 (Macintosh; Intel Mac OS X 10_15_4) AppleWebKit/605.1.15 (KHTML, like Gecko) Version/13.1 Safari/605.1.15"
111.264.196.299 - - [25/Mar/2022:01:23:46 +0100] "GET /teaching/nswi177/202021/labs/06/ HTTP/1.1" 200 17888 "-" "Mozilla/5.0 (Macintosh; Intel Mac OS X 10_15_4) AppleWebKit/605.1.15 (KHTML, like Gecko) Version/13.1 Safari/605.1.15"
95.162.240.114 - - [25/Mar/2022:01:23:52 +0100] "GET /teaching/nswi177/labs/06/ HTTP/1.1" 200 5296 "-" "Mozilla/5.0 (Windows NT 10.0; Win64; x64) AppleWebKit/537.36 (KHTML, like Gecko) Chrome/99.0.4844.74 Safari/537.36 Edg/99.0.1150.46"
131.153.182.261 - - [25/Mar/2022:01:27:37 +0100] "GET /teaching/nswi177/202021/labs/03/ HTTP/1.1" 200 20816 "-" "Mozilla/5.0 (Linux; Android 7.0;) AppleWebKit/537.36 (KHTML, like Gecko) Mobile Safari/537.36 (compatible; PetalBot;+https://webmaster.petalsearch.com/site/petalbot)"
95.162.240.114 - - [25/Mar/2022:01:28:44 +0100] "GET /teaching/nswi177/labs/05/ HTTP/1.1" 200 24868 "-" "Mozilla/5.0 (Windows NT 10.0; Win64; x64) AppleWebKit/537.36 (KHTML, like Gecko) Chrome/99.0.4844.74 Safari/537.36 Edg/99.0.1150.46"
95.162.237.351 - - [25/Mar/2022:01:29:21 +0100] "GET /teaching/nswi177/labs/05/ HTTP/1.1" 200 24868 "-" "Mozilla/5.0 (X11; Linux x86_64) AppleWebKit/537.36 (KHTML, like Gecko) Chrome/85.0.4183.83 Safari/537.36"
95.162.237.351 - - [25/Mar/2022:01:42:48 +0100] "GET /teaching/nswi177/labs/ HTTP/1.1" 200 9531 "-" "Mozilla/5.0 (Macintosh; Intel Mac OS X 10_15_7) AppleWebKit/537.36 (KHTML, like Gecko) Chrome/99.0.4844.83 Safari/537.36"
95.162.237.351 - - [25/Mar/2022:01:42:51 +0100] "GET /teaching/nswi177/labs/05/ HTTP/1.1" 200 17463 "-" "Mozilla/5.0 (Macintosh; Intel Mac OS X 10_15_7) AppleWebKit/537.36 (KHTML, like Gecko) Chrome/99.0.4844.83 Safari/537.36"
22.289.302.268 - - [25/Mar/2022:02:02:38 +0100] "GET /teaching/nswi177/labs/11/ HTTP/1.1" 404 11188 "-" "Mozilla/5.0 (compatible; YandexBot/3.0; +http://yandex.com/bots)"
83.283.115.156 - - [25/Mar/2022:02:27:09 +0100] "GET /teaching/nswi177/202021/labs/ HTTP/1.1" 200 10480 "-" "Mozilla/5.0 (Linux; Android 6.0.1; Nexus 5X Build/MMB29P) AppleWebKit/537.36 (KHTML, like Gecko) Chrome/99.0.4844.82 Mobile Safari/537.36 (compatible; Googlebot/2.1; +http://www.google.com/bot.html)"
95.162.240.118 - - [25/Mar/2022:02:59:38 +0100] "GET /teaching/nswi177/202021/labs/06/ HTTP/1.1" 200 25293 "-" "Mozilla/5.0 (Macintosh; Intel Mac OS X 10_11_1) AppleWebKit/601.2.4 (KHTML, like Gecko) Version/9.0.1 Safari/601.2.4 facebookexternalhit/1.1 Facebot Twitterbot/1.0"
95.162.240.118 - - [25/Mar/2022:02:59:45 +0100] "GET /teaching/nswi177/202021/labs/06/ HTTP/1.1" 200 25293 "-" "Mozilla/5.0 (Macintosh; Intel Mac OS X 10_11_1) AppleWebKit/601.2.4 (KHTML, like Gecko) Version/9.0.1 Safari/601.2.4 facebookexternalhit/1.1 Facebot Twitterbot/1.0"
95.162.240.118 - - [25/Mar/2022:02:59:58 +0100] "GET /teaching/nswi177/202021/labs/06/ HTTP/1.1" 200 25293 "-" "Mozilla/5.0 (Macintosh; Intel Mac OS X 10_11_1) AppleWebKit/601.2.4 (KHTML, like Gecko) Version/9.0.1 Safari/601.2.4 facebookexternalhit/1.1 Facebot Twitterbot/1.0"
95.162.240.118 - - [25/Mar/2022:03:00:22 +0100] "GET /teaching/nswi177/202021/labs/10/ HTTP/1.1" 200 22119 "-" "Mozilla/5.0 (Macintosh; Intel Mac OS X 10_15_4) AppleWebKit/605.1.15 (KHTML, like Gecko) Version/13.1 Safari/605.1.15"
95.162.240.118 - - [25/Mar/2022:03:00:22 +0100] "GET /teaching/nswi177/202021/labs/10/ HTTP/1.1" 200 14714 "-" "Mozilla/5.0 (Macintosh; Intel Mac OS X 10_15_4) AppleWebKit/605.1.15 (KHTML, like Gecko) Version/13.1 Safari/605.1.15"
95.162.240.118 - - [25/Mar/2022:03:00:22 +0100] "GET /teaching/nswi177/202021/labs/06/ HTTP/1.1" 200 17888 "-" "Mozilla/5.0 (Macintosh; Intel Mac OS X 10_15_4) AppleWebKit/605.1.15 (KHTML, like Gecko) Version/13.1 Safari/605.1.15"
95.162.240.118 - - [25/Mar/2022:03:00:22 +0100] "GET /teaching/nswi177/202021/labs/10/ HTTP/1.1" 200 22119 "-" "Mozilla/5.0 (Macintosh; Intel Mac OS X 10_15_4) AppleWebKit/605.1.15 (KHTML, like Gecko) Version/13.1 Safari/605.1.15"
95.162.240.118 - - [25/Mar/2022:03:00:22 +0100] "GET /teaching/nswi177/202021/labs/10/ HTTP/1.1" 200 14714 "-" "Mozilla/5.0 (Macintosh; Intel Mac OS X 10_15_4) AppleWebKit/605.1.15 (KHTML, like Gecko) Version/13.1 Safari/605.1.15"
95.162.240.118 - - [25/Mar/2022:03:00:22 +0100] "GET /teaching/nswi177/202021/labs/06/ HTTP/1.1" 200 25293 "-" "Mozilla/5.0 (Macintosh; Intel Mac OS X 10_15_4) AppleWebKit/605.1.15 (KHTML, like Gecko) Version/13.1 Safari/605.1.15"
95.162.240.118 - - [25/Mar/2022:03:00:22 +0100] "GET /teaching/nswi177/202021/labs/06/ HTTP/1.1" 200 17888 "-" "Mozilla/5.0 (Macintosh; Intel Mac OS X 10_15_4) AppleWebKit/605.1.15 (KHTML, like Gecko) Version/13.1 Safari/605.1.15"
95.162.240.118 - - [25/Mar/2022:03:00:22 +0100] "GET /teaching/nswi177/202021/labs/06/ HTTP/1.1" 200 25293 "-" "Mozilla/5.0 (Macintosh; Intel Mac OS X 10_15_4) AppleWebKit/605.1.15 (KHTML, like Gecko) Version/13.1 Safari/605.1.15"
131.153.179.170 - - [25/Mar/2022:04:48:02 +0100] "GET /teaching/nswi177/201920/labs/03/ HTTP/1.1" 200 11902 "-" "Mozilla/5.0 (Linux; Android 7.0;) AppleWebKit/537.36 (KHTML, like Gecko) Mobile Safari/537.36 (compatible; PetalBot;+https://webmaster.petalsearch.com/site/petalbot)"
83.283.115.152 - - [25/Mar/2022:05:15:41 +0100] "GET /teaching/nswi177/202021/manpages/ HTTP/1.1" 200 10849 "-" "Mozilla/5.0 (Linux; Android 6.0.1; Nexus 5X Build/MMB29P) AppleWebKit/537.36 (KHTML, like Gecko) Chrome/99.0.4844.82 Mobile Safari/537.36 (compatible; Googlebot/2.1; +http://www.google.com/bot.html)"
95.162.240.123 - - [25/Mar/2022:05:36:44 +0100] "GET /teaching/nswi177/ HTTP/1.1" 200 10487 "-" "Mozilla/5.0 (Android 11; Mobile; rv:98.0) Gecko/98.0 Firefox/98.0"
95.162.240.123 - - [25/Mar/2022:05:36:46 +0100] "GET /teaching/nswi177/labs/ HTTP/1.1" 200 2126 "-" "Mozilla/5.0 (Android 11; Mobile; rv:98.0) Gecko/98.0 Firefox/98.0"
95.162.240.123 - - [25/Mar/2022:05:36:50 +0100] "GET /teaching/nswi177/labs/06/ HTTP/1.1" 200 4784 "-" "Mozilla/5.0 (Android 11; Mobile; rv:98.0) Gecko/98.0 Firefox/98.0"
44.39.127.269 - - [25/Mar/2022:05:39:07 +0100] "GET /teaching/nswi177/202021/labs/03/ HTTP/1.1" 200 20816 "-" "node-fetch/1.0 (+https://github.com/bitinn/node-fetch)"
95.162.240.118 - - [25/Mar/2022:05:56:43 +0100] "GET /teaching/nswi177/labs/ HTTP/1.1" 200 9531 "-" "Mozilla/5.0 (X11; Ubuntu; Linux aarch64; rv:97.0) Gecko/20100101 Firefox/97.0"
107.215.68.179 - - [25/Mar/2022:05:56:44 +0100] "GET /teaching/nswi177/labs/05/ HTTP/1.1" 200 24868 "-" "Mozilla/5.0 (Linux; Android 12; SAMSUNG SM-G990B) AppleWebKit/537.36 (KHTML, like Gecko) SamsungBrowser/16.2 Chrome/92.0.4515.166 Mobile Safari/537.36"
95.162.240.118 - - [25/Mar/2022:05:56:49 +0100] "GET /teaching/nswi177/labs/06/ HTTP/1.1" 200 5296 "-" "Mozilla/5.0 (X11; Ubuntu; Linux aarch64; rv:97.0) Gecko/20100101 Firefox/97.0"
95.162.240.118 - - [25/Mar/2022:06:00:23 +0100] "GET /teaching/nswi177/labs/05/ HTTP/1.1" 200 17975 "-" "Mozilla/5.0 (X11; Ubuntu; Linux aarch64; rv:97.0) Gecko/20100101 Firefox/97.0"
212.147.182.321 - - [25/Mar/2022:06:08:30 +0100] "GET /teaching/nswi177/ HTTP/1.0" 200 8863 "-" "Mozilla/5.0 (compatible; heritrix/3.4.0-20210923 +http://webarchiv.cz/kontakty)"
95.162.240.124 - - [23/Mar/2022:07:08:14 +0100] "GET /teaching/nswi177/ HTTP/1.1" 200 10487 "-" "Mozilla/5.0 (iPhone; CPU iPhone OS 15_3_1 like Mac OS X) AppleWebKit/605.1.15 (KHTML, like Gecko) Version/15.3 Mobile/15E148 Safari/604.1"
95.162.240.124 - - [23/Mar/2022:07:08:20 +0100] "GET /teaching/nswi177/labs/ HTTP/1.1" 200 2042 "-" "Mozilla/5.0 (iPhone; CPU iPhone OS 15_3_1 like Mac OS X) AppleWebKit/605.1.15 (KHTML, like Gecko) Version/15.3 Mobile/15E148 Safari/604.1"
95.162.240.124 - - [23/Mar/2022:07:08:23 +0100] "GET /teaching/nswi177/labs/06/ HTTP/1.1" 200 4776 "-" "Mozilla/5.0 (iPhone; CPU iPhone OS 15_3_1 like Mac OS X) AppleWebKit/605.1.15 (KHTML, like Gecko) Version/15.3 Mobile/15E148 Safari/604.1"
