95.162.240.154 - - [22/Mar/2022:12:57:55 +0100] "GET /teaching/nswi177/goals/ HTTP/1.1" 200 2681 "-" "Mozilla/5.0 (Windows NT 10.0; Win64; x64) AppleWebKit/537.36 (KHTML, like Gecko) Chrome/99.0.4844.74 Safari/537.36"
95.162.240.154 - - [22/Mar/2022:12:57:56 +0100] "GET /teaching/nswi177/labs/ HTTP/1.1" 200 2042 "-" "Mozilla/5.0 (Windows NT 10.0; Win64; x64) AppleWebKit/537.36 (KHTML, like Gecko) Chrome/99.0.4844.74 Safari/537.36"
95.162.240.154 - - [22/Mar/2022:12:57:59 +0100] "GET /teaching/nswi177/labs/06/ HTTP/1.1" 200 4776 "-" "Mozilla/5.0 (Windows NT 10.0; Win64; x64) AppleWebKit/537.36 (KHTML, like Gecko) Chrome/99.0.4844.74 Safari/537.36"
95.162.240.154 - - [22/Mar/2022:12:58:10 +0100] "GET /teaching/nswi177/labs/05/ HTTP/1.1" 200 17979 "-" "Mozilla/5.0 (Windows NT 10.0; Win64; x64) AppleWebKit/537.36 (KHTML, like Gecko) Chrome/99.0.4844.74 Safari/537.36"
212.147.65.161 - - [22/Mar/2022:12:58:20 +0100] "GET /teaching/nswi177/ HTTP/1.1" 200 10487 "-" "Mozilla/5.0 (X11; Linux x86_64) AppleWebKit/537.36 (KHTML, like Gecko) QtWebEngine/5.15.2 Chrome/87.0.4280.144 Safari/537.36 Konqueror (WebEnginePart)"
212.147.65.161 - - [22/Mar/2022:12:58:22 +0100] "GET /teaching/nswi177/labs/ HTTP/1.1" 200 2042 "-" "Mozilla/5.0 (X11; Linux x86_64) AppleWebKit/537.36 (KHTML, like Gecko) QtWebEngine/5.15.2 Chrome/87.0.4280.144 Safari/537.36 Konqueror (WebEnginePart)"
95.162.240.154 - - [22/Mar/2022:12:58:23 +0100] "GET /teaching/nswi177/labs/ HTTP/1.1" 200 9447 "-" "Mozilla/5.0 (X11; Fedora; Linux x86_64) AppleWebKit/537.36 (KHTML, like Gecko) Chrome/99.0.4844.51 Safari/537.36"
212.147.65.161 - - [22/Mar/2022:12:58:24 +0100] "GET /teaching/nswi177/labs/05/ HTTP/1.1" 200 17467 "-" "Mozilla/5.0 (X11; Linux x86_64) AppleWebKit/537.36 (KHTML, like Gecko) QtWebEngine/5.15.2 Chrome/87.0.4280.144 Safari/537.36 Konqueror (WebEnginePart)"
95.162.240.154 - - [22/Mar/2022:12:58:25 +0100] "GET /teaching/nswi177/labs/05/ HTTP/1.1" 200 17467 "-" "Mozilla/5.0 (X11; Fedora; Linux x86_64) AppleWebKit/537.36 (KHTML, like Gecko) Chrome/99.0.4844.51 Safari/537.36"
212.147.65.161 - - [22/Mar/2022:12:58:40 +0100] "GET /teaching/nswi177/labs/05/ HTTP/1.1" 200 17467 "-" "Mozilla/5.0 (X11; Linux x86_64) AppleWebKit/537.36 (KHTML, like Gecko) Chrome/99.0.4844.74 Safari/537.36"
95.162.240.154 - - [22/Mar/2022:12:58:50 +0100] "GET /teaching/nswi177/labs/ HTTP/1.1" 200 9447 "-" "Mozilla/5.0 (Windows NT 10.0; Win64; x64) AppleWebKit/537.36 (KHTML, like Gecko) Chrome/98.0.4758.109 Safari/537.36 OPR/84.0.4316.31 (Edition Yx 05)"
95.162.240.154 - - [22/Mar/2022:12:58:53 +0100] "GET /teaching/nswi177/labs/05/ HTTP/1.1" 200 17467 "-" "Mozilla/5.0 (Windows NT 10.0; Win64; x64) AppleWebKit/537.36 (KHTML, like Gecko) Chrome/98.0.4758.109 Safari/537.36 OPR/84.0.4316.31 (Edition Yx 05)"
71.70.197.327 - - [22/Mar/2022:12:58:54 +0100] "GET /teaching/nswi177/manpage/ HTTP/1.1" 200 10880 "-" "Mozilla/5.0 (compatible; AhrefsBot/7.0; +http://ahrefs.com/robot/)"
212.147.65.111 - - [22/Mar/2022:12:59:49 +0100] "GET /teaching/nswi177/labs/01/ HTTP/1.1" 200 20285 "-" "Mozilla/5.0 (X11; Fedora; Linux x86_64; rv:93.0) Gecko/20100101 Firefox/93.0"
212.147.65.111 - - [22/Mar/2022:12:59:53 +0100] "GET /teaching/nswi177/labs/ HTTP/1.1" 200 2042 "-" "Mozilla/5.0 (X11; Fedora; Linux x86_64; rv:93.0) Gecko/20100101 Firefox/93.0"
212.147.65.111 - - [22/Mar/2022:12:59:57 +0100] "GET /teaching/nswi177/labs/05/ HTTP/1.1" 200 17467 "-" "Mozilla/5.0 (X11; Fedora; Linux x86_64; rv:93.0) Gecko/20100101 Firefox/93.0"
97.126.293.304 - - [22/Mar/2022:13:05:00 +0100] "GET /teaching/nswi177/labs/05/ HTTP/1.1" 200 24872 "-" "Mozilla/5.0 (Windows NT 10.0; Win64; x64) AppleWebKit/537.36 (KHTML, like Gecko) Chrome/98.0.4758.109 Safari/537.36 OPR/84.0.4316.43 (Edition Yx GX)"
95.162.240.118 - - [22/Mar/2022:13:08:08 +0100] "GET /teaching/nswi177/labs/ HTTP/1.1" 200 2554 "-" "Mozilla/5.0 (X11; Ubuntu; Linux aarch64; rv:97.0) Gecko/20100101 Firefox/97.0"
95.162.240.118 - - [22/Mar/2022:13:08:18 +0100] "GET /teaching/nswi177/labs/06/ HTTP/1.1" 200 5288 "-" "Mozilla/5.0 (X11; Ubuntu; Linux aarch64; rv:97.0) Gecko/20100101 Firefox/97.0"
101.279.170.133 - - [22/Mar/2022:13:08:26 +0100] "GET /teaching/nswi177/ HTTP/1.1" 200 10487 "-" "Mozilla/5.0 (Linux; Android 11; SAMSUNG SM-M515F) AppleWebKit/537.36 (KHTML, like Gecko) SamsungBrowser/16.2 Chrome/92.0.4515.166 Mobile Safari/537.36"
212.147.65.111 - - [22/Mar/2022:13:08:58 +0100] "GET /teaching/nswi177/labs/04/ HTTP/1.1" 200 25609 "-" "Mozilla/5.0 (X11; Fedora; Linux x86_64; rv:93.0) Gecko/20100101 Firefox/93.0"
101.279.170.133 - - [22/Mar/2022:13:09:02 +0100] "GET /teaching/nswi177/labs/ HTTP/1.1" 200 2554 "-" "Mozilla/5.0 (Linux; Android 11; SAMSUNG SM-M515F) AppleWebKit/537.36 (KHTML, like Gecko) SamsungBrowser/16.2 Chrome/92.0.4515.166 Mobile Safari/537.36"
101.279.170.133 - - [22/Mar/2022:13:09:05 +0100] "GET /teaching/nswi177/labs/06/ HTTP/1.1" 200 4776 "-" "Mozilla/5.0 (Linux; Android 11; SAMSUNG SM-M515F) AppleWebKit/537.36 (KHTML, like Gecko) SamsungBrowser/16.2 Chrome/92.0.4515.166 Mobile Safari/537.36"
101.279.170.133 - - [22/Mar/2022:13:09:06 +0100] "GET /teaching/nswi177/labs/ HTTP/1.1" 200 9447 "-" "Mozilla/5.0 (Linux; Android 11; SAMSUNG SM-M515F) AppleWebKit/537.36 (KHTML, like Gecko) SamsungBrowser/16.2 Chrome/92.0.4515.166 Mobile Safari/537.36"
101.279.170.133 - - [22/Mar/2022:13:09:07 +0100] "GET /teaching/nswi177/labs/favicon.ico HTTP/1.1" 404 3782 "-" "Dalvik/2.1.0 (Linux; U; Android 11; SM-M515F Build/RP1A.200720.012)"
95.162.240.154 - - [22/Mar/2022:13:12:17 +0100] "GET /teaching/nswi177/labs/06/ HTTP/1.1" 200 12181 "-" "Mozilla/5.0 (Windows NT 10.0; Win64; x64) AppleWebKit/537.36 (KHTML, like Gecko) Chrome/99.0.4844.74 Safari/537.36"
95.162.240.154 - - [22/Mar/2022:13:12:26 +0100] "GET /teaching/nswi177/labs/05/ HTTP/1.1" 200 17979 "-" "Mozilla/5.0 (Windows NT 10.0; Win64; x64) AppleWebKit/537.36 (KHTML, like Gecko) Chrome/99.0.4844.74 Safari/537.36"
212.147.65.111 - - [22/Mar/2022:13:15:44 +0100] "GET /teaching/nswi177/labs/ HTTP/1.1" 200 9447 "-" "Mozilla/5.0 (X11; Fedora; Linux x86_64; rv:93.0) Gecko/20100101 Firefox/93.0"
212.147.65.111 - - [22/Mar/2022:13:15:47 +0100] "GET /teaching/nswi177/labs/05/ HTTP/1.1" 200 17467 "-" "Mozilla/5.0 (X11; Fedora; Linux x86_64; rv:93.0) Gecko/20100101 Firefox/93.0"
105.137.277.131 - - [22/Mar/2022:13:19:04 +0100] "GET /teaching/nswi177/labs/03/ HTTP/1.1" 200 22899 "-" "Mozilla/5.0 (X11; Ubuntu; Linux x86_64; rv:95.0) Gecko/20100101 Firefox/95.0"
105.137.277.131 - - [22/Mar/2022:13:19:06 +0100] "GET /teaching/nswi177/labs/ HTTP/1.1" 200 2042 "-" "Mozilla/5.0 (X11; Ubuntu; Linux x86_64; rv:95.0) Gecko/20100101 Firefox/95.0"
105.137.277.131 - - [22/Mar/2022:13:19:08 +0100] "GET /teaching/nswi177/labs/06/ HTTP/1.1" 200 4776 "-" "Mozilla/5.0 (X11; Ubuntu; Linux x86_64; rv:95.0) Gecko/20100101 Firefox/95.0"
212.147.65.161 - - [22/Mar/2022:13:21:07 +0100] "GET /teaching/nswi177/labs/05/ HTTP/1.1" 200 24872 "-" "Mozilla/5.0 (X11; Linux x86_64) AppleWebKit/537.36 (KHTML, like Gecko) QtWebEngine/5.15.2 Chrome/87.0.4280.144 Safari/537.36 Konqueror (WebEnginePart)"
95.162.240.154 - - [22/Mar/2022:13:21:32 +0100] "GET /teaching/nswi177/guide/ HTTP/1.1" 200 6198 "-" "Mozilla/5.0 (X11; Fedora; Linux x86_64) AppleWebKit/537.36 (KHTML, like Gecko) Chrome/99.0.4844.51 Safari/537.36"
95.162.240.154 - - [22/Mar/2022:13:24:11 +0100] "GET /teaching/nswi177/labs/ HTTP/1.1" 200 9447 "-" "Mozilla/5.0 (X11; Ubuntu; Linux x86_64; rv:97.0) Gecko/20100101 Firefox/97.0"
95.162.240.154 - - [22/Mar/2022:13:24:14 +0100] "GET /teaching/nswi177/labs/05/ HTTP/1.1" 200 17467 "-" "Mozilla/5.0 (X11; Ubuntu; Linux x86_64; rv:97.0) Gecko/20100101 Firefox/97.0"
105.137.277.131 - - [22/Mar/2022:13:25:34 +0100] "GET /teaching/nswi177/get/ HTTP/1.1" 200 14122 "-" "Mozilla/5.0 (X11; Ubuntu; Linux x86_64; rv:95.0) Gecko/20100101 Firefox/95.0"
105.137.277.131 - - [22/Mar/2022:13:25:35 +0100] "GET /teaching/nswi177/labs/ HTTP/1.1" 200 2042 "-" "Mozilla/5.0 (X11; Ubuntu; Linux x86_64; rv:95.0) Gecko/20100101 Firefox/95.0"
105.137.277.131 - - [22/Mar/2022:13:25:36 +0100] "GET /teaching/nswi177/labs/05/ HTTP/1.1" 200 17467 "-" "Mozilla/5.0 (X11; Ubuntu; Linux x86_64; rv:95.0) Gecko/20100101 Firefox/95.0"
95.162.240.154 - - [22/Mar/2022:13:25:44 +0100] "GET /teaching/nswi177/labs/ HTTP/1.1" 200 2554 "-" "Mozilla/5.0 (X11; Fedora; Linux x86_64) AppleWebKit/537.36 (KHTML, like Gecko) Chrome/99.0.4844.51 Safari/537.36"
95.162.240.154 - - [22/Mar/2022:13:25:46 +0100] "GET /teaching/nswi177/labs/05/ HTTP/1.1" 200 17467 "-" "Mozilla/5.0 (X11; Fedora; Linux x86_64) AppleWebKit/537.36 (KHTML, like Gecko) Chrome/99.0.4844.51 Safari/537.36"
95.162.240.151 - - [22/Mar/2022:13:29:26 +0100] "GET /teaching/nswi177/labs/ HTTP/1.1" 200 9447 "-" "Mozilla/5.0 (X11; Linux x86_64; rv:97.0) Gecko/20100101 Firefox/97.0"
95.162.240.151 - - [22/Mar/2022:13:29:27 +0100] "GET /teaching/nswi177/labs/05/ HTTP/1.1" 200 17979 "-" "Mozilla/5.0 (X11; Linux x86_64; rv:97.0) Gecko/20100101 Firefox/97.0"
95.162.240.154 - - [22/Mar/2022:13:33:35 +0100] "GET /teaching/nswi177/ HTTP/1.1" 200 10487 "-" "Mozilla/5.0 (Macintosh; Intel Mac OS X 10_15_6) AppleWebKit/605.1.15 (KHTML, like Gecko) Version/15.3 Safari/605.1.15"
95.162.240.154 - - [22/Mar/2022:13:33:36 +0100] "GET /teaching/nswi177/get/ HTTP/1.1" 200 6717 "-" "Mozilla/5.0 (Macintosh; Intel Mac OS X 10_15_6) AppleWebKit/605.1.15 (KHTML, like Gecko) Version/15.3 Safari/605.1.15"
95.162.240.154 - - [22/Mar/2022:13:33:37 +0100] "GET /teaching/nswi177/labs/ HTTP/1.1" 200 2042 "-" "Mozilla/5.0 (Macintosh; Intel Mac OS X 10_15_6) AppleWebKit/605.1.15 (KHTML, like Gecko) Version/15.3 Safari/605.1.15"
95.162.240.154 - - [22/Mar/2022:13:33:39 +0100] "GET /teaching/nswi177/labs/06/ HTTP/1.1" 200 4776 "-" "Mozilla/5.0 (Macintosh; Intel Mac OS X 10_15_6) AppleWebKit/605.1.15 (KHTML, like Gecko) Version/15.3 Safari/605.1.15"
105.137.277.131 - - [22/Mar/2022:13:33:50 +0100] "GET /teaching/nswi177/labs/ HTTP/1.1" 200 9447 "-" "Mozilla/5.0 (X11; Ubuntu; Linux x86_64; rv:95.0) Gecko/20100101 Firefox/95.0"
105.137.277.131 - - [22/Mar/2022:13:33:51 +0100] "GET /teaching/nswi177/labs/06/ HTTP/1.1" 200 4776 "-" "Mozilla/5.0 (X11; Ubuntu; Linux x86_64; rv:95.0) Gecko/20100101 Firefox/95.0"
212.147.65.161 - - [22/Mar/2022:13:37:37 +0100] "GET /teaching/nswi177/labs/06/ HTTP/1.1" 200 12181 "-" "Mozilla/5.0 (X11; Linux x86_64) AppleWebKit/537.36 (KHTML, like Gecko) Chrome/99.0.4844.74 Safari/537.36"
212.147.65.161 - - [22/Mar/2022:13:42:20 +0100] "GET /teaching/nswi177/labs/05/ HTTP/1.1" 200 24872 "-" "Mozilla/5.0 (X11; Linux x86_64) AppleWebKit/537.36 (KHTML, like Gecko) QtWebEngine/5.15.2 Chrome/87.0.4280.144 Safari/537.36 Konqueror (WebEnginePart)"
95.162.240.154 - - [22/Mar/2022:13:43:21 +0100] "GET /teaching/nswi177/labs/ HTTP/1.1" 200 9447 "-" "Mozilla/5.0 (Windows NT 10.0; Win64; x64) AppleWebKit/537.36 (KHTML, like Gecko) Chrome/99.0.4844.74 Safari/537.36"
95.162.240.154 - - [22/Mar/2022:13:43:24 +0100] "GET /teaching/nswi177/labs/04/ HTTP/1.1" 200 18204 "-" "Mozilla/5.0 (Windows NT 10.0; Win64; x64) AppleWebKit/537.36 (KHTML, like Gecko) Chrome/99.0.4844.74 Safari/537.36"
131.153.179.157 - - [22/Mar/2022:13:45:26 +0100] "GET /teaching/nswi177/201920/labs/02/ HTTP/1.1" 200 11738 "-" "Mozilla/5.0 (Linux; Android 7.0;) AppleWebKit/537.36 (KHTML, like Gecko) Mobile Safari/537.36 (compatible; PetalBot;+https://webmaster.petalsearch.com/site/petalbot)"
212.147.65.161 - - [22/Mar/2022:13:45:33 +0100] "GET /teaching/nswi177/labs/05/ HTTP/1.1" 200 17979 "-" "Mozilla/5.0 (X11; Linux x86_64) AppleWebKit/537.36 (KHTML, like Gecko) QtWebEngine/5.15.2 Chrome/87.0.4280.144 Safari/537.36 Konqueror (WebEnginePart)"
212.147.65.161 - - [22/Mar/2022:13:47:45 +0100] "GET /teaching/nswi177/labs/05/ HTTP/1.1" 200 17467 "-" "Mozilla/5.0 (X11; Linux x86_64) AppleWebKit/537.36 (KHTML, like Gecko) Chrome/99.0.4844.74 Safari/537.36"
212.147.65.161 - - [22/Mar/2022:13:47:50 +0100] "GET /teaching/nswi177/labs/ HTTP/1.1" 200 9447 "-" "Mozilla/5.0 (X11; Linux x86_64; rv:98.0) Gecko/20100101 Firefox/98.0"
212.147.65.161 - - [22/Mar/2022:13:47:54 +0100] "GET /teaching/nswi177/labs/ HTTP/1.1" 200 9447 "-" "Mozilla/5.0 (X11; Linux x86_64; rv:98.0) Gecko/20100101 Firefox/98.0"
212.147.65.161 - - [22/Mar/2022:13:47:59 +0100] "GET /teaching/nswi177/labs/06/ HTTP/1.1" 200 4776 "-" "Mozilla/5.0 (X11; Linux x86_64; rv:98.0) Gecko/20100101 Firefox/98.0"
212.147.65.161 - - [22/Mar/2022:13:48:00 +0100] "GET /teaching/nswi177/labs/05/ HTTP/1.1" 200 17467 "-" "Mozilla/5.0 (X11; Linux x86_64; rv:98.0) Gecko/20100101 Firefox/98.0"
103.83.284.298 - - [22/Mar/2022:13:55:10 +0100] "GET /teaching/nswi177/ HTTP/1.1" 200 3082 "-" "Mozilla/5.0 (X11; Fedora; Linux x86_64; rv:93.0) Gecko/20100101 Firefox/93.0"
103.83.284.298 - - [22/Mar/2022:13:55:12 +0100] "GET /teaching/nswi177/labs/ HTTP/1.1" 200 2042 "-" "Mozilla/5.0 (X11; Fedora; Linux x86_64; rv:93.0) Gecko/20100101 Firefox/93.0"
103.83.284.298 - - [22/Mar/2022:13:55:13 +0100] "GET /teaching/nswi177/labs/05/ HTTP/1.1" 200 17979 "-" "Mozilla/5.0 (X11; Fedora; Linux x86_64; rv:93.0) Gecko/20100101 Firefox/93.0"
103.83.284.298 - - [22/Mar/2022:13:55:20 +0100] "GET /teaching/nswi177/labs/06/ HTTP/1.1" 200 5288 "-" "Mozilla/5.0 (X11; Fedora; Linux x86_64; rv:93.0) Gecko/20100101 Firefox/93.0"
212.147.65.161 - - [22/Mar/2022:14:02:10 +0100] "GET /teaching/nswi177/labs/ HTTP/1.1" 200 9447 "-" "Mozilla/5.0 (X11; Linux x86_64; rv:98.0) Gecko/20100101 Firefox/98.0"
212.147.65.161 - - [22/Mar/2022:14:02:19 +0100] "GET /teaching/nswi177/labs/05/ HTTP/1.1" 200 24872 "-" "Mozilla/5.0 (X11; Linux x86_64; rv:98.0) Gecko/20100101 Firefox/98.0"
212.147.65.161 - - [22/Mar/2022:14:02:23 +0100] "GET /teaching/nswi177/labs/ HTTP/1.1" 200 2042 "-" "Mozilla/5.0 (X11; Linux x86_64; rv:98.0) Gecko/20100101 Firefox/98.0"
212.147.65.161 - - [22/Mar/2022:14:02:26 +0100] "GET /teaching/nswi177/labs/06/ HTTP/1.1" 200 4776 "-" "Mozilla/5.0 (X11; Linux x86_64; rv:98.0) Gecko/20100101 Firefox/98.0"
210.152.298.274 - - [22/Mar/2022:14:03:03 +0100] "GET /teaching/nswi177/labs/ HTTP/1.1" 200 9447 "-" "Mozilla/5.0 (Macintosh; Intel Mac OS X 10_15_7) AppleWebKit/537.36 (KHTML, like Gecko) Chrome/99.0.4844.74 Safari/537.36"
210.152.298.274 - - [22/Mar/2022:14:03:07 +0100] "GET /teaching/nswi177/labs/06/ HTTP/1.1" 200 4776 "-" "Mozilla/5.0 (Macintosh; Intel Mac OS X 10_15_7) AppleWebKit/537.36 (KHTML, like Gecko) Chrome/99.0.4844.74 Safari/537.36"
212.147.182.321 - - [22/Mar/2022:14:03:19 +0100] "GET /teaching/nswi177/ HTTP/1.0" 200 8863 "-" "Mozilla/5.0 (compatible; heritrix/3.4.0-20210923 +http://webarchiv.cz/kontakty)"
159.166.297.288 - - [22/Mar/2022:14:03:19 +0100] "GET /teaching/nswi177/ HTTP/1.1" 200 10498 "-" "Mozilla/5.0 (compatible; DataForSeoBot/1.0; +https://dataforseo.com/dataforseo-bot)"
212.147.65.161 - - [22/Mar/2022:14:04:46 +0100] "GET /teaching/nswi177/labs/04/ HTTP/1.1" 200 18716 "-" "Mozilla/5.0 (X11; Linux x86_64; rv:98.0) Gecko/20100101 Firefox/98.0"
210.152.298.274 - - [22/Mar/2022:14:05:02 +0100] "GET /teaching/nswi177/labs/05/ HTTP/1.1" 200 17979 "-" "Mozilla/5.0 (Macintosh; Intel Mac OS X 10_15_7) AppleWebKit/537.36 (KHTML, like Gecko) Chrome/99.0.4844.74 Safari/537.36"
95.162.240.154 - - [22/Mar/2022:14:05:05 +0100] "GET /teaching/nswi177/ HTTP/1.1" 200 3082 "-" "Mozilla/5.0 (Macintosh; Intel Mac OS X 10_15_7) AppleWebKit/605.1.15 (KHTML, like Gecko) Version/15.4 Safari/605.1.15"
95.162.240.154 - - [22/Mar/2022:14:05:13 +0100] "GET /teaching/nswi177/guide/ HTTP/1.1" 200 13603 "-" "Mozilla/5.0 (Macintosh; Intel Mac OS X 10_15_7) AppleWebKit/605.1.15 (KHTML, like Gecko) Version/15.4 Safari/605.1.15"
95.162.240.154 - - [22/Mar/2022:14:05:17 +0100] "GET /teaching/nswi177/labs/ HTTP/1.1" 200 2042 "-" "Mozilla/5.0 (Macintosh; Intel Mac OS X 10_15_7) AppleWebKit/605.1.15 (KHTML, like Gecko) Version/15.4 Safari/605.1.15"
95.162.240.154 - - [22/Mar/2022:14:05:18 +0100] "GET /teaching/nswi177/labs/05/ HTTP/1.1" 200 17467 "-" "Mozilla/5.0 (Macintosh; Intel Mac OS X 10_15_7) AppleWebKit/605.1.15 (KHTML, like Gecko) Version/15.4 Safari/605.1.15"
95.162.240.154 - - [22/Mar/2022:14:05:58 +0100] "GET /teaching/nswi177/labs/03/ HTTP/1.1" 200 22899 "-" "Mozilla/5.0 (Macintosh; Intel Mac OS X 10_15_7) AppleWebKit/537.36 (KHTML, like Gecko) Chrome/99.0.4844.51 Safari/537.36"
95.162.240.154 - - [22/Mar/2022:14:06:00 +0100] "GET /teaching/nswi177/labs/ HTTP/1.1" 200 2042 "-" "Mozilla/5.0 (Macintosh; Intel Mac OS X 10_15_7) AppleWebKit/537.36 (KHTML, like Gecko) Chrome/99.0.4844.51 Safari/537.36"
95.162.240.154 - - [22/Mar/2022:14:06:02 +0100] "GET /teaching/nswi177/labs/06/ HTTP/1.1" 200 4776 "-" "Mozilla/5.0 (Macintosh; Intel Mac OS X 10_15_7) AppleWebKit/537.36 (KHTML, like Gecko) Chrome/99.0.4844.51 Safari/537.36"
212.147.65.161 - - [22/Mar/2022:14:07:05 +0100] "GET /teaching/nswi177/labs/05/ HTTP/1.1" 200 17979 "-" "Mozilla/5.0 (X11; Linux x86_64; rv:98.0) Gecko/20100101 Firefox/98.0"
95.162.240.154 - - [22/Mar/2022:14:07:09 +0100] "GET /teaching/nswi177/ HTTP/1.1" 200 10487 "-" "Mozilla/5.0 (X11; Linux x86_64; rv:98.0) Gecko/20100101 Firefox/98.0"
95.162.240.154 - - [22/Mar/2022:14:07:13 +0100] "GET /teaching/nswi177/labs/ HTTP/1.1" 200 2042 "-" "Mozilla/5.0 (X11; Linux x86_64; rv:98.0) Gecko/20100101 Firefox/98.0"
95.162.240.154 - - [22/Mar/2022:14:07:15 +0100] "GET /teaching/nswi177/labs/05/ HTTP/1.1" 200 17467 "-" "Mozilla/5.0 (X11; Linux x86_64; rv:98.0) Gecko/20100101 Firefox/98.0"
95.162.240.154 - - [22/Mar/2022:14:09:33 +0100] "GET /teaching/nswi177/labs/05/ HTTP/1.1" 200 17979 "-" "Mozilla/5.0 (Macintosh; Intel Mac OS X 10_15_7) AppleWebKit/537.36 (KHTML, like Gecko) Chrome/99.0.4844.51 Safari/537.36"
63.169.135.314 - - [22/Mar/2022:14:11:05 +0100] "GET /teaching/nswi177/labs/05/ HTTP/1.1" 200 24872 "-" "Mozilla/5.0 (Linux; Android 9; SM-G950F) AppleWebKit/537.36 (KHTML, like Gecko) Chrome/99.0.4844.73 Mobile Safari/537.36"
63.169.135.314 - - [22/Mar/2022:14:11:40 +0100] "GET /teaching/nswi177/labs/ HTTP/1.1" 200 2554 "-" "Mozilla/5.0 (Linux; Android 9; SM-G950F) AppleWebKit/537.36 (KHTML, like Gecko) Chrome/99.0.4844.73 Mobile Safari/537.36"
63.169.135.314 - - [22/Mar/2022:14:11:44 +0100] "GET /teaching/nswi177/labs/06/ HTTP/1.1" 200 4776 "-" "Mozilla/5.0 (Linux; Android 9; SM-G950F) AppleWebKit/537.36 (KHTML, like Gecko) Chrome/99.0.4844.73 Mobile Safari/537.36"
95.162.240.154 - - [22/Mar/2022:14:17:35 +0100] "GET /teaching/nswi177/guide/ HTTP/1.1" 200 13603 "-" "Mozilla/5.0 (X11; Linux x86_64) AppleWebKit/537.36 (KHTML, like Gecko) Chrome/99.0.4844.83 Safari/537.36"
95.162.240.154 - - [22/Mar/2022:14:17:42 +0100] "GET /teaching/nswi177/labs/ HTTP/1.1" 200 2554 "-" "Mozilla/5.0 (X11; Linux x86_64) AppleWebKit/537.36 (KHTML, like Gecko) Chrome/99.0.4844.83 Safari/537.36"
95.162.240.154 - - [22/Mar/2022:14:17:43 +0100] "GET /teaching/nswi177/labs/05/ HTTP/1.1" 200 17467 "-" "Mozilla/5.0 (X11; Linux x86_64) AppleWebKit/537.36 (KHTML, like Gecko) Chrome/99.0.4844.83 Safari/537.36"
212.147.65.161 - - [22/Mar/2022:14:17:53 +0100] "GET /teaching/nswi177/labs/05/ HTTP/1.1" 200 24872 "-" "Mozilla/5.0 (X11; Linux x86_64) AppleWebKit/537.36 (KHTML, like Gecko) Chrome/99.0.4844.51 Safari/537.36"
57.111.216.136 - - [22/Mar/2022:14:23:12 +0100] "GET /teaching/nswi177/labs/10/ HTTP/1.1" 404 11316 "-" "Mozilla/5.0 (compatible; bingbot/2.0; +http://www.bing.com/bingbot.htm)"
95.162.240.154 - - [22/Mar/2022:14:23:23 +0100] "GET /teaching/nswi177/manpage/ HTTP/1.1" 200 10888 "-" "Mozilla/5.0 (Macintosh; Intel Mac OS X 10_15_7) AppleWebKit/605.1.15 (KHTML, like Gecko) Version/15.2 Safari/605.1.15"
212.147.65.161 - - [22/Mar/2022:14:24:09 +0100] "GET /teaching/nswi177/ HTTP/1.1" 200 10487 "-" "Mozilla/5.0 (X11; Linux x86_64) AppleWebKit/537.36 (KHTML, like Gecko) Chrome/99.0.4844.74 Safari/537.36"
212.147.65.161 - - [22/Mar/2022:14:24:11 +0100] "GET /teaching/nswi177/labs/ HTTP/1.1" 200 2042 "-" "Mozilla/5.0 (X11; Linux x86_64) AppleWebKit/537.36 (KHTML, like Gecko) Chrome/99.0.4844.74 Safari/537.36"
212.147.65.161 - - [22/Mar/2022:14:24:22 +0100] "GET /teaching/nswi177/labs/05/ HTTP/1.1" 200 17979 "-" "Mozilla/5.0 (X11; Linux x86_64) AppleWebKit/537.36 (KHTML, like Gecko) Chrome/99.0.4844.74 Safari/537.36"
212.147.65.161 - - [22/Mar/2022:14:24:33 +0100] "GET /teaching/nswi177/labs/06/ HTTP/1.1" 200 5288 "-" "Mozilla/5.0 (X11; Linux x86_64) AppleWebKit/537.36 (KHTML, like Gecko) Chrome/99.0.4844.74 Safari/537.36"
212.147.65.161 - - [22/Mar/2022:14:24:49 +0100] "GET /teaching/nswi177/labs/05/ HTTP/1.1" 200 17979 "-" "Mozilla/5.0 (X11; Linux x86_64) AppleWebKit/537.36 (KHTML, like Gecko) Chrome/99.0.4844.74 Safari/537.36"
212.147.65.161 - - [22/Mar/2022:14:25:26 +0100] "GET /teaching/nswi177/goals/ HTTP/1.1" 200 3193 "-" "Mozilla/5.0 (X11; Linux x86_64) AppleWebKit/537.36 (KHTML, like Gecko) Chrome/99.0.4844.74 Safari/537.36"
212.147.65.161 - - [22/Mar/2022:14:25:27 +0100] "GET /teaching/nswi177/ HTTP/1.1" 200 3082 "-" "Mozilla/5.0 (X11; Linux x86_64) AppleWebKit/537.36 (KHTML, like Gecko) Chrome/99.0.4844.74 Safari/537.36"
212.147.65.161 - - [22/Mar/2022:14:25:32 +0100] "GET /teaching/nswi177/guide/ HTTP/1.1" 200 6710 "-" "Mozilla/5.0 (X11; Linux x86_64) AppleWebKit/537.36 (KHTML, like Gecko) Chrome/99.0.4844.74 Safari/537.36"
212.147.65.161 - - [22/Mar/2022:14:25:34 +0100] "GET /teaching/nswi177/labs/ HTTP/1.1" 200 2042 "-" "Mozilla/5.0 (X11; Linux x86_64) AppleWebKit/537.36 (KHTML, like Gecko) Chrome/99.0.4844.74 Safari/537.36"
212.147.65.161 - - [22/Mar/2022:14:25:35 +0100] "GET /teaching/nswi177/labs/05/ HTTP/1.1" 200 17467 "-" "Mozilla/5.0 (X11; Linux x86_64) AppleWebKit/537.36 (KHTML, like Gecko) Chrome/99.0.4844.74 Safari/537.36"
195.209.181.175 - - [22/Mar/2022:14:26:47 +0100] "GET /teaching/nswi177/ HTTP/1.1" 200 10487 "-" "Mozilla/5.0 (X11; Fedora; Linux x86_64; rv:98.0) Gecko/20100101 Firefox/98.0"
195.209.181.175 - - [22/Mar/2022:14:26:50 +0100] "GET /teaching/nswi177/labs/ HTTP/1.1" 200 2042 "-" "Mozilla/5.0 (X11; Fedora; Linux x86_64; rv:98.0) Gecko/20100101 Firefox/98.0"
195.209.181.175 - - [22/Mar/2022:14:26:53 +0100] "GET /teaching/nswi177/labs/05/ HTTP/1.1" 200 17467 "-" "Mozilla/5.0 (X11; Fedora; Linux x86_64; rv:98.0) Gecko/20100101 Firefox/98.0"
195.209.181.175 - - [22/Mar/2022:14:26:57 +0100] "GET /teaching/nswi177/labs/06/ HTTP/1.1" 200 4776 "-" "Mozilla/5.0 (X11; Fedora; Linux x86_64; rv:98.0) Gecko/20100101 Firefox/98.0"
212.147.69.195 - - [22/Mar/2022:14:28:35 +0100] "GET /teaching/nswi177/ HTTP/1.1" 200 10487 "-" "Mozilla/5.0 (Windows NT 10.0; Win64; x64; rv:100.0) Gecko/20100101 Firefox/100.0"
212.147.69.195 - - [22/Mar/2022:14:28:38 +0100] "GET /teaching/nswi177/get/ HTTP/1.1" 200 6717 "-" "Mozilla/5.0 (Windows NT 10.0; Win64; x64; rv:100.0) Gecko/20100101 Firefox/100.0"
195.209.181.175 - - [22/Mar/2022:14:29:35 +0100] "GET /teaching/nswi177/labs/06/ HTTP/1.1" 200 5288 "-" "Mozilla/5.0 (X11; Fedora; Linux x86_64; rv:98.0) Gecko/20100101 Firefox/98.0"
95.162.240.154 - - [22/Mar/2022:14:29:48 +0100] "GET /teaching/nswi177/labs/ HTTP/1.1" 200 9447 "-" "Mozilla/5.0 (X11; Linux x86_64; rv:95.0) Gecko/20100101 Firefox/95.0"
95.162.240.154 - - [22/Mar/2022:14:29:50 +0100] "GET /teaching/nswi177/labs/05/ HTTP/1.1" 200 17467 "-" "Mozilla/5.0 (X11; Linux x86_64; rv:95.0) Gecko/20100101 Firefox/95.0"
195.209.181.175 - - [22/Mar/2022:14:30:08 +0100] "GET /teaching/nswi177/labs/05/ HTTP/1.1" 200 17979 "-" "Mozilla/5.0 (X11; Fedora; Linux x86_64; rv:98.0) Gecko/20100101 Firefox/98.0"
95.162.240.154 - - [22/Mar/2022:14:36:10 +0100] "GET /teaching/nswi177/labs/ HTTP/1.1" 200 9447 "-" "Mozilla/5.0 (X11; Linux x86_64) AppleWebKit/537.36 (KHTML, like Gecko) Chrome/99.0.4844.83 Safari/537.36"
95.162.240.154 - - [22/Mar/2022:14:36:11 +0100] "GET /teaching/nswi177/labs/06/ HTTP/1.1" 200 4776 "-" "Mozilla/5.0 (X11; Linux x86_64) AppleWebKit/537.36 (KHTML, like Gecko) Chrome/99.0.4844.83 Safari/537.36"
95.162.240.154 - - [22/Mar/2022:14:36:16 +0100] "GET /teaching/nswi177/labs/06/ HTTP/1.1" 200 4776 "-" "Mozilla/5.0 (X11; Linux x86_64; rv:98.0) Gecko/20100101 Firefox/98.0"
95.162.240.154 - - [22/Mar/2022:14:36:59 +0100] "GET /teaching/nswi177/labs/06/ HTTP/1.1" 200 12181 "-" "Mozilla/5.0 (X11; Linux x86_64; rv:95.0) Gecko/20100101 Firefox/95.0"
212.147.65.111 - - [22/Mar/2022:14:38:52 +0100] "GET /teaching/nswi177/labs/06/ HTTP/1.1" 200 12181 "-" "Mozilla/5.0 (Windows NT 10.0; Win64; x64) AppleWebKit/537.36 (KHTML, like Gecko) Chrome/99.0.4844.74 Safari/537.36"
212.147.65.161 - - [22/Mar/2022:14:39:22 +0100] "GET /teaching/nswi177/labs/ HTTP/1.1" 200 9447 "-" "Mozilla/5.0 (X11; Linux x86_64) AppleWebKit/537.36 (KHTML, like Gecko) Chrome/99.0.4844.51 Safari/537.36"
212.147.65.161 - - [22/Mar/2022:14:39:24 +0100] "GET /teaching/nswi177/labs/06/ HTTP/1.1" 200 4776 "-" "Mozilla/5.0 (X11; Linux x86_64) AppleWebKit/537.36 (KHTML, like Gecko) Chrome/99.0.4844.51 Safari/537.36"
97.284.71.159 - - [22/Mar/2022:14:41:48 +0100] "GET /teaching/nswi177/ HTTP/1.1" 200 10487 "-" "Mozilla/5.0 (Windows NT 10.0; Win64; x64) AppleWebKit/537.36 (KHTML, like Gecko) Chrome/98.0.4758.136 Safari/537.36"
95.162.240.154 - - [22/Mar/2022:14:44:47 +0100] "GET /teaching/nswi177/labs/04/ HTTP/1.1" 200 25609 "-" "Mozilla/5.0 (X11; Linux x86_64; rv:95.0) Gecko/20100101 Firefox/95.0"
212.147.65.161 - - [22/Mar/2022:14:46:31 +0100] "GET /teaching/nswi177/labs/04/ HTTP/1.1" 200 25609 "-" "Mozilla/5.0 (X11; Linux x86_64) AppleWebKit/537.36 (KHTML, like Gecko) QtWebEngine/5.15.2 Chrome/87.0.4280.144 Safari/537.36 Konqueror (WebEnginePart)"
212.147.65.161 - - [22/Mar/2022:14:46:37 +0100] "GET /teaching/nswi177/labs/05/ HTTP/1.1" 200 17467 "-" "Mozilla/5.0 (X11; Linux x86_64) AppleWebKit/537.36 (KHTML, like Gecko) QtWebEngine/5.15.2 Chrome/87.0.4280.144 Safari/537.36 Konqueror (WebEnginePart)"
159.166.297.288 - - [22/Mar/2022:14:48:58 +0100] "GET /teaching/nswi177/ HTTP/1.1" 200 10498 "-" "Mozilla/5.0 (compatible; DataForSeoBot/1.0; +https://dataforseo.com/dataforseo-bot)"
95.162.240.154 - - [22/Mar/2022:14:53:26 +0100] "GET /teaching/nswi177/labs/04/ HTTP/1.1" 200 25609 "-" "Mozilla/5.0 (X11; Linux x86_64; rv:95.0) Gecko/20100101 Firefox/95.0"
95.162.240.154 - - [22/Mar/2022:14:53:33 +0100] "GET /teaching/nswi177/labs/ HTTP/1.1" 200 2554 "-" "Mozilla/5.0 (X11; Linux x86_64; rv:95.0) Gecko/20100101 Firefox/95.0"
95.162.240.154 - - [22/Mar/2022:14:53:36 +0100] "GET /teaching/nswi177/labs/05/ HTTP/1.1" 200 17979 "-" "Mozilla/5.0 (X11; Linux x86_64; rv:95.0) Gecko/20100101 Firefox/95.0"
212.147.65.161 - - [22/Mar/2022:14:54:03 +0100] "GET /teaching/nswi177/labs/05/ HTTP/1.1" 200 24872 "-" "Mozilla/5.0 (X11; Linux x86_64; rv:98.0) Gecko/20100101 Firefox/98.0"
212.147.65.161 - - [22/Mar/2022:14:54:12 +0100] "GET /teaching/nswi177/goals/ HTTP/1.1" 200 3193 "-" "Mozilla/5.0 (X11; Linux x86_64; rv:98.0) Gecko/20100101 Firefox/98.0"
212.147.65.161 - - [22/Mar/2022:14:54:14 +0100] "GET /teaching/nswi177/ HTTP/1.1" 200 3082 "-" "Mozilla/5.0 (X11; Linux x86_64; rv:98.0) Gecko/20100101 Firefox/98.0"
212.147.65.161 - - [22/Mar/2022:14:54:43 +0100] "GET /teaching/nswi177/labs/ HTTP/1.1" 200 2554 "-" "Mozilla/5.0 (X11; Linux x86_64; rv:98.0) Gecko/20100101 Firefox/98.0"
212.147.65.161 - - [22/Mar/2022:14:54:45 +0100] "GET /teaching/nswi177/labs/05/ HTTP/1.1" 200 17467 "-" "Mozilla/5.0 (X11; Linux x86_64; rv:98.0) Gecko/20100101 Firefox/98.0"
212.147.65.161 - - [22/Mar/2022:14:54:48 +0100] "GET /teaching/nswi177/ HTTP/1.1" 200 10487 "-" "Mozilla/5.0 (X11; Linux x86_64) AppleWebKit/537.36 (KHTML, like Gecko) Chrome/99.0.4844.74 Safari/537.36"
212.147.65.161 - - [22/Mar/2022:14:54:57 +0100] "GET /teaching/nswi177/labs/ HTTP/1.1" 200 2554 "-" "Mozilla/5.0 (X11; Linux x86_64) AppleWebKit/537.36 (KHTML, like Gecko) Chrome/99.0.4844.74 Safari/537.36"
212.147.65.161 - - [22/Mar/2022:14:54:58 +0100] "GET /teaching/nswi177/labs/05/ HTTP/1.1" 200 17467 "-" "Mozilla/5.0 (X11; Linux x86_64) AppleWebKit/537.36 (KHTML, like Gecko) Chrome/99.0.4844.74 Safari/537.36"
212.147.70.252 - - [22/Mar/2022:14:55:46 +0100] "GET /teaching/nswi177/202021/labs/06/ HTTP/1.1" 200 25293 "-" "Mozilla/5.0 (X11; Linux x86_64; rv:98.0) Gecko/20100101 Firefox/98.0"
212.147.70.252 - - [22/Mar/2022:14:55:49 +0100] "GET /teaching/nswi177/202021/labs/10/ HTTP/1.1" 200 14714 "-" "Mozilla/5.0 (X11; Linux x86_64; rv:98.0) Gecko/20100101 Firefox/98.0"
95.162.240.154 - - [22/Mar/2022:14:59:45 +0100] "GET /teaching/nswi177/ HTTP/1.1" 200 10487 "-" "Mozilla/5.0 (Windows NT 10.0; Win64; x64) AppleWebKit/537.36 (KHTML, like Gecko) Chrome/99.0.4844.82 Safari/537.36"
95.162.240.154 - - [22/Mar/2022:15:00:11 +0100] "GET /teaching/nswi177/labs/ HTTP/1.1" 200 2554 "-" "Mozilla/5.0 (Windows NT 10.0; Win64; x64) AppleWebKit/537.36 (KHTML, like Gecko) Chrome/99.0.4844.82 Safari/537.36"
95.162.240.154 - - [22/Mar/2022:15:00:14 +0100] "GET /teaching/nswi177/labs/06/ HTTP/1.1" 200 4776 "-" "Mozilla/5.0 (Windows NT 10.0; Win64; x64) AppleWebKit/537.36 (KHTML, like Gecko) Chrome/99.0.4844.82 Safari/537.36"
159.166.297.288 - - [22/Mar/2022:15:08:53 +0100] "GET /teaching/nswi177/manpage/ HTTP/1.1" 200 10899 "-" "Mozilla/5.0 (compatible; DataForSeoBot/1.0; +https://dataforseo.com/dataforseo-bot)"
212.147.70.235 - - [22/Mar/2022:15:09:18 +0100] "GET /teaching/nswi177/labs/ HTTP/1.1" 200 9447 "-" "Mozilla/5.0 (X11; Linux x86_64; rv:98.0) Gecko/20100101 Firefox/98.0"
95.162.240.154 - - [22/Mar/2022:15:10:37 +0100] "GET /teaching/nswi177/labs/ HTTP/1.1" 200 9447 "-" "Mozilla/5.0 (X11; Linux x86_64; rv:95.0) Gecko/20100101 Firefox/95.0"
95.162.240.154 - - [22/Mar/2022:15:10:39 +0100] "GET /teaching/nswi177/labs/06/ HTTP/1.1" 200 4776 "-" "Mozilla/5.0 (X11; Linux x86_64; rv:95.0) Gecko/20100101 Firefox/95.0"
159.166.297.288 - - [22/Mar/2022:15:10:43 +0100] "GET /teaching/nswi177/labs/ HTTP/1.1" 200 9458 "-" "Mozilla/5.0 (compatible; DataForSeoBot/1.0; +https://dataforseo.com/dataforseo-bot)"
159.166.297.288 - - [22/Mar/2022:15:11:23 +0100] "GET /teaching/nswi177/guide/ HTTP/1.1" 200 13614 "-" "Mozilla/5.0 (compatible; DataForSeoBot/1.0; +https://dataforseo.com/dataforseo-bot)"
212.147.65.161 - - [22/Mar/2022:15:11:43 +0100] "GET /teaching/nswi177/labs/06/ HTTP/1.1" 200 12181 "-" "Mozilla/5.0 (X11; Linux x86_64) AppleWebKit/537.36 (KHTML, like Gecko) QtWebEngine/5.15.2 Chrome/87.0.4280.144 Safari/537.36 Konqueror (WebEnginePart)"
212.147.69.205 - - [22/Mar/2022:15:19:27 +0100] "GET /teaching/nswi177/labs/05/ HTTP/1.1" 200 24872 "-" "Mozilla/5.0 (X11; Linux x86_64) AppleWebKit/537.36 (KHTML, like Gecko) QtWebEngine/5.15.2 Chrome/87.0.4280.144 Safari/537.36"
97.284.71.159 - - [22/Mar/2022:15:20:56 +0100] "GET /teaching/nswi177/ HTTP/1.1" 200 10487 "-" "Mozilla/5.0 (X11; Linux x86_64) AppleWebKit/537.36 (KHTML, like Gecko) Chrome/98.0.4758.136 Safari/537.36"
97.284.71.159 - - [22/Mar/2022:15:21:34 +0100] "GET /teaching/nswi177/labs/ HTTP/1.1" 200 2554 "-" "Mozilla/5.0 (X11; Linux x86_64) AppleWebKit/537.36 (KHTML, like Gecko) Chrome/98.0.4758.136 Safari/537.36"
159.166.297.288 - - [22/Mar/2022:15:24:46 +0100] "GET /teaching/nswi177/labs/02/ HTTP/1.1" 200 28205 "-" "Mozilla/5.0 (compatible; DataForSeoBot/1.0; +https://dataforseo.com/dataforseo-bot)"
159.166.297.288 - - [22/Mar/2022:15:25:16 +0100] "GET /teaching/nswi177/labs/04/ HTTP/1.1" 200 25620 "-" "Mozilla/5.0 (compatible; DataForSeoBot/1.0; +https://dataforseo.com/dataforseo-bot)"
111.147.118.275 - - [22/Mar/2022:15:25:30 +0100] "GET /teaching/nswi177/labs/06/ HTTP/1.1" 200 5288 "-" "Mozilla/5.0 (X11; Linux x86_64) AppleWebKit/537.36 (KHTML, like Gecko) Chrome/98.0.4758.102 Safari/537.36"
159.166.297.288 - - [22/Mar/2022:15:25:42 +0100] "GET /teaching/nswi177/labs/05/ HTTP/1.1" 200 24883 "-" "Mozilla/5.0 (compatible; DataForSeoBot/1.0; +https://dataforseo.com/dataforseo-bot)"
111.147.118.275 - - [22/Mar/2022:15:25:45 +0100] "GET /teaching/nswi177/labs/ HTTP/1.1" 200 2554 "-" "Mozilla/5.0 (X11; Linux x86_64) AppleWebKit/537.36 (KHTML, like Gecko) Chrome/98.0.4758.102 Safari/537.36"
159.166.297.288 - - [22/Mar/2022:15:25:46 +0100] "GET /teaching/nswi177/get/ HTTP/1.1" 200 14133 "-" "Mozilla/5.0 (compatible; DataForSeoBot/1.0; +https://dataforseo.com/dataforseo-bot)"
159.166.297.288 - - [22/Mar/2022:15:26:03 +0100] "GET /teaching/nswi177/qa/ HTTP/1.1" 200 12713 "-" "Mozilla/5.0 (compatible; DataForSeoBot/1.0; +https://dataforseo.com/dataforseo-bot)"
159.166.297.288 - - [22/Mar/2022:15:27:09 +0100] "GET /teaching/nswi177/labs/03/ HTTP/1.1" 200 22910 "-" "Mozilla/5.0 (compatible; DataForSeoBot/1.0; +https://dataforseo.com/dataforseo-bot)"
159.166.297.288 - - [22/Mar/2022:15:28:18 +0100] "GET /teaching/nswi177/labs/06/ HTTP/1.1" 200 12192 "-" "Mozilla/5.0 (compatible; DataForSeoBot/1.0; +https://dataforseo.com/dataforseo-bot)"
212.147.70.251 - - [22/Mar/2022:15:28:24 +0100] "GET /teaching/nswi177/202021/labs/06/ HTTP/1.1" 200 25293 "-" "Mozilla/5.0 (X11; Linux x86_64; rv:98.0) Gecko/20100101 Firefox/98.0"
212.147.70.251 - - [22/Mar/2022:15:28:27 +0100] "GET /teaching/nswi177/202021/labs/10/ HTTP/1.1" 200 14714 "-" "Mozilla/5.0 (X11; Linux x86_64; rv:98.0) Gecko/20100101 Firefox/98.0"
159.166.297.288 - - [22/Mar/2022:15:28:59 +0100] "GET /teaching/nswi177/labs/01/ HTTP/1.1" 200 20296 "-" "Mozilla/5.0 (compatible; DataForSeoBot/1.0; +https://dataforseo.com/dataforseo-bot)"
159.166.297.288 - - [22/Mar/2022:15:29:26 +0100] "GET /teaching/nswi177/201920/ HTTP/1.1" 200 11504 "-" "Mozilla/5.0 (compatible; DataForSeoBot/1.0; +https://dataforseo.com/dataforseo-bot)"
159.166.297.288 - - [22/Mar/2022:15:30:30 +0100] "GET /teaching/nswi177/202021/ HTTP/1.1" 200 10977 "-" "Mozilla/5.0 (compatible; DataForSeoBot/1.0; +https://dataforseo.com/dataforseo-bot)"
159.166.297.288 - - [22/Mar/2022:15:30:34 +0100] "GET /teaching/nswi177/goals/ HTTP/1.1" 200 10097 "-" "Mozilla/5.0 (compatible; DataForSeoBot/1.0; +https://dataforseo.com/dataforseo-bot)"
159.166.297.288 - - [22/Mar/2022:15:41:01 +0100] "GET /teaching/nswi177/202021/qa/ HTTP/1.1" 200 13241 "-" "Mozilla/5.0 (compatible; DataForSeoBot/1.0; +https://dataforseo.com/dataforseo-bot)"
159.166.297.288 - - [22/Mar/2022:15:41:08 +0100] "GET /teaching/nswi177/201920/tasks/ HTTP/1.1" 200 10298 "-" "Mozilla/5.0 (compatible; DataForSeoBot/1.0; +https://dataforseo.com/dataforseo-bot)"
159.166.297.288 - - [22/Mar/2022:15:41:23 +0100] "GET /teaching/nswi177/202021/manpages/ HTTP/1.1" 200 10907 "-" "Mozilla/5.0 (compatible; DataForSeoBot/1.0; +https://dataforseo.com/dataforseo-bot)"
159.166.297.288 - - [22/Mar/2022:15:41:27 +0100] "GET /teaching/nswi177/202021/dualboot/ HTTP/1.1" 200 14763 "-" "Mozilla/5.0 (compatible; DataForSeoBot/1.0; +https://dataforseo.com/dataforseo-bot)"
159.166.297.288 - - [22/Mar/2022:15:41:43 +0100] "GET /teaching/nswi177/202021/usbdisk/ HTTP/1.1" 200 18229 "-" "Mozilla/5.0 (compatible; DataForSeoBot/1.0; +https://dataforseo.com/dataforseo-bot)"
159.166.297.288 - - [22/Mar/2022:15:41:48 +0100] "GET /teaching/nswi177/202021/labs/ HTTP/1.1" 200 10538 "-" "Mozilla/5.0 (compatible; DataForSeoBot/1.0; +https://dataforseo.com/dataforseo-bot)"
159.166.297.288 - - [22/Mar/2022:15:41:52 +0100] "GET /teaching/nswi177/201920/resources/ HTTP/1.1" 200 9731 "-" "Mozilla/5.0 (compatible; DataForSeoBot/1.0; +https://dataforseo.com/dataforseo-bot)"
159.166.297.288 - - [22/Mar/2022:15:41:56 +0100] "GET /teaching/nswi177/202021/goals/ HTTP/1.1" 200 10181 "-" "Mozilla/5.0 (compatible; DataForSeoBot/1.0; +https://dataforseo.com/dataforseo-bot)"
159.166.297.288 - - [22/Mar/2022:15:42:03 +0100] "GET /teaching/nswi177/201920/installation/ HTTP/1.1" 200 11824 "-" "Mozilla/5.0 (compatible; DataForSeoBot/1.0; +https://dataforseo.com/dataforseo-bot)"
159.166.297.288 - - [22/Mar/2022:15:42:08 +0100] "GET /teaching/nswi177/202021/grading/ HTTP/1.1" 200 15646 "-" "Mozilla/5.0 (compatible; DataForSeoBot/1.0; +https://dataforseo.com/dataforseo-bot)"
159.166.297.288 - - [22/Mar/2022:15:42:31 +0100] "GET /teaching/nswi177/202021/labs/12/ HTTP/1.1" 200 20196 "-" "Mozilla/5.0 (compatible; DataForSeoBot/1.0; +https://dataforseo.com/dataforseo-bot)"
159.166.297.288 - - [22/Mar/2022:15:42:36 +0100] "GET /teaching/nswi177/202021/labs/06/ HTTP/1.1" 200 25304 "-" "Mozilla/5.0 (compatible; DataForSeoBot/1.0; +https://dataforseo.com/dataforseo-bot)"
159.166.297.288 - - [22/Mar/2022:15:42:40 +0100] "GET /teaching/nswi177/202021/labs/03/ HTTP/1.1" 200 20863 "-" "Mozilla/5.0 (compatible; DataForSeoBot/1.0; +https://dataforseo.com/dataforseo-bot)"
159.166.297.288 - - [22/Mar/2022:15:42:51 +0100] "GET /teaching/nswi177/201920/lectures/ HTTP/1.1" 200 9390 "-" "Mozilla/5.0 (compatible; DataForSeoBot/1.0; +https://dataforseo.com/dataforseo-bot)"
159.166.297.288 - - [22/Mar/2022:15:43:04 +0100] "GET /teaching/nswi177/labs/01/%7B%7Brelref%20%22../qa.md%22%7D%7D HTTP/1.1" 404 11198 "-" "Mozilla/5.0 (compatible; DataForSeoBot/1.0; +https://dataforseo.com/dataforseo-bot)"
159.166.297.288 - - [22/Mar/2022:15:43:21 +0100] "GET /teaching/nswi177/201920/labs/ HTTP/1.1" 200 9612 "-" "Mozilla/5.0 (compatible; DataForSeoBot/1.0; +https://dataforseo.com/dataforseo-bot)"
159.166.297.288 - - [22/Mar/2022:15:44:05 +0100] "GET /teaching/nswi177/201920/manpages/ HTTP/1.1" 200 10953 "-" "Mozilla/5.0 (compatible; DataForSeoBot/1.0; +https://dataforseo.com/dataforseo-bot)"
159.166.297.288 - - [22/Mar/2022:15:44:10 +0100] "GET /teaching/nswi177/202021/resources/ HTTP/1.1" 200 10366 "-" "Mozilla/5.0 (compatible; DataForSeoBot/1.0; +https://dataforseo.com/dataforseo-bot)"
159.166.297.288 - - [22/Mar/2022:15:44:18 +0100] "GET /teaching/nswi177/202021/labs/10/ HTTP/1.1" 200 22130 "-" "Mozilla/5.0 (compatible; DataForSeoBot/1.0; +https://dataforseo.com/dataforseo-bot)"
159.166.297.288 - - [22/Mar/2022:15:44:31 +0100] "GET /teaching/nswi177/202021/labs/01/ HTTP/1.1" 200 16546 "-" "Mozilla/5.0 (compatible; DataForSeoBot/1.0; +https://dataforseo.com/dataforseo-bot)"
159.166.297.288 - - [22/Mar/2022:15:44:35 +0100] "GET /teaching/nswi177/202021/labs/13/ HTTP/1.1" 200 23896 "-" "Mozilla/5.0 (compatible; DataForSeoBot/1.0; +https://dataforseo.com/dataforseo-bot)"
159.166.297.288 - - [22/Mar/2022:15:44:44 +0100] "GET /teaching/nswi177/202021/contact/ HTTP/1.1" 200 10772 "-" "Mozilla/5.0 (compatible; DataForSeoBot/1.0; +https://dataforseo.com/dataforseo-bot)"
83.283.122.347 - - [22/Mar/2022:15:52:28 +0100] "GET /teaching/nswi177/201920/labs/05/ HTTP/1.1" 200 9979 "-" "Mozilla/5.0 (Linux; Android 6.0.1; Nexus 5X Build/MMB29P) AppleWebKit/537.36 (KHTML, like Gecko) Chrome/99.0.4844.74 Mobile Safari/537.36 (compatible; Googlebot/2.1; +http://www.google.com/bot.html)"
159.166.297.288 - - [22/Mar/2022:15:53:29 +0100] "GET /teaching/nswi177/ HTTP/1.1" 200 10498 "-" "Mozilla/5.0 (compatible; DataForSeoBot/1.0; +https://dataforseo.com/dataforseo-bot)"
159.166.297.288 - - [22/Mar/2022:15:53:42 +0100] "GET /teaching/nswi177/201920/ HTTP/1.1" 200 11504 "-" "Mozilla/5.0 (compatible; DataForSeoBot/1.0; +https://dataforseo.com/dataforseo-bot)"
131.153.179.165 - - [22/Mar/2022:15:56:49 +0100] "GET /teaching/nswi177/202021/goals/ HTTP/1.1" 200 10134 "-" "Mozilla/5.0 (Linux; Android 7.0;) AppleWebKit/537.36 (KHTML, like Gecko) Mobile Safari/537.36 (compatible; PetalBot;+https://webmaster.petalsearch.com/site/petalbot)"
159.166.297.288 - - [22/Mar/2022:16:02:38 +0100] "GET /teaching/nswi177/201920/labs/06/ HTTP/1.1" 200 14772 "-" "Mozilla/5.0 (compatible; DataForSeoBot/1.0; +https://dataforseo.com/dataforseo-bot)"
159.166.297.288 - - [22/Mar/2022:16:02:45 +0100] "GET /teaching/nswi177/202021/labs/11/ HTTP/1.1" 200 22397 "-" "Mozilla/5.0 (compatible; DataForSeoBot/1.0; +https://dataforseo.com/dataforseo-bot)"
159.166.297.288 - - [22/Mar/2022:16:02:48 +0100] "GET /teaching/nswi177/202021/labs/05/ HTTP/1.1" 200 32846 "-" "Mozilla/5.0 (compatible; DataForSeoBot/1.0; +https://dataforseo.com/dataforseo-bot)"
159.166.297.288 - - [22/Mar/2022:16:02:52 +0100] "GET /teaching/nswi177/202021/labs/08/ HTTP/1.1" 200 26958 "-" "Mozilla/5.0 (compatible; DataForSeoBot/1.0; +https://dataforseo.com/dataforseo-bot)"
159.166.297.288 - - [22/Mar/2022:16:02:56 +0100] "GET /teaching/nswi177/201920/tasks/07/ HTTP/1.1" 200 12847 "-" "Mozilla/5.0 (compatible; DataForSeoBot/1.0; +https://dataforseo.com/dataforseo-bot)"
159.166.297.288 - - [22/Mar/2022:16:03:01 +0100] "GET /teaching/nswi177/201920/tasks/06/ HTTP/1.1" 200 14631 "-" "Mozilla/5.0 (compatible; DataForSeoBot/1.0; +https://dataforseo.com/dataforseo-bot)"
159.166.297.288 - - [22/Mar/2022:16:03:06 +0100] "GET /teaching/nswi177/201920/tasks/01/ HTTP/1.1" 200 10730 "-" "Mozilla/5.0 (compatible; DataForSeoBot/1.0; +https://dataforseo.com/dataforseo-bot)"
159.166.297.288 - - [22/Mar/2022:16:03:12 +0100] "GET /teaching/nswi177/201920/labs/11/ HTTP/1.1" 200 16716 "-" "Mozilla/5.0 (compatible; DataForSeoBot/1.0; +https://dataforseo.com/dataforseo-bot)"
159.166.297.288 - - [22/Mar/2022:16:03:17 +0100] "GET /teaching/nswi177/201920/tasks/02/ HTTP/1.1" 200 15031 "-" "Mozilla/5.0 (compatible; DataForSeoBot/1.0; +https://dataforseo.com/dataforseo-bot)"
159.166.297.288 - - [22/Mar/2022:16:03:29 +0100] "GET /teaching/nswi177/202021/labs/02/ HTTP/1.1" 200 26266 "-" "Mozilla/5.0 (compatible; DataForSeoBot/1.0; +https://dataforseo.com/dataforseo-bot)"
159.166.297.288 - - [22/Mar/2022:16:03:33 +0100] "GET /teaching/nswi177/201920/labs/12/ HTTP/1.1" 200 20126 "-" "Mozilla/5.0 (compatible; DataForSeoBot/1.0; +https://dataforseo.com/dataforseo-bot)"
159.166.297.288 - - [22/Mar/2022:16:03:37 +0100] "GET /teaching/nswi177/201920/labs/04/ HTTP/1.1" 200 13792 "-" "Mozilla/5.0 (compatible; DataForSeoBot/1.0; +https://dataforseo.com/dataforseo-bot)"
159.166.297.288 - - [22/Mar/2022:16:03:42 +0100] "GET /teaching/nswi177/202021/labs/04/ HTTP/1.1" 200 26176 "-" "Mozilla/5.0 (compatible; DataForSeoBot/1.0; +https://dataforseo.com/dataforseo-bot)"
159.166.297.288 - - [22/Mar/2022:16:03:52 +0100] "GET /teaching/nswi177/201920/labs/07/ HTTP/1.1" 200 12365 "-" "Mozilla/5.0 (compatible; DataForSeoBot/1.0; +https://dataforseo.com/dataforseo-bot)"
159.166.297.288 - - [22/Mar/2022:16:03:55 +0100] "GET /teaching/nswi177/202021/labs/networking/ HTTP/1.1" 200 14010 "-" "Mozilla/5.0 (compatible; DataForSeoBot/1.0; +https://dataforseo.com/dataforseo-bot)"
159.166.297.288 - - [22/Mar/2022:16:04:01 +0100] "GET /teaching/nswi177/201920/labs/02/ HTTP/1.1" 200 11785 "-" "Mozilla/5.0 (compatible; DataForSeoBot/1.0; +https://dataforseo.com/dataforseo-bot)"
159.166.297.288 - - [22/Mar/2022:16:04:04 +0100] "GET /teaching/nswi177/201920/tasks/04/ HTTP/1.1" 200 14522 "-" "Mozilla/5.0 (compatible; DataForSeoBot/1.0; +https://dataforseo.com/dataforseo-bot)"
159.166.297.288 - - [22/Mar/2022:16:04:13 +0100] "GET /teaching/nswi177/201920/labs/03/ HTTP/1.1" 200 11949 "-" "Mozilla/5.0 (compatible; DataForSeoBot/1.0; +https://dataforseo.com/dataforseo-bot)"
159.166.297.288 - - [22/Mar/2022:16:04:26 +0100] "GET /teaching/nswi177/201920/tasks/03/ HTTP/1.1" 200 17555 "-" "Mozilla/5.0 (compatible; DataForSeoBot/1.0; +https://dataforseo.com/dataforseo-bot)"
159.166.297.288 - - [22/Mar/2022:16:04:35 +0100] "GET /teaching/nswi177/201920/labs/05/ HTTP/1.1" 200 10037 "-" "Mozilla/5.0 (compatible; DataForSeoBot/1.0; +https://dataforseo.com/dataforseo-bot)"
159.166.297.288 - - [22/Mar/2022:16:04:39 +0100] "GET /teaching/nswi177/202021/labs/09/ HTTP/1.1" 200 19062 "-" "Mozilla/5.0 (compatible; DataForSeoBot/1.0; +https://dataforseo.com/dataforseo-bot)"
159.166.297.288 - - [22/Mar/2022:16:04:43 +0100] "GET /teaching/nswi177/201920/labs/08/ HTTP/1.1" 200 13018 "-" "Mozilla/5.0 (compatible; DataForSeoBot/1.0; +https://dataforseo.com/dataforseo-bot)"
159.166.297.288 - - [22/Mar/2022:16:04:47 +0100] "GET /teaching/nswi177/202021/labs/14/ HTTP/1.1" 200 18585 "-" "Mozilla/5.0 (compatible; DataForSeoBot/1.0; +https://dataforseo.com/dataforseo-bot)"
159.166.297.288 - - [22/Mar/2022:16:04:52 +0100] "GET /teaching/nswi177/201920/tasks/05/ HTTP/1.1" 200 18307 "-" "Mozilla/5.0 (compatible; DataForSeoBot/1.0; +https://dataforseo.com/dataforseo-bot)"
159.166.297.288 - - [22/Mar/2022:16:04:55 +0100] "GET /teaching/nswi177/201920/labs/01/ HTTP/1.1" 200 10266 "-" "Mozilla/5.0 (compatible; DataForSeoBot/1.0; +https://dataforseo.com/dataforseo-bot)"
159.166.297.288 - - [22/Mar/2022:16:05:04 +0100] "GET /teaching/nswi177/201920/labs/10/ HTTP/1.1" 200 15874 "-" "Mozilla/5.0 (compatible; DataForSeoBot/1.0; +https://dataforseo.com/dataforseo-bot)"
159.166.297.288 - - [22/Mar/2022:16:05:08 +0100] "GET /teaching/nswi177/202021/labs/resubmission/ HTTP/1.1" 200 12878 "-" "Mozilla/5.0 (compatible; DataForSeoBot/1.0; +https://dataforseo.com/dataforseo-bot)"
159.166.297.288 - - [22/Mar/2022:16:05:12 +0100] "GET /teaching/nswi177/202021/labs/07/ HTTP/1.1" 200 29260 "-" "Mozilla/5.0 (compatible; DataForSeoBot/1.0; +https://dataforseo.com/dataforseo-bot)"
159.166.297.288 - - [22/Mar/2022:16:05:20 +0100] "GET /teaching/nswi177/201920/labs/09/ HTTP/1.1" 200 14832 "-" "Mozilla/5.0 (compatible; DataForSeoBot/1.0; +https://dataforseo.com/dataforseo-bot)"
131.153.179.160 - - [22/Mar/2022:16:13:25 +0100] "GET /teaching/nswi177/201920/labs/10 HTTP/1.1" 301 8023 "-" "Mozilla/5.0 (Linux; Android 7.0;) AppleWebKit/537.36 (KHTML, like Gecko) Mobile Safari/537.36 (compatible; PetalBot;+https://webmaster.petalsearch.com/site/petalbot)"
131.153.179.160 - - [22/Mar/2022:16:13:26 +0100] "GET /teaching/nswi177/201920/labs/10/ HTTP/1.1" 200 15827 "-" "Mozilla/5.0 (Linux; Android 7.0;) AppleWebKit/537.36 (KHTML, like Gecko) Mobile Safari/537.36 (compatible; PetalBot;+https://webmaster.petalsearch.com/site/petalbot)"
212.147.70.253 - - [22/Mar/2022:16:19:48 +0100] "GET /teaching/nswi177/202021/labs/06/ HTTP/1.1" 200 25293 "-" "Mozilla/5.0 (X11; Linux x86_64; rv:98.0) Gecko/20100101 Firefox/98.0"
212.147.70.253 - - [22/Mar/2022:16:19:51 +0100] "GET /teaching/nswi177/202021/labs/10/ HTTP/1.1" 200 14714 "-" "Mozilla/5.0 (X11; Linux x86_64; rv:98.0) Gecko/20100101 Firefox/98.0"
159.166.297.288 - - [22/Mar/2022:16:21:00 +0100] "GET /teaching/nswi177/labs/04/ HTTP/1.1" 200 25620 "-" "Mozilla/5.0 (compatible; DataForSeoBot/1.0; +https://dataforseo.com/dataforseo-bot)"
83.283.122.345 - - [22/Mar/2022:16:34:51 +0100] "GET /teaching/nswi177/201920/labs/05/ HTTP/1.1" 200 9979 "-" "Mozilla/5.0 (compatible; Googlebot/2.1; +http://www.google.com/bot.html)"
95.162.240.154 - - [22/Mar/2022:16:51:56 +0100] "GET /teaching/nswi177/labs/06/ HTTP/1.1" 200 12181 "-" "Mozilla/5.0 (Windows NT 10.0; Win64; x64) AppleWebKit/537.36 (KHTML, like Gecko) Chrome/99.0.4844.82 Safari/537.36"
202.258.161.153 - - [22/Mar/2022:16:58:58 +0100] "GET /teaching/nswi177/labs/ HTTP/1.1" 200 9447 "-" "Mozilla/5.0 (X11; Ubuntu; Linux x86_64; rv:98.0) Gecko/20100101 Firefox/98.0"
202.258.161.153 - - [22/Mar/2022:16:59:00 +0100] "GET /teaching/nswi177/labs/06/ HTTP/1.1" 200 4776 "-" "Mozilla/5.0 (X11; Ubuntu; Linux x86_64; rv:98.0) Gecko/20100101 Firefox/98.0"
212.147.69.195 - - [22/Mar/2022:17:04:03 +0100] "GET /teaching/nswi177/ HTTP/1.1" 200 10487 "-" "Mozilla/5.0 (X11; Fedora; Linux x86_64; rv:98.0) Gecko/20100101 Firefox/98.0"
212.147.69.195 - - [22/Mar/2022:17:04:05 +0100] "GET /teaching/nswi177/guide/ HTTP/1.1" 200 6198 "-" "Mozilla/5.0 (X11; Fedora; Linux x86_64; rv:98.0) Gecko/20100101 Firefox/98.0"
212.147.69.195 - - [22/Mar/2022:17:04:07 +0100] "GET /teaching/nswi177/goals/ HTTP/1.1" 200 2681 "-" "Mozilla/5.0 (X11; Fedora; Linux x86_64; rv:98.0) Gecko/20100101 Firefox/98.0"
212.147.69.195 - - [22/Mar/2022:17:04:08 +0100] "GET /teaching/nswi177/labs/ HTTP/1.1" 200 2042 "-" "Mozilla/5.0 (X11; Fedora; Linux x86_64; rv:98.0) Gecko/20100101 Firefox/98.0"
212.147.69.195 - - [22/Mar/2022:17:04:09 +0100] "GET /teaching/nswi177/labs/06/ HTTP/1.1" 200 4776 "-" "Mozilla/5.0 (X11; Fedora; Linux x86_64; rv:98.0) Gecko/20100101 Firefox/98.0"
212.147.69.195 - - [22/Mar/2022:17:04:26 +0100] "GET /teaching/nswi177/labs/03/ HTTP/1.1" 200 16006 "-" "Mozilla/5.0 (X11; Fedora; Linux x86_64; rv:98.0) Gecko/20100101 Firefox/98.0"
212.147.69.195 - - [22/Mar/2022:17:04:48 +0100] "GET /teaching/nswi177/labs/2021 HTTP/1.1" 404 4294 "-" "Mozilla/5.0 (X11; Fedora; Linux x86_64; rv:98.0) Gecko/20100101 Firefox/98.0"
212.147.69.195 - - [22/Mar/2022:17:04:52 +0100] "GET /teaching/nswi177/manpage/ HTTP/1.1" 200 3483 "-" "Mozilla/5.0 (X11; Fedora; Linux x86_64; rv:98.0) Gecko/20100101 Firefox/98.0"
71.70.197.297 - - [22/Mar/2022:17:10:54 +0100] "GET /teaching/nswi177/202021/labs/resubmission/ HTTP/1.1" 200 12859 "-" "Mozilla/5.0 (compatible; AhrefsBot/7.0; +http://ahrefs.com/robot/)"
211.262.108.229 - - [22/Mar/2022:17:18:23 +0100] "GET /teaching/nswi177/ HTTP/1.1" 200 10487 "-" "Mozilla/5.0 (X11; Linux x86_64) AppleWebKit/537.36 (KHTML, like Gecko) Chrome/99.0.4844.51 Safari/537.36"
211.262.108.229 - - [22/Mar/2022:17:23:36 +0100] "GET /teaching/nswi177/ HTTP/1.1" 200 10487 "-" "Mozilla/5.0 (X11; Linux x86_64) AppleWebKit/537.36 (KHTML, like Gecko) Chrome/99.0.4844.51 Safari/537.36"
63.169.75.177 - - [22/Mar/2022:17:27:58 +0100] "GET /teaching/nswi177/ HTTP/1.1" 200 10487 "-" "Mozilla/5.0 (Linux; Android 10; K) AppleWebKit/537.36 (KHTML, like Gecko) Chrome/97.0.0.0 Mobile Safari/537.36"
95.162.240.145 - - [22/Mar/2022:17:28:00 +0100] "GET /teaching/nswi177/labs/ HTTP/1.1" 200 2554 "-" "Mozilla/5.0 (Linux; Android 10; K) AppleWebKit/537.36 (KHTML, like Gecko) Chrome/97.0.0.0 Mobile Safari/537.36"
71.70.197.297 - - [22/Mar/2022:17:32:05 +0100] "GET /teaching/nswi177/202021/resources/ HTTP/1.1" 200 10347 "-" "Mozilla/5.0 (compatible; AhrefsBot/7.0; +http://ahrefs.com/robot/)"
212.147.69.195 - - [22/Mar/2022:17:39:28 +0100] "GET /teaching/nswi177/ HTTP/1.1" 200 10487 "-" "Mozilla/5.0 (X11; Fedora; Linux x86_64; rv:98.0) Gecko/20100101 Firefox/98.0"
212.147.69.195 - - [22/Mar/2022:17:39:31 +0100] "GET /teaching/nswi177/labs/ HTTP/1.1" 200 2042 "-" "Mozilla/5.0 (X11; Fedora; Linux x86_64; rv:98.0) Gecko/20100101 Firefox/98.0"
